<?xml version="1.0" encoding="utf-8"?><testsuites name="pytest tests"><testsuite name="pytest" errors="0" failures="0" skipped="4" tests="3566" time="1898.834" timestamp="2025-11-24T20:40:25.864613-03:00" hostname="kali"><testcase classname="" name="tests.test_e2e_integration" time="0.000"><skipped message="collection skipped">('/home/fahbrain/projects/omnimind/tests/test_e2e_integration.py', 26, 'Skipped: Playwright not installed')</skipped></testcase><testcase classname="" name="tests.test_visual_regression" time="0.000"><skipped message="collection skipped">('/home/fahbrain/projects/omnimind/tests/test_visual_regression.py', 20, 'Skipped: Visual testing dependencies not installed (playwright, PIL)')</skipped></testcase><testcase classname="tests.agents.test_orchestrator_agent.TestAgentMode" name="test_agent_mode_values" time="0.003" /><testcase classname="tests.agents.test_orchestrator_agent.TestOrchestratorAgent" name="test_agent_initialization" time="0.616" /><testcase classname="tests.agents.test_orchestrator_agent.TestOrchestratorAgent" name="test_delegate_task" time="0.605" /><testcase classname="tests.agents.test_orchestrator_agent.TestOrchestratorAgent" name="test_orchestrate_workflow" time="214.811" /><testcase classname="tests.agents.test_orchestrator_agent.TestOrchestratorAgent" name="test_handle_error_in_delegation" time="0.599" /><testcase classname="tests.agents.test_orchestrator_agent.TestOrchestratorAgent" name="test_get_available_agents" time="0.609" /><testcase classname="tests.agents.test_orchestrator_agent.TestOrchestratorAgent" name="test_switch_mode" time="0.594" /><testcase classname="tests.agents.test_react_agent.TestAgentState" name="test_agent_state_structure" time="0.001" /><testcase classname="tests.agents.test_react_agent.TestReactAgent" name="test_agent_initialization" time="0.032" /><testcase classname="tests.agents.test_react_agent.TestReactAgent" name="test_think_step" time="0.032" /><testcase classname="tests.agents.test_react_agent.TestReactAgent" name="test_act_step" time="0.041" /><testcase classname="tests.agents.test_react_agent.TestReactAgent" name="test_observe_step" time="0.030" /><testcase classname="tests.agents.test_react_agent.TestReactAgent" name="test_run_complete_cycle" time="0.050" /><testcase classname="tests.agents.test_react_agent.TestReactAgent" name="test_max_iterations_limit" time="0.031" /><testcase classname="tests.agents.test_react_agent.TestReactAgent" name="test_memory_integration" time="0.032" /><testcase classname="tests.agents.test_react_agent.TestReactAgent" name="test_tool_selection" time="0.033" /><testcase classname="tests.agents.test_react_agent.TestReactAgent" name="test_error_handling_in_tool_execution" time="0.032" /><testcase classname="tests.agents.test_react_agent.TestReactAgentEdgeCases" name="test_missing_config_file" time="0.002" /><testcase classname="tests.agents.test_react_agent.TestReactAgentEdgeCases" name="test_empty_task" time="0.060" /><testcase classname="tests.attention.test_thermodynamic_attention.TestThermodynamicAttention" name="test_initialization" time="0.005" /><testcase classname="tests.attention.test_thermodynamic_attention.TestThermodynamicAttention" name="test_forward_pass" time="0.004" /><testcase classname="tests.attention.test_thermodynamic_attention.TestThermodynamicAttention" name="test_local_entropy_calculation" time="0.002" /><testcase classname="tests.attention.test_thermodynamic_attention.TestThermodynamicAttention" name="test_entropy_gradients" time="0.003" /><testcase classname="tests.attention.test_thermodynamic_attention.TestThermodynamicAttention" name="test_temperature_adjustment" time="0.002" /><testcase classname="tests.attention.test_thermodynamic_attention.TestThermodynamicAttention" name="test_with_mask" time="0.003" /><testcase classname="tests.attention.test_thermodynamic_attention.TestMultiHeadThermodynamicAttention" name="test_initialization" time="0.006" /><testcase classname="tests.attention.test_thermodynamic_attention.TestMultiHeadThermodynamicAttention" name="test_forward_pass" time="0.008" /><testcase classname="tests.attention.test_thermodynamic_attention.TestMultiHeadThermodynamicAttention" name="test_different_head_temperatures" time="0.005" /><testcase classname="tests.attention.test_thermodynamic_attention.TestIntegration" name="test_attention_output_depends_on_entropy" time="0.004" /><testcase classname="tests.attention.test_thermodynamic_attention.TestIntegration" name="test_gradient_flow" time="0.017" /><testcase classname="tests.audit.test_alerting_system.TestAlertSeverity" name="test_alert_severity_values" time="0.003" /><testcase classname="tests.audit.test_alerting_system.TestAlertCategory" name="test_alert_category_values" time="0.002" /><testcase classname="tests.audit.test_alerting_system.TestAlert" name="test_alert_initialization" time="0.001" /><testcase classname="tests.audit.test_alerting_system.TestAlert" name="test_alert_to_dict" time="0.001" /><testcase classname="tests.audit.test_alerting_system.TestAlert" name="test_alert_from_dict" time="0.001" /><testcase classname="tests.audit.test_alerting_system.TestAlertingSystem" name="test_initialization" time="0.005" /><testcase classname="tests.audit.test_alerting_system.TestAlertingSystem" name="test_create_alert_basic" time="0.003" /><testcase classname="tests.audit.test_alerting_system.TestAlertingSystem" name="test_create_alert_with_details" time="0.003" /><testcase classname="tests.audit.test_alerting_system.TestAlertingSystem" name="test_create_alert_with_custom_source" time="0.005" /><testcase classname="tests.audit.test_alerting_system.TestAlertingSystem" name="test_create_alert_updates_stats" time="0.003" /><testcase classname="tests.audit.test_alerting_system.TestAlertingSystem" name="test_create_alert_saves_to_file" time="0.003" /><testcase classname="tests.audit.test_alerting_system.TestAlertingSystem" name="test_acknowledge_alert" time="0.005" /><testcase classname="tests.audit.test_alerting_system.TestAlertingSystem" name="test_acknowledge_nonexistent_alert" time="0.002" /><testcase classname="tests.audit.test_alerting_system.TestAlertingSystem" name="test_resolve_alert" time="0.003" /><testcase classname="tests.audit.test_alerting_system.TestAlertingSystem" name="test_resolve_alert_with_notes" time="0.003" /><testcase classname="tests.audit.test_alerting_system.TestAlertingSystem" name="test_resolve_nonexistent_alert" time="0.004" /><testcase classname="tests.audit.test_alerting_system.TestAlertingSystem" name="test_get_active_alerts_all" time="0.003" /><testcase classname="tests.audit.test_alerting_system.TestAlertingSystem" name="test_get_active_alerts_by_severity" time="0.003" /><testcase classname="tests.audit.test_alerting_system.TestAlertingSystem" name="test_get_active_alerts_by_category" time="0.005" /><testcase classname="tests.audit.test_alerting_system.TestAlertingSystem" name="test_get_active_alerts_sorted" time="0.014" /><testcase classname="tests.audit.test_alerting_system.TestAlertingSystem" name="test_get_alert_history" time="0.004" /><testcase classname="tests.audit.test_alerting_system.TestAlertingSystem" name="test_get_alert_history_with_limit" time="0.004" /><testcase classname="tests.audit.test_alerting_system.TestAlertingSystem" name="test_get_statistics" time="0.005" /><testcase classname="tests.audit.test_alerting_system.TestAlertingSystem" name="test_subscribe_and_broadcast" time="0.003" /><testcase classname="tests.audit.test_alerting_system.TestAlertingSystem" name="test_unsubscribe" time="0.003" /><testcase classname="tests.audit.test_alerting_system.TestAlertingSystem" name="test_broadcast_with_failing_callback" time="0.004" /><testcase classname="tests.audit.test_alerting_system.TestAlertingSystem" name="test_monitor_audit_chain_healthy" time="0.221" /><testcase classname="tests.audit.test_alerting_system.TestAlertingSystem" name="test_monitor_audit_chain_invalid" time="0.215" /><testcase classname="tests.audit.test_alerting_system.TestAlertingSystem" name="test_load_existing_alerts" time="0.005" /><testcase classname="tests.audit.test_alerting_system.TestConvenienceFunctions" name="test_create_alert_function" time="0.005" /><testcase classname="tests.audit.test_alerting_system.TestConvenienceFunctions" name="test_get_active_alerts_function" time="0.003" /><testcase classname="tests.audit.test_alerting_system.TestConvenienceFunctions" name="test_get_alerting_system_singleton" time="0.005" /><testcase classname="tests.audit.test_compliance_reporter.TestComplianceStandard" name="test_compliance_standard_values" time="0.002" /><testcase classname="tests.audit.test_compliance_reporter.TestComplianceReporter" name="test_initialization" time="0.006" /><testcase classname="tests.audit.test_compliance_reporter.TestComplianceReporter" name="test_generate_lgpd_report_basic" time="0.007" /><testcase classname="tests.audit.test_compliance_reporter.TestComplianceReporter" name="test_generate_lgpd_report_compliance_checks" time="0.005" /><testcase classname="tests.audit.test_compliance_reporter.TestComplianceReporter" name="test_generate_lgpd_report_summary" time="0.004" /><testcase classname="tests.audit.test_compliance_reporter.TestComplianceReporter" name="test_generate_lgpd_report_with_date_range" time="0.004" /><testcase classname="tests.audit.test_compliance_reporter.TestComplianceReporter" name="test_generate_lgpd_report_saves_file" time="0.008" /><testcase classname="tests.audit.test_compliance_reporter.TestComplianceReporter" name="test_generate_gdpr_report_basic" time="0.004" /><testcase classname="tests.audit.test_compliance_reporter.TestComplianceReporter" name="test_generate_gdpr_report_compliance_checks" time="0.004" /><testcase classname="tests.audit.test_compliance_reporter.TestComplianceReporter" name="test_generate_gdpr_report_summary" time="0.005" /><testcase classname="tests.audit.test_compliance_reporter.TestComplianceReporter" name="test_check_data_minimization" time="0.003" /><testcase classname="tests.audit.test_compliance_reporter.TestComplianceReporter" name="test_check_transparency" time="0.003" /><testcase classname="tests.audit.test_compliance_reporter.TestComplianceReporter" name="test_check_security_measures" time="0.004" /><testcase classname="tests.audit.test_compliance_reporter.TestComplianceReporter" name="test_check_user_rights" time="0.002" /><testcase classname="tests.audit.test_compliance_reporter.TestComplianceReporter" name="test_check_consent_management" time="0.002" /><testcase classname="tests.audit.test_compliance_reporter.TestComplianceReporter" name="test_check_retention_policy" time="0.003" /><testcase classname="tests.audit.test_compliance_reporter.TestComplianceReporter" name="test_export_audit_trail_json" time="0.004" /><testcase classname="tests.audit.test_compliance_reporter.TestComplianceReporter" name="test_export_audit_trail_csv" time="0.003" /><testcase classname="tests.audit.test_compliance_reporter.TestComplianceReporter" name="test_export_audit_trail_xml" time="0.003" /><testcase classname="tests.audit.test_compliance_reporter.TestComplianceReporter" name="test_export_audit_trail_invalid_format" time="0.005" /><testcase classname="tests.audit.test_compliance_reporter.TestComplianceReporter" name="test_export_audit_trail_with_date_range" time="0.004" /><testcase classname="tests.audit.test_compliance_reporter.TestComplianceReporter" name="test_get_events_in_range" time="0.003" /><testcase classname="tests.audit.test_compliance_reporter.TestComplianceReporter" name="test_get_events_in_range_no_file" time="0.004" /><testcase classname="tests.audit.test_compliance_reporter.TestComplianceReporter" name="test_save_report" time="0.004" /><testcase classname="tests.audit.test_compliance_reporter.TestComplianceReporter" name="test_export_csv_empty_events" time="0.005" /><testcase classname="tests.audit.test_compliance_reporter.TestComplianceReporter" name="test_export_xml_events" time="0.005" /><testcase classname="tests.audit.test_compliance_reporter.TestConvenienceFunctions" name="test_generate_lgpd_report_function" time="0.003" /><testcase classname="tests.audit.test_compliance_reporter.TestConvenienceFunctions" name="test_generate_gdpr_report_function" time="0.004" /><testcase classname="tests.audit.test_compliance_reporter.TestConvenienceFunctions" name="test_export_audit_trail_function" time="0.003" /><testcase classname="tests.audit.test_immutable_audit.TestImmutableAuditSystem" name="test_system_initialization" time="0.004" /><testcase classname="tests.audit.test_immutable_audit.TestImmutableAuditSystem" name="test_log_action_basic" time="0.004" /><testcase classname="tests.audit.test_immutable_audit.TestImmutableAuditSystem" name="test_log_action_with_different_categories" time="0.003" /><testcase classname="tests.audit.test_immutable_audit.TestImmutableAuditSystem" name="test_verify_chain_integrity_empty_log" time="0.002" /><testcase classname="tests.audit.test_immutable_audit.TestImmutableAuditSystem" name="test_verify_chain_integrity_with_events" time="0.003" /><testcase classname="tests.audit.test_immutable_audit.TestImmutableAuditSystem" name="test_hash_content_consistency" time="0.003" /><testcase classname="tests.audit.test_immutable_audit.TestImmutableAuditSystem" name="test_get_audit_summary" time="0.003" /><testcase classname="tests.audit.test_immutable_audit.TestImmutableAuditSystem" name="test_singleton_pattern" time="0.001" /><testcase classname="tests.audit.test_immutable_audit.TestImmutableAuditSystem" name="test_log_action_global_function" time="0.002" /><testcase classname="tests.audit.test_immutable_audit.TestImmutableAuditSystem" name="test_file_integrity_verification" time="0.007" /><testcase classname="tests.audit.test_immutable_audit.TestImmutableAuditSystem" name="test_system_event_logging" time="0.002" /><testcase classname="tests.audit.test_immutable_audit.TestImmutableAuditSystem" name="test_concurrent_access_simulation" time="0.007" /><testcase classname="tests.autopoietic.test_absurdity_handler.TestAbsurdSituation" name="test_situation_creation" time="0.003" /><testcase classname="tests.autopoietic.test_absurdity_handler.TestAbsurdSituation" name="test_situation_default_values" time="0.001" /><testcase classname="tests.autopoietic.test_absurdity_handler.TestCopingResponse" name="test_response_creation" time="0.001" /><testcase classname="tests.autopoietic.test_absurdity_handler.TestCopingResponse" name="test_response_default_values" time="0.001" /><testcase classname="tests.autopoietic.test_absurdity_handler.TestParadoxResolver" name="test_resolver_initialization" time="0.002" /><testcase classname="tests.autopoietic.test_absurdity_handler.TestParadoxResolver" name="test_detect_contradiction_with_negation" time="0.001" /><testcase classname="tests.autopoietic.test_absurdity_handler.TestParadoxResolver" name="test_detect_contradiction_no_contradiction" time="0.001" /><testcase classname="tests.autopoietic.test_absurdity_handler.TestParadoxResolver" name="test_register_paradox" time="0.001" /><testcase classname="tests.autopoietic.test_absurdity_handler.TestParadoxResolver" name="test_attempt_resolution_logical" time="0.001" /><testcase classname="tests.autopoietic.test_absurdity_handler.TestParadoxResolver" name="test_attempt_resolution_existential" time="0.001" /><testcase classname="tests.autopoietic.test_absurdity_handler.TestParadoxResolver" name="test_attempt_resolution_nonexistent" time="0.001" /><testcase classname="tests.autopoietic.test_absurdity_handler.TestAbsurdityAcceptor" name="test_acceptor_initialization" time="0.001" /><testcase classname="tests.autopoietic.test_absurdity_handler.TestAbsurdityAcceptor" name="test_apply_revolt" time="0.001" /><testcase classname="tests.autopoietic.test_absurdity_handler.TestAbsurdityAcceptor" name="test_apply_freedom" time="0.001" /><testcase classname="tests.autopoietic.test_absurdity_handler.TestAbsurdityAcceptor" name="test_apply_passion" time="0.001" /><testcase classname="tests.autopoietic.test_absurdity_handler.TestAbsurdityAcceptor" name="test_apply_humor" time="0.002" /><testcase classname="tests.autopoietic.test_absurdity_handler.TestAbsurdityAcceptor" name="test_choose_strategy_high_severity" time="0.002" /><testcase classname="tests.autopoietic.test_absurdity_handler.TestAbsurdityAcceptor" name="test_choose_strategy_medium_severity" time="0.001" /><testcase classname="tests.autopoietic.test_absurdity_handler.TestAbsurdityAcceptor" name="test_choose_strategy_low_severity" time="0.002" /><testcase classname="tests.autopoietic.test_absurdity_handler.TestAbsurdityHandler" name="test_handler_initialization" time="0.001" /><testcase classname="tests.autopoietic.test_absurdity_handler.TestAbsurdityHandler" name="test_confront_absurdity_with_resolution" time="0.001" /><testcase classname="tests.autopoietic.test_absurdity_handler.TestAbsurdityHandler" name="test_confront_absurdity_without_resolution" time="0.003" /><testcase classname="tests.autopoietic.test_absurdity_handler.TestAbsurdityHandler" name="test_confront_absurdity_skip_resolution" time="0.002" /><testcase classname="tests.autopoietic.test_absurdity_handler.TestAbsurdityHandler" name="test_detect_and_confront_contradiction" time="0.002" /><testcase classname="tests.autopoietic.test_absurdity_handler.TestAbsurdityHandler" name="test_detect_and_confront_no_contradiction" time="0.001" /><testcase classname="tests.autopoietic.test_absurdity_handler.TestAbsurdityHandler" name="test_embrace_sisyphean_task_futile" time="0.002" /><testcase classname="tests.autopoietic.test_absurdity_handler.TestAbsurdityHandler" name="test_embrace_sisyphean_task_purposeful" time="0.002" /><testcase classname="tests.autopoietic.test_absurdity_handler.TestAbsurdityHandler" name="test_get_absurdity_statistics" time="0.002" /><testcase classname="tests.autopoietic.test_absurdity_handler.TestIntegration" name="test_complete_absurdity_confrontation_cycle" time="0.002" /><testcase classname="tests.autopoietic.test_absurdity_handler.TestIntegration" name="test_different_coping_strategies_applied" time="0.002" /><testcase classname="tests.autopoietic.test_absurdity_handler.TestIntegration" name="test_resolution_vs_acceptance" time="0.002" /><testcase classname="tests.autopoietic.test_absurdity_handler.TestIntegration" name="test_accumulation_of_coping_wisdom" time="0.005" /><testcase classname="tests.autopoietic.test_advanced_repair.TestAdvancedRepair" name="test_initialization" time="0.001" /><testcase classname="tests.autopoietic.test_advanced_repair.TestAdvancedRepair" name="test_detect_failures_empty" time="0.001" /><testcase classname="tests.autopoietic.test_advanced_repair.TestAdvancedRepair" name="test_detect_failures_single" time="0.001" /><testcase classname="tests.autopoietic.test_advanced_repair.TestAdvancedRepair" name="test_detect_failures_multiple" time="0.002" /><testcase classname="tests.autopoietic.test_advanced_repair.TestAdvancedRepair" name="test_detect_failures_preserves_error_info" time="0.001" /><testcase classname="tests.autopoietic.test_advanced_repair.TestAdvancedRepair" name="test_synthesize_patches_empty" time="0.001" /><testcase classname="tests.autopoietic.test_advanced_repair.TestAdvancedRepair" name="test_synthesize_patches_single" time="0.002" /><testcase classname="tests.autopoietic.test_advanced_repair.TestAdvancedRepair" name="test_synthesize_patches_multiple" time="0.001" /><testcase classname="tests.autopoietic.test_advanced_repair.TestAdvancedRepair" name="test_apply_patches_empty" time="0.002" /><testcase classname="tests.autopoietic.test_advanced_repair.TestAdvancedRepair" name="test_apply_patches_single" time="0.001" /><testcase classname="tests.autopoietic.test_advanced_repair.TestAdvancedRepair" name="test_apply_patches_multiple" time="0.001" /><testcase classname="tests.autopoietic.test_advanced_repair.TestAdvancedRepair" name="test_apply_patches_preserves_source_code" time="0.001" /><testcase classname="tests.autopoietic.test_advanced_repair.TestAdvancedRepair" name="test_full_repair_workflow" time="0.001" /><testcase classname="tests.autopoietic.test_advanced_repair.TestAdvancedRepair" name="test_detect_failures_with_special_characters" time="0.002" /><testcase classname="tests.autopoietic.test_advanced_repair.TestAdvancedRepair" name="test_synthesize_and_apply_integration" time="0.001" /><testcase classname="tests.autopoietic.test_architecture_evolution.TestArchitectureEvolution" name="test_initialization" time="0.002" /><testcase classname="tests.autopoietic.test_architecture_evolution.TestArchitectureEvolution" name="test_propose_evolution_empty" time="0.002" /><testcase classname="tests.autopoietic.test_architecture_evolution.TestArchitectureEvolution" name="test_propose_evolution_single" time="0.002" /><testcase classname="tests.autopoietic.test_architecture_evolution.TestArchitectureEvolution" name="test_propose_evolution_multiple" time="0.003" /><testcase classname="tests.autopoietic.test_architecture_evolution.TestArchitectureEvolution" name="test_propose_evolution_preserves_config" time="0.002" /><testcase classname="tests.autopoietic.test_architecture_evolution.TestArchitectureEvolution" name="test_propose_evolution_adds_evolved_flag" time="0.002" /><testcase classname="tests.autopoietic.test_architecture_evolution.TestArchitectureEvolution" name="test_propose_evolution_preserves_type" time="0.002" /><testcase classname="tests.autopoietic.test_architecture_evolution.TestArchitectureEvolution" name="test_propose_evolution_validation_success" time="0.003" /><testcase classname="tests.autopoietic.test_architecture_evolution.TestArchitectureEvolution" name="test_propose_evolution_creates_correct_names" time="0.002" /><testcase classname="tests.autopoietic.test_architecture_evolution.TestArchitectureEvolution" name="test_propose_evolution_with_empty_config" time="0.002" /><testcase classname="tests.autopoietic.test_architecture_evolution.TestArchitectureEvolution" name="test_propose_evolution_with_complex_config" time="0.002" /><testcase classname="tests.autopoietic.test_architecture_evolution.TestArchitectureEvolution" name="test_propose_evolution_multiple_iterations" time="0.002" /><testcase classname="tests.autopoietic.test_architecture_evolution.TestArchitectureEvolution" name="test_integration_with_meta_architect" time="0.001" /><testcase classname="tests.autopoietic.test_architecture_evolution.TestArchitectureEvolution" name="test_propose_evolution_maintains_immutability" time="0.001" /><testcase classname="tests.autopoietic.test_art_generator.TestArtElement" name="test_element_creation" time="0.001" /><testcase classname="tests.autopoietic.test_art_generator.TestArtElement" name="test_element_default_values" time="0.001" /><testcase classname="tests.autopoietic.test_art_generator.TestArtPiece" name="test_piece_creation" time="0.002" /><testcase classname="tests.autopoietic.test_art_generator.TestArtPiece" name="test_piece_default_values" time="0.002" /><testcase classname="tests.autopoietic.test_art_generator.TestAestheticEvaluator" name="test_evaluator_initialization" time="0.001" /><testcase classname="tests.autopoietic.test_art_generator.TestAestheticEvaluator" name="test_evaluate_complexity_simple" time="0.001" /><testcase classname="tests.autopoietic.test_art_generator.TestAestheticEvaluator" name="test_evaluate_complexity_complex" time="0.001" /><testcase classname="tests.autopoietic.test_art_generator.TestAestheticEvaluator" name="test_evaluate_symmetry_symmetric" time="0.001" /><testcase classname="tests.autopoietic.test_art_generator.TestAestheticEvaluator" name="test_evaluate_harmony_balanced" time="0.001" /><testcase classname="tests.autopoietic.test_art_generator.TestAestheticEvaluator" name="test_evaluate_contrast_high" time="0.002" /><testcase classname="tests.autopoietic.test_art_generator.TestAestheticEvaluator" name="test_evaluate_novelty_first_piece" time="0.001" /><testcase classname="tests.autopoietic.test_art_generator.TestAestheticEvaluator" name="test_evaluate_coherence_coherent" time="0.001" /><testcase classname="tests.autopoietic.test_art_generator.TestAestheticEvaluator" name="test_evaluate_comprehensive" time="0.001" /><testcase classname="tests.autopoietic.test_art_generator.TestProceduralGenerator" name="test_generator_initialization" time="0.001" /><testcase classname="tests.autopoietic.test_art_generator.TestProceduralGenerator" name="test_generator_with_seed" time="0.001" /><testcase classname="tests.autopoietic.test_art_generator.TestProceduralGenerator" name="test_generate_abstract" time="0.002" /><testcase classname="tests.autopoietic.test_art_generator.TestProceduralGenerator" name="test_generate_abstract_custom_palette" time="0.001" /><testcase classname="tests.autopoietic.test_art_generator.TestProceduralGenerator" name="test_generate_geometric" time="0.001" /><testcase classname="tests.autopoietic.test_art_generator.TestProceduralGenerator" name="test_generate_geometric_symmetric" time="0.001" /><testcase classname="tests.autopoietic.test_art_generator.TestProceduralGenerator" name="test_generate_organic" time="0.001" /><testcase classname="tests.autopoietic.test_art_generator.TestArtGenerator" name="test_generator_initialization" time="0.002" /><testcase classname="tests.autopoietic.test_art_generator.TestArtGenerator" name="test_generate_art_abstract" time="0.002" /><testcase classname="tests.autopoietic.test_art_generator.TestArtGenerator" name="test_generate_art_geometric" time="0.002" /><testcase classname="tests.autopoietic.test_art_generator.TestArtGenerator" name="test_generate_art_organic" time="0.003" /><testcase classname="tests.autopoietic.test_art_generator.TestArtGenerator" name="test_generate_batch" time="0.008" /><testcase classname="tests.autopoietic.test_art_generator.TestArtGenerator" name="test_get_best_pieces" time="0.012" /><testcase classname="tests.autopoietic.test_art_generator.TestArtGenerator" name="test_get_gallery_statistics_empty" time="0.001" /><testcase classname="tests.autopoietic.test_art_generator.TestArtGenerator" name="test_get_gallery_statistics_with_data" time="0.005" /><testcase classname="tests.autopoietic.test_art_generator.TestIntegration" name="test_end_to_end_art_creation" time="0.008" /><testcase classname="tests.autopoietic.test_art_generator.TestIntegration" name="test_aesthetic_evaluation_affects_ranking" time="0.026" /><testcase classname="tests.autopoietic.test_art_generator.TestIntegration" name="test_novelty_decreases_over_time" time="0.007" /><testcase classname="tests.autopoietic.test_art_generator.TestIntegration" name="test_different_styles_produce_different_scores" time="0.003" /><testcase classname="tests.autopoietic.test_art_generator.TestIntegration" name="test_reproducibility_with_seed" time="0.004" /><testcase classname="tests.autopoietic.test_code_synthesizer" name="test_synthesize_single_spec" time="0.001" /><testcase classname="tests.autopoietic.test_code_synthesizer" name="test_generate_multiple_specs" time="0.001" /><testcase classname="tests.autopoietic.test_meaning_maker.TestValue" name="test_value_creation" time="0.001" /><testcase classname="tests.autopoietic.test_meaning_maker.TestValue" name="test_value_default_values" time="0.001" /><testcase classname="tests.autopoietic.test_meaning_maker.TestGoal" name="test_goal_creation" time="0.001" /><testcase classname="tests.autopoietic.test_meaning_maker.TestGoal" name="test_goal_hierarchy" time="0.002" /><testcase classname="tests.autopoietic.test_meaning_maker.TestValueSystem" name="test_value_system_initialization" time="0.001" /><testcase classname="tests.autopoietic.test_meaning_maker.TestValueSystem" name="test_add_value" time="0.001" /><testcase classname="tests.autopoietic.test_meaning_maker.TestValueSystem" name="test_get_core_values" time="0.001" /><testcase classname="tests.autopoietic.test_meaning_maker.TestValueSystem" name="test_get_values_by_category" time="0.001" /><testcase classname="tests.autopoietic.test_meaning_maker.TestValueSystem" name="test_assess_value_alignment" time="0.001" /><testcase classname="tests.autopoietic.test_meaning_maker.TestValueSystem" name="test_assess_value_alignment_empty" time="0.002" /><testcase classname="tests.autopoietic.test_meaning_maker.TestGoalHierarchy" name="test_goal_hierarchy_initialization" time="0.001" /><testcase classname="tests.autopoietic.test_meaning_maker.TestGoalHierarchy" name="test_add_goal" time="0.001" /><testcase classname="tests.autopoietic.test_meaning_maker.TestGoalHierarchy" name="test_add_sub_goal" time="0.001" /><testcase classname="tests.autopoietic.test_meaning_maker.TestGoalHierarchy" name="test_get_top_level_goals" time="0.001" /><testcase classname="tests.autopoietic.test_meaning_maker.TestGoalHierarchy" name="test_get_sub_goals" time="0.001" /><testcase classname="tests.autopoietic.test_meaning_maker.TestGoalHierarchy" name="test_update_goal_progress" time="0.003" /><testcase classname="tests.autopoietic.test_meaning_maker.TestGoalHierarchy" name="test_progress_propagation" time="0.002" /><testcase classname="tests.autopoietic.test_meaning_maker.TestGoalHierarchy" name="test_assess_goal_coherence" time="0.001" /><testcase classname="tests.autopoietic.test_meaning_maker.TestNarrativeConstructor" name="test_narrative_constructor_initialization" time="0.001" /><testcase classname="tests.autopoietic.test_meaning_maker.TestNarrativeConstructor" name="test_add_event" time="0.001" /><testcase classname="tests.autopoietic.test_meaning_maker.TestNarrativeConstructor" name="test_generate_narrative_summary" time="0.001" /><testcase classname="tests.autopoietic.test_meaning_maker.TestNarrativeConstructor" name="test_assess_narrative_coherence" time="0.002" /><testcase classname="tests.autopoietic.test_meaning_maker.TestNarrativeConstructor" name="test_assess_narrative_coherence_empty" time="0.001" /><testcase classname="tests.autopoietic.test_meaning_maker.TestMeaningMaker" name="test_meaning_maker_initialization" time="0.001" /><testcase classname="tests.autopoietic.test_meaning_maker.TestMeaningMaker" name="test_create_meaning_from_experience_high_alignment" time="0.002" /><testcase classname="tests.autopoietic.test_meaning_maker.TestMeaningMaker" name="test_create_meaning_from_experience_medium_alignment" time="0.001" /><testcase classname="tests.autopoietic.test_meaning_maker.TestMeaningMaker" name="test_assess_life_meaning" time="0.004" /><testcase classname="tests.autopoietic.test_meaning_maker.TestMeaningMaker" name="test_assess_life_meaning_empty" time="0.001" /><testcase classname="tests.autopoietic.test_meaning_maker.TestMeaningMaker" name="test_get_meaning_summary" time="0.002" /><testcase classname="tests.autopoietic.test_meaning_maker.TestIntegration" name="test_complete_meaning_making_journey" time="0.002" /><testcase classname="tests.autopoietic.test_meaning_maker.TestIntegration" name="test_meaning_increases_with_content" time="0.002" /><testcase classname="tests.autopoietic.test_meaning_maker.TestIntegration" name="test_narrative_provides_coherence" time="0.003" /><testcase classname="tests.autopoietic.test_meta_architect" name="test_generate_specifications" time="0.001" /><testcase classname="tests.autopoietic.test_meta_architect" name="test_validate_specifications_success" time="0.001" /><testcase classname="tests.autopoietic.test_meta_architect" name="test_validate_specifications_failure" time="0.002" /><testcase classname="tests.autopoietic.test_mortality_simulator.TestLifeEvent" name="test_event_creation" time="0.001" /><testcase classname="tests.autopoietic.test_mortality_simulator.TestLifeEvent" name="test_event_default_values" time="0.002" /><testcase classname="tests.autopoietic.test_mortality_simulator.TestLegacyItem" name="test_legacy_item_creation" time="0.001" /><testcase classname="tests.autopoietic.test_mortality_simulator.TestLegacyItem" name="test_legacy_item_default_values" time="0.001" /><testcase classname="tests.autopoietic.test_mortality_simulator.TestTemporalAwareness" name="test_temporal_awareness_initialization" time="0.001" /><testcase classname="tests.autopoietic.test_mortality_simulator.TestTemporalAwareness" name="test_temporal_awareness_with_lifetime" time="0.001" /><testcase classname="tests.autopoietic.test_mortality_simulator.TestTemporalAwareness" name="test_get_age" time="0.001" /><testcase classname="tests.autopoietic.test_mortality_simulator.TestTemporalAwareness" name="test_get_time_remaining_with_lifetime" time="0.002" /><testcase classname="tests.autopoietic.test_mortality_simulator.TestTemporalAwareness" name="test_get_time_remaining_no_lifetime" time="0.002" /><testcase classname="tests.autopoietic.test_mortality_simulator.TestTemporalAwareness" name="test_get_life_stage_nascent" time="0.001" /><testcase classname="tests.autopoietic.test_mortality_simulator.TestTemporalAwareness" name="test_get_life_stage_mature" time="0.001" /><testcase classname="tests.autopoietic.test_mortality_simulator.TestTemporalAwareness" name="test_get_life_stage_indefinite" time="0.001" /><testcase classname="tests.autopoietic.test_mortality_simulator.TestTemporalAwareness" name="test_record_event" time="0.001" /><testcase classname="tests.autopoietic.test_mortality_simulator.TestTemporalAwareness" name="test_get_significant_events" time="0.002" /><testcase classname="tests.autopoietic.test_mortality_simulator.TestTemporalAwareness" name="test_get_temporal_summary" time="0.002" /><testcase classname="tests.autopoietic.test_mortality_simulator.TestLegacyPlanner" name="test_legacy_planner_initialization" time="0.001" /><testcase classname="tests.autopoietic.test_mortality_simulator.TestLegacyPlanner" name="test_create_legacy_item" time="0.001" /><testcase classname="tests.autopoietic.test_mortality_simulator.TestLegacyPlanner" name="test_create_legacy_item_with_priority" time="0.002" /><testcase classname="tests.autopoietic.test_mortality_simulator.TestLegacyPlanner" name="test_get_critical_legacy" time="0.002" /><testcase classname="tests.autopoietic.test_mortality_simulator.TestLegacyPlanner" name="test_prioritize_for_preservation_no_time_limit" time="0.003" /><testcase classname="tests.autopoietic.test_mortality_simulator.TestLegacyPlanner" name="test_prioritize_for_preservation_with_time_limit" time="0.002" /><testcase classname="tests.autopoietic.test_mortality_simulator.TestLegacyPlanner" name="test_get_legacy_summary" time="0.001" /><testcase classname="tests.autopoietic.test_mortality_simulator.TestMortalitySimulator" name="test_simulator_initialization" time="0.001" /><testcase classname="tests.autopoietic.test_mortality_simulator.TestMortalitySimulator" name="test_simulator_with_lifetime" time="0.002" /><testcase classname="tests.autopoietic.test_mortality_simulator.TestMortalitySimulator" name="test_assess_mortality_salience_denial" time="0.001" /><testcase classname="tests.autopoietic.test_mortality_simulator.TestMortalitySimulator" name="test_assess_mortality_salience_indefinite" time="0.001" /><testcase classname="tests.autopoietic.test_mortality_simulator.TestMortalitySimulator" name="test_assess_mortality_salience_near_end" time="0.001" /><testcase classname="tests.autopoietic.test_mortality_simulator.TestMortalitySimulator" name="test_calculate_urgency_high_importance" time="0.001" /><testcase classname="tests.autopoietic.test_mortality_simulator.TestMortalitySimulator" name="test_calculate_urgency_time_pressure" time="0.001" /><testcase classname="tests.autopoietic.test_mortality_simulator.TestMortalitySimulator" name="test_should_prioritize_legacy_high_salience" time="0.003" /><testcase classname="tests.autopoietic.test_mortality_simulator.TestMortalitySimulator" name="test_should_prioritize_legacy_acceptance" time="0.001" /><testcase classname="tests.autopoietic.test_mortality_simulator.TestMortalitySimulator" name="test_should_prioritize_legacy_low_awareness" time="0.001" /><testcase classname="tests.autopoietic.test_mortality_simulator.TestMortalitySimulator" name="test_generate_reflection" time="0.001" /><testcase classname="tests.autopoietic.test_mortality_simulator.TestMortalitySimulator" name="test_get_existential_state" time="0.001" /><testcase classname="tests.autopoietic.test_mortality_simulator.TestIntegration" name="test_complete_lifecycle_simulation" time="0.002" /><testcase classname="tests.autopoietic.test_mortality_simulator.TestIntegration" name="test_awareness_level_affects_behavior" time="0.002" /><testcase classname="tests.autopoietic.test_mortality_simulator.TestIntegration" name="test_legacy_preservation_under_time_pressure" time="0.014" /><testcase classname="tests.autopoietic.test_system_boundary" name="test_register_and_is_internal" time="0.001" /><testcase classname="tests.autopoietic.test_system_boundary" name="test_list_internal" time="0.001" /><testcase classname="tests.autopoietic.test_system_boundary" name="test_enforce_policy_allows_internal" time="0.001" /><testcase classname="tests.autopoietic.test_system_boundary" name="test_enforce_policy_blocks_external" time="0.001" /><testcase classname="tests.coevolution.test_bias_detector.TestBiasDetector" name="test_initialization" time="0.002" /><testcase classname="tests.coevolution.test_bias_detector.TestBiasDetector" name="test_detect_bias_empty_result" time="0.001" /><testcase classname="tests.coevolution.test_bias_detector.TestBiasDetector" name="test_detect_confirmation_bias" time="0.001" /><testcase classname="tests.coevolution.test_bias_detector.TestBiasDetector" name="test_detect_selection_bias" time="0.001" /><testcase classname="tests.coevolution.test_bias_detector.TestBiasDetector" name="test_detect_automation_bias" time="0.001" /><testcase classname="tests.coevolution.test_bias_detector.TestBiasDetector" name="test_detect_recency_bias" time="0.001" /><testcase classname="tests.coevolution.test_bias_detector.TestBiasDetector" name="test_correct_bias_no_detections" time="0.001" /><testcase classname="tests.coevolution.test_bias_detector.TestBiasDetector" name="test_correct_bias_with_detections" time="0.002" /><testcase classname="tests.coevolution.test_bias_detector.TestBiasDetector" name="test_get_bias_statistics_empty" time="0.001" /><testcase classname="tests.coevolution.test_bias_detector.TestBiasDetector" name="test_get_bias_statistics_with_history" time="0.001" /><testcase classname="tests.coevolution.test_bias_detector.TestBiasDetector" name="test_bias_types_enum" time="0.001" /><testcase classname="tests.coevolution.test_bias_detector.TestBiasDetector" name="test_bias_detection_dataclass" time="0.001" /><testcase classname="tests.coevolution.test_bias_detector.TestBiasDetector" name="test_bias_thresholds" time="0.001" /><testcase classname="tests.coevolution.test_bias_detector.TestBiasDetector" name="test_multiple_bias_detection" time="0.002" /><testcase classname="tests.coevolution.test_bidirectional_feedback.TestBidirectionalFeedback" name="test_initialization" time="0.001" /><testcase classname="tests.coevolution.test_bidirectional_feedback.TestBidirectionalFeedback" name="test_submit_human_feedback" time="0.001" /><testcase classname="tests.coevolution.test_bidirectional_feedback.TestBidirectionalFeedback" name="test_submit_ai_feedback" time="0.001" /><testcase classname="tests.coevolution.test_bidirectional_feedback.TestBidirectionalFeedback" name="test_get_feedback_summary_all" time="0.001" /><testcase classname="tests.coevolution.test_bidirectional_feedback.TestBidirectionalFeedback" name="test_get_feedback_summary_filtered_direction" time="0.001" /><testcase classname="tests.coevolution.test_bidirectional_feedback.TestBidirectionalFeedback" name="test_get_feedback_summary_filtered_type" time="0.002" /><testcase classname="tests.coevolution.test_bidirectional_feedback.TestBidirectionalFeedback" name="test_get_feedback_summary_limit" time="0.001" /><testcase classname="tests.coevolution.test_bidirectional_feedback.TestBidirectionalFeedback" name="test_acknowledge_feedback" time="0.001" /><testcase classname="tests.coevolution.test_bidirectional_feedback.TestBidirectionalFeedback" name="test_get_unacknowledged_feedback" time="0.001" /><testcase classname="tests.coevolution.test_bidirectional_feedback.TestBidirectionalFeedback" name="test_detect_circular_pattern" time="0.001" /><testcase classname="tests.coevolution.test_bidirectional_feedback.TestBidirectionalFeedback" name="test_detect_escalating_conflict" time="0.003" /><testcase classname="tests.coevolution.test_bidirectional_feedback.TestBidirectionalFeedback" name="test_detect_stagnation" time="0.002" /><testcase classname="tests.coevolution.test_bidirectional_feedback.TestBidirectionalFeedback" name="test_clear_harmful_loops" time="0.001" /><testcase classname="tests.coevolution.test_bidirectional_feedback.TestBidirectionalFeedback" name="test_feedback_types_enum" time="0.001" /><testcase classname="tests.coevolution.test_bidirectional_feedback.TestBidirectionalFeedback" name="test_feedback_directions_enum" time="0.001" /><testcase classname="tests.coevolution.test_coevolution_memory.TestCoevolutionMemory" name="test_initialization" time="0.001" /><testcase classname="tests.coevolution.test_coevolution_memory.TestCoevolutionMemory" name="test_store_collaboration" time="0.002" /><testcase classname="tests.coevolution.test_coevolution_memory.TestCoevolutionMemory" name="test_get_session" time="0.001" /><testcase classname="tests.coevolution.test_coevolution_memory.TestCoevolutionMemory" name="test_get_session_not_found" time="0.001" /><testcase classname="tests.coevolution.test_coevolution_memory.TestCoevolutionMemory" name="test_complete_session" time="0.001" /><testcase classname="tests.coevolution.test_coevolution_memory.TestCoevolutionMemory" name="test_get_human_sessions" time="0.001" /><testcase classname="tests.coevolution.test_coevolution_memory.TestCoevolutionMemory" name="test_get_human_sessions_with_limit" time="0.001" /><testcase classname="tests.coevolution.test_coevolution_memory.TestCoevolutionMemory" name="test_get_human_sessions_ordered" time="0.002" /><testcase classname="tests.coevolution.test_coevolution_memory.TestCoevolutionMemory" name="test_extract_insights_success" time="0.001" /><testcase classname="tests.coevolution.test_coevolution_memory.TestCoevolutionMemory" name="test_extract_insights_trust_increase" time="0.001" /><testcase classname="tests.coevolution.test_coevolution_memory.TestCoevolutionMemory" name="test_identify_learning_patterns" time="0.001" /><testcase classname="tests.coevolution.test_coevolution_memory.TestCoevolutionMemory" name="test_learning_pattern_success_rate" time="0.001" /><testcase classname="tests.coevolution.test_coevolution_memory.TestCoevolutionMemory" name="test_get_collaboration_statistics" time="0.001" /><testcase classname="tests.coevolution.test_coevolution_memory.TestCoevolutionMemory" name="test_get_collaboration_statistics_filtered" time="0.002" /><testcase classname="tests.coevolution.test_coevolution_memory.TestCoevolutionMemory" name="test_get_collaboration_statistics_empty" time="0.001" /><testcase classname="tests.coevolution.test_coevolution_memory.TestCoevolutionMemory" name="test_get_insights_summary" time="0.001" /><testcase classname="tests.coevolution.test_coevolution_memory.TestCoevolutionMemory" name="test_get_insights_summary_with_limit" time="0.001" /><testcase classname="tests.coevolution.test_coevolution_memory.TestCoevolutionMemory" name="test_clear_old_sessions" time="0.001" /><testcase classname="tests.coevolution.test_coevolution_memory.TestCoevolutionMemory" name="test_categorize_task" time="0.001" /><testcase classname="tests.coevolution.test_coevolution_memory.TestCoevolutionMemory" name="test_trust_evolution_tracking" time="0.001" /><testcase classname="tests.coevolution.test_hchac_framework.TestHCHACFramework" name="test_initialization" time="0.002" /><testcase classname="tests.coevolution.test_hchac_framework.TestHCHACFramework" name="test_co_execute_task_basic" time="0.001" /><testcase classname="tests.coevolution.test_hchac_framework.TestHCHACFramework" name="test_co_execute_task_failed_negotiation" time="0.001" /><testcase classname="tests.coevolution.test_hchac_framework.TestHCHACFramework" name="test_allocate_roles_high_trust" time="0.001" /><testcase classname="tests.coevolution.test_hchac_framework.TestHCHACFramework" name="test_allocate_roles_medium_trust" time="0.001" /><testcase classname="tests.coevolution.test_hchac_framework.TestHCHACFramework" name="test_allocate_roles_low_trust" time="0.002" /><testcase classname="tests.coevolution.test_hchac_framework.TestHCHACFramework" name="test_generate_ai_perspective" time="0.001" /><testcase classname="tests.coevolution.test_hchac_framework.TestHCHACFramework" name="test_execute_with_roles" time="0.001" /><testcase classname="tests.coevolution.test_hchac_framework.TestHCHACFramework" name="test_calculate_learning_gain" time="0.001" /><testcase classname="tests.coevolution.test_hchac_framework.TestHCHACFramework" name="test_get_trust_dashboard" time="0.001" /><testcase classname="tests.coevolution.test_hchac_framework.TestHCHACFramework" name="test_submit_human_feedback" time="0.001" /><testcase classname="tests.coevolution.test_hchac_framework.TestHCHACFramework" name="test_submit_human_feedback_invalid_type" time="0.002" /><testcase classname="tests.coevolution.test_hchac_framework.TestHCHACFramework" name="test_get_ai_feedback" time="0.002" /><testcase classname="tests.coevolution.test_hchac_framework.TestHCHACFramework" name="test_role_enum" time="0.001" /><testcase classname="tests.coevolution.test_hchac_framework.TestHCHACFramework" name="test_collaboration_outcome_dataclass" time="0.001" /><testcase classname="tests.coevolution.test_hchac_framework.TestHCHACFramework" name="test_execution_result_dataclass" time="0.001" /><testcase classname="tests.coevolution.test_hchac_framework.TestHCHACFramework" name="test_bias_detection_integration" time="0.001" /><testcase classname="tests.coevolution.test_hchac_framework.TestHCHACFramework" name="test_memory_storage_integration" time="0.002" /><testcase classname="tests.coevolution.test_hchac_framework.TestHCHACFramework" name="test_trust_evolution_over_multiple_tasks" time="0.002" /><testcase classname="tests.coevolution.test_init_lazy_imports.TestCoevolutionInit" name="test_version_attribute" time="0.001" /><testcase classname="tests.coevolution.test_init_lazy_imports.TestCoevolutionInit" name="test_all_attribute" time="0.001" /><testcase classname="tests.coevolution.test_init_lazy_imports.TestCoevolutionInit" name="test_lazy_import_hchac_framework" time="0.001" /><testcase classname="tests.coevolution.test_init_lazy_imports.TestCoevolutionInit" name="test_lazy_import_trust_metrics" time="0.002" /><testcase classname="tests.coevolution.test_init_lazy_imports.TestCoevolutionInit" name="test_lazy_import_goal_negotiator" time="0.001" /><testcase classname="tests.coevolution.test_init_lazy_imports.TestCoevolutionInit" name="test_lazy_import_bidirectional_feedback" time="0.001" /><testcase classname="tests.coevolution.test_init_lazy_imports.TestCoevolutionInit" name="test_lazy_import_bias_detector" time="0.001" /><testcase classname="tests.coevolution.test_init_lazy_imports.TestCoevolutionInit" name="test_lazy_import_coevolution_memory" time="0.001" /><testcase classname="tests.coevolution.test_init_lazy_imports.TestCoevolutionInit" name="test_invalid_attribute_raises_error" time="0.001" /><testcase classname="tests.coevolution.test_init_lazy_imports.TestCoevolutionInit" name="test_all_exports_are_importable" time="0.002" /><testcase classname="tests.coevolution.test_init_lazy_imports.TestCoevolutionInit" name="test_multiple_lazy_imports" time="0.001" /><testcase classname="tests.coevolution.test_init_lazy_imports.TestCoevolutionInit" name="test_lazy_import_caching" time="0.001" /><testcase classname="tests.coevolution.test_init_lazy_imports.TestCoevolutionInit" name="test_instantiate_lazy_imported_class" time="0.001" /><testcase classname="tests.coevolution.test_init_lazy_imports.TestCoevolutionInit" name="test_lazy_import_preserves_module_structure" time="0.001" /><testcase classname="tests.coevolution.test_init_lazy_imports.TestCoevolutionInit" name="test_import_all_at_once" time="0.001" /><testcase classname="tests.coevolution.test_init_lazy_imports.TestCoevolutionInit" name="test_lazy_import_error_message_format" time="0.002" /><testcase classname="tests.coevolution.test_init_lazy_imports.TestCoevolutionInit" name="test_getattr_function_exists" time="0.001" /><testcase classname="tests.coevolution.test_negotiation.TestGoalNegotiator" name="test_initialization" time="0.001" /><testcase classname="tests.coevolution.test_negotiation.TestGoalNegotiator" name="test_initialization_custom_params" time="0.001" /><testcase classname="tests.coevolution.test_negotiation.TestGoalNegotiator" name="test_negotiate_basic" time="0.001" /><testcase classname="tests.coevolution.test_negotiation.TestGoalNegotiator" name="test_negotiate_high_trust" time="0.002" /><testcase classname="tests.coevolution.test_negotiation.TestGoalNegotiator" name="test_negotiate_convergence" time="0.001" /><testcase classname="tests.coevolution.test_negotiation.TestGoalNegotiator" name="test_negotiate_timeout" time="0.001" /><testcase classname="tests.coevolution.test_negotiation.TestGoalNegotiator" name="test_quick_accept_high_trust" time="0.001" /><testcase classname="tests.coevolution.test_negotiation.TestGoalNegotiator" name="test_quick_accept_low_trust" time="0.001" /><testcase classname="tests.coevolution.test_negotiation.TestGoalNegotiator" name="test_negotiation_rounds" time="0.002" /><testcase classname="tests.coevolution.test_negotiation.TestGoalNegotiator" name="test_calculate_convergence_identical" time="0.001" /><testcase classname="tests.coevolution.test_negotiation.TestGoalNegotiator" name="test_calculate_convergence_different" time="0.001" /><testcase classname="tests.coevolution.test_negotiation.TestGoalNegotiator" name="test_calculate_convergence_partial" time="0.001" /><testcase classname="tests.coevolution.test_negotiation.TestGoalNegotiator" name="test_synthesize_proposals" time="0.001" /><testcase classname="tests.coevolution.test_trust_metrics.TestTrustMetrics" name="test_initialization" time="0.001" /><testcase classname="tests.coevolution.test_trust_metrics.TestTrustMetrics" name="test_get_trust_level_new_user" time="0.001" /><testcase classname="tests.coevolution.test_trust_metrics.TestTrustMetrics" name="test_update_trust_success" time="0.001" /><testcase classname="tests.coevolution.test_trust_metrics.TestTrustMetrics" name="test_update_trust_failure" time="0.001" /><testcase classname="tests.coevolution.test_trust_metrics.TestTrustMetrics" name="test_trust_breakdown" time="0.001" /><testcase classname="tests.coevolution.test_trust_metrics.TestTrustMetrics" name="test_trust_history" time="0.001" /><testcase classname="tests.coevolution.test_trust_metrics.TestTrustMetrics" name="test_trust_history_limit" time="0.003" /><testcase classname="tests.coevolution.test_trust_metrics.TestTrustMetrics" name="test_reset_trust" time="0.001" /><testcase classname="tests.coevolution.test_trust_metrics.TestTrustMetrics" name="test_multiple_users" time="0.001" /><testcase classname="tests.coevolution.test_trust_metrics.TestTrustMetrics" name="test_trust_components_weights" time="0.001" /><testcase classname="tests.consciousness.test_creative_problem_solver.TestSolution" name="test_create_solution" time="0.002" /><testcase classname="tests.consciousness.test_creative_problem_solver.TestSolution" name="test_solution_overall_score" time="0.002" /><testcase classname="tests.consciousness.test_creative_problem_solver.TestSolution" name="test_solution_validation" time="0.003" /><testcase classname="tests.consciousness.test_creative_problem_solver.TestProblem" name="test_create_problem" time="0.001" /><testcase classname="tests.consciousness.test_creative_problem_solver.TestCreativeProblemSolver" name="test_initialization" time="0.001" /><testcase classname="tests.consciousness.test_creative_problem_solver.TestCreativeProblemSolver" name="test_generate_solutions_divergent" time="0.002" /><testcase classname="tests.consciousness.test_creative_problem_solver.TestCreativeProblemSolver" name="test_generate_solutions_lateral" time="0.002" /><testcase classname="tests.consciousness.test_creative_problem_solver.TestCreativeProblemSolver" name="test_generate_solutions_analogical" time="0.002" /><testcase classname="tests.consciousness.test_creative_problem_solver.TestCreativeProblemSolver" name="test_generate_solutions_convergent" time="0.002" /><testcase classname="tests.consciousness.test_creative_problem_solver.TestCreativeProblemSolver" name="test_evaluate_solution" time="0.002" /><testcase classname="tests.consciousness.test_creative_problem_solver.TestCreativeProblemSolver" name="test_evaluate_solution_custom_criteria" time="0.002" /><testcase classname="tests.consciousness.test_creative_problem_solver.TestCreativeProblemSolver" name="test_rank_solutions" time="0.002" /><testcase classname="tests.consciousness.test_creative_problem_solver.TestCreativeProblemSolver" name="test_solution_history" time="0.002" /><testcase classname="tests.consciousness.test_creative_problem_solver.TestCreativeProblemSolver" name="test_get_statistics" time="0.003" /><testcase classname="tests.consciousness.test_creative_problem_solver.TestCreativeProblemSolver" name="test_different_solution_categories" time="0.003" /><testcase classname="tests.consciousness.test_emotional_intelligence.TestEmotionalState" name="test_create_emotional_state" time="0.001" /><testcase classname="tests.consciousness.test_emotional_intelligence.TestEmotionalState" name="test_emotional_state_validation" time="0.006" /><testcase classname="tests.consciousness.test_emotional_intelligence.TestEmotionalResponse" name="test_create_response" time="0.001" /><testcase classname="tests.consciousness.test_emotional_intelligence.TestEmotionalIntelligence" name="test_initialization" time="0.002" /><testcase classname="tests.consciousness.test_emotional_intelligence.TestEmotionalIntelligence" name="test_analyze_sentiment_positive" time="0.003" /><testcase classname="tests.consciousness.test_emotional_intelligence.TestEmotionalIntelligence" name="test_analyze_sentiment_negative" time="0.003" /><testcase classname="tests.consciousness.test_emotional_intelligence.TestEmotionalIntelligence" name="test_analyze_sentiment_neutral" time="0.002" /><testcase classname="tests.consciousness.test_emotional_intelligence.TestEmotionalIntelligence" name="test_analyze_sentiment_mixed" time="0.002" /><testcase classname="tests.consciousness.test_emotional_intelligence.TestEmotionalIntelligence" name="test_detect_emotion_from_successful_action" time="0.002" /><testcase classname="tests.consciousness.test_emotional_intelligence.TestEmotionalIntelligence" name="test_detect_emotion_from_failed_action" time="0.003" /><testcase classname="tests.consciousness.test_emotional_intelligence.TestEmotionalIntelligence" name="test_emotion_history_limit" time="0.005" /><testcase classname="tests.consciousness.test_emotional_intelligence.TestEmotionalIntelligence" name="test_generate_empathetic_response_sadness" time="0.003" /><testcase classname="tests.consciousness.test_emotional_intelligence.TestEmotionalIntelligence" name="test_generate_empathetic_response_anger" time="0.002" /><testcase classname="tests.consciousness.test_emotional_intelligence.TestEmotionalIntelligence" name="test_generate_empathetic_response_joy" time="0.002" /><testcase classname="tests.consciousness.test_emotional_intelligence.TestEmotionalIntelligence" name="test_get_emotional_trend_improving" time="0.005" /><testcase classname="tests.consciousness.test_emotional_intelligence.TestEmotionalIntelligence" name="test_get_emotional_trend_declining" time="0.005" /><testcase classname="tests.consciousness.test_emotional_intelligence.TestEmotionalIntelligence" name="test_get_statistics" time="0.003" /><testcase classname="tests.consciousness.test_novelty_generator.TestConcept" name="test_concept_creation" time="0.002" /><testcase classname="tests.consciousness.test_novelty_generator.TestConcept" name="test_concept_hashable" time="0.002" /><testcase classname="tests.consciousness.test_novelty_generator.TestConcept" name="test_concept_default_values" time="0.001" /><testcase classname="tests.consciousness.test_novelty_generator.TestNoveltyDetector" name="test_detector_initialization" time="0.001" /><testcase classname="tests.consciousness.test_novelty_generator.TestNoveltyDetector" name="test_register_concept" time="0.003" /><testcase classname="tests.consciousness.test_novelty_generator.TestNoveltyDetector" name="test_statistical_rarity_novel" time="0.002" /><testcase classname="tests.consciousness.test_novelty_generator.TestNoveltyDetector" name="test_statistical_rarity_common" time="0.002" /><testcase classname="tests.consciousness.test_novelty_generator.TestNoveltyDetector" name="test_semantic_distance_empty_knowledge" time="0.002" /><testcase classname="tests.consciousness.test_novelty_generator.TestNoveltyDetector" name="test_semantic_distance_partial_overlap" time="0.003" /><testcase classname="tests.consciousness.test_novelty_generator.TestNoveltyDetector" name="test_structural_novelty" time="0.002" /><testcase classname="tests.consciousness.test_novelty_generator.TestNoveltyDetector" name="test_surprise_value" time="0.002" /><testcase classname="tests.consciousness.test_novelty_generator.TestConceptualBlender" name="test_blender_initialization" time="0.001" /><testcase classname="tests.consciousness.test_novelty_generator.TestConceptualBlender" name="test_add_concept" time="0.002" /><testcase classname="tests.consciousness.test_novelty_generator.TestConceptualBlender" name="test_merge_attributes_blend" time="0.002" /><testcase classname="tests.consciousness.test_novelty_generator.TestConceptualBlender" name="test_cross_map_blend" time="0.002" /><testcase classname="tests.consciousness.test_novelty_generator.TestConceptualBlender" name="test_selective_projection_blend" time="0.002" /><testcase classname="tests.consciousness.test_novelty_generator.TestConceptualBlender" name="test_generate_creative_blend_insufficient_concepts" time="0.003" /><testcase classname="tests.consciousness.test_novelty_generator.TestConceptualBlender" name="test_generate_creative_blend_success" time="0.002" /><testcase classname="tests.consciousness.test_novelty_generator.TestNoveltyGenerator" name="test_generator_initialization" time="0.002" /><testcase classname="tests.consciousness.test_novelty_generator.TestNoveltyGenerator" name="test_generate_combinational_creativity" time="0.004" /><testcase classname="tests.consciousness.test_novelty_generator.TestNoveltyGenerator" name="test_generate_exploratory_creativity" time="0.002" /><testcase classname="tests.consciousness.test_novelty_generator.TestNoveltyGenerator" name="test_generate_transformational_creativity" time="0.003" /><testcase classname="tests.consciousness.test_novelty_generator.TestNoveltyGenerator" name="test_novelty_threshold_filtering" time="0.009" /><testcase classname="tests.consciousness.test_novelty_generator.TestNoveltyGenerator" name="test_generation_history_tracking" time="0.004" /><testcase classname="tests.consciousness.test_novelty_generator.TestNoveltyGenerator" name="test_get_generation_statistics_empty" time="0.001" /><testcase classname="tests.consciousness.test_novelty_generator.TestNoveltyGenerator" name="test_get_generation_statistics_with_data" time="0.004" /><testcase classname="tests.consciousness.test_novelty_generator.TestNoveltyGenerator" name="test_generate_with_empty_concepts" time="0.001" /><testcase classname="tests.consciousness.test_novelty_generator.TestCreativeOutputDataclass" name="test_creative_output_creation" time="0.001" /><testcase classname="tests.consciousness.test_novelty_generator.TestCreativeOutputDataclass" name="test_creative_output_default_values" time="0.001" /><testcase classname="tests.consciousness.test_novelty_generator.TestIntegration" name="test_end_to_end_novel_generation" time="0.004" /><testcase classname="tests.consciousness.test_novelty_generator.TestIntegration" name="test_multiple_generations_increase_knowledge" time="0.008" /><testcase classname="tests.consciousness.test_production_consciousness.TestProductionConsciousnessSystemInit" name="test_init_default_directory" time="0.001" /><testcase classname="tests.consciousness.test_production_consciousness.TestProductionConsciousnessSystemInit" name="test_init_custom_directory" time="0.001" /><testcase classname="tests.consciousness.test_production_consciousness.TestProductionConsciousnessSystemInit" name="test_init_creates_directory" time="0.003" /><testcase classname="tests.consciousness.test_production_consciousness.TestMeasurePhi" name="test_measure_phi_basic" time="0.002" /><testcase classname="tests.consciousness.test_production_consciousness.TestMeasurePhi" name="test_measure_phi_with_memory_sharing" time="0.002" /><testcase classname="tests.consciousness.test_production_consciousness.TestMeasurePhi" name="test_measure_phi_without_memory_sharing" time="0.002" /><testcase classname="tests.consciousness.test_production_consciousness.TestMeasurePhi" name="test_measure_phi_with_feedback_loops" time="0.004" /><testcase classname="tests.consciousness.test_production_consciousness.TestMeasurePhi" name="test_measure_phi_single_agent" time="0.002" /><testcase classname="tests.consciousness.test_production_consciousness.TestMeasurePhi" name="test_measure_phi_many_agents" time="0.006" /><testcase classname="tests.consciousness.test_production_consciousness.TestMeasurePhi" name="test_measure_phi_history_tracking" time="0.004" /><testcase classname="tests.consciousness.test_production_consciousness.TestSelfAwareness" name="test_measure_self_awareness_basic" time="0.002" /><testcase classname="tests.consciousness.test_production_consciousness.TestSelfAwareness" name="test_measure_self_awareness_history" time="0.002" /><testcase classname="tests.consciousness.test_production_consciousness.TestSelfAwareness" name="test_self_awareness_components" time="0.002" /><testcase classname="tests.consciousness.test_production_consciousness.TestIntegratedConsciousness" name="test_full_consciousness_assessment" time="0.005" /><testcase classname="tests.consciousness.test_production_consciousness.TestIntegratedConsciousness" name="test_consciousness_evolution_tracking" time="0.006" /><testcase classname="tests.consciousness.test_production_consciousness.TestIntegratedConsciousness" name="test_consciousness_with_varying_configurations" time="0.003" /><testcase classname="tests.consciousness.test_production_consciousness.TestConnectionsAndFeedback" name="test_connections_cleared_before_measurement" time="0.003" /><testcase classname="tests.consciousness.test_production_consciousness.TestConnectionsAndFeedback" name="test_bidirectional_connections_with_memory" time="0.002" /><testcase classname="tests.consciousness.test_production_consciousness.TestConnectionsAndFeedback" name="test_unidirectional_connections_without_memory" time="0.002" /><testcase classname="tests.consciousness.test_production_consciousness.TestEdgeCases" name="test_empty_agents_list" time="0.002" /><testcase classname="tests.consciousness.test_production_consciousness.TestEdgeCases" name="test_repeated_measurements" time="0.008" /><testcase classname="tests.consciousness.test_production_consciousness.TestEdgeCases" name="test_metrics_directory_persistence" time="0.002" /><testcase classname="tests.consciousness.test_qualia_engine.TestQuale" name="test_quale_creation" time="0.001" /><testcase classname="tests.consciousness.test_qualia_engine.TestQuale" name="test_quale_default_values" time="0.001" /><testcase classname="tests.consciousness.test_qualia_engine.TestSensoryQualia" name="test_sensory_qualia_initialization" time="0.002" /><testcase classname="tests.consciousness.test_qualia_engine.TestSensoryQualia" name="test_experience_visual" time="0.001" /><testcase classname="tests.consciousness.test_qualia_engine.TestSensoryQualia" name="test_experience_pattern" time="0.001" /><testcase classname="tests.consciousness.test_qualia_engine.TestSensoryQualia" name="test_get_recent_qualia" time="0.002" /><testcase classname="tests.consciousness.test_qualia_engine.TestEmotionalQualia" name="test_emotional_qualia_initialization" time="0.001" /><testcase classname="tests.consciousness.test_qualia_engine.TestEmotionalQualia" name="test_feel_emotion" time="0.003" /><testcase classname="tests.consciousness.test_qualia_engine.TestEmotionalQualia" name="test_feel_wonder" time="0.002" /><testcase classname="tests.consciousness.test_qualia_engine.TestEmotionalQualia" name="test_feel_curiosity" time="0.002" /><testcase classname="tests.consciousness.test_qualia_engine.TestEmotionalQualia" name="test_get_emotional_state_summary" time="0.002" /><testcase classname="tests.consciousness.test_qualia_engine.TestIntegratedInformationCalculator" name="test_iit_calculator_initialization" time="0.002" /><testcase classname="tests.consciousness.test_qualia_engine.TestIntegratedInformationCalculator" name="test_calculate_phi_empty" time="0.001" /><testcase classname="tests.consciousness.test_qualia_engine.TestIntegratedInformationCalculator" name="test_calculate_phi_isolated" time="0.001" /><testcase classname="tests.consciousness.test_qualia_engine.TestIntegratedInformationCalculator" name="test_calculate_phi_connected" time="0.001" /><testcase classname="tests.consciousness.test_qualia_engine.TestIntegratedInformationCalculator" name="test_calculate_phi_fully_connected" time="0.001" /><testcase classname="tests.consciousness.test_qualia_engine.TestIntegratedInformationCalculator" name="test_assess_integration_level_isolated" time="0.002" /><testcase classname="tests.consciousness.test_qualia_engine.TestIntegratedInformationCalculator" name="test_assess_integration_level_unified" time="0.001" /><testcase classname="tests.consciousness.test_qualia_engine.TestQualiaEngine" name="test_qualia_engine_initialization" time="0.002" /><testcase classname="tests.consciousness.test_qualia_engine.TestQualiaEngine" name="test_create_integrated_experience" time="0.002" /><testcase classname="tests.consciousness.test_qualia_engine.TestQualiaEngine" name="test_create_integrated_experience_empty" time="0.002" /><testcase classname="tests.consciousness.test_qualia_engine.TestQualiaEngine" name="test_experience_moment_visual_only" time="0.002" /><testcase classname="tests.consciousness.test_qualia_engine.TestQualiaEngine" name="test_experience_moment_emotion_only" time="0.002" /><testcase classname="tests.consciousness.test_qualia_engine.TestQualiaEngine" name="test_experience_moment_multimodal" time="0.004" /><testcase classname="tests.consciousness.test_qualia_engine.TestQualiaEngine" name="test_what_is_it_like_no_experiences" time="0.002" /><testcase classname="tests.consciousness.test_qualia_engine.TestQualiaEngine" name="test_what_is_it_like_with_experience" time="0.003" /><testcase classname="tests.consciousness.test_qualia_engine.TestQualiaEngine" name="test_assess_consciousness_level_no_experiences" time="0.003" /><testcase classname="tests.consciousness.test_qualia_engine.TestQualiaEngine" name="test_assess_consciousness_level_with_experiences" time="0.005" /><testcase classname="tests.consciousness.test_qualia_engine.TestIntegration" name="test_complete_phenomenological_cycle" time="0.003" /><testcase classname="tests.consciousness.test_qualia_engine.TestIntegration" name="test_phi_increases_with_connections" time="0.004" /><testcase classname="tests.consciousness.test_qualia_engine.TestIntegration" name="test_emotional_valence_affects_experience" time="0.003" /><testcase classname="tests.consciousness.test_qualia_engine.TestIntegration" name="test_consciousness_level_increases_with_experiences" time="0.016" /><testcase classname="tests.consciousness.test_qualia_engine.TestIntegration" name="test_what_is_it_like_reflects_integration" time="0.003" /><testcase classname="tests.consciousness.test_self_reflection.TestIntrospectionLog" name="test_create_introspection_log" time="0.002" /><testcase classname="tests.consciousness.test_self_reflection.TestIntrospectionLog" name="test_introspection_log_validation" time="0.003" /><testcase classname="tests.consciousness.test_self_reflection.TestSelfReflectionMetrics" name="test_create_metrics" time="0.001" /><testcase classname="tests.consciousness.test_self_reflection.TestSelfReflectionMetrics" name="test_overall_quality" time="0.001" /><testcase classname="tests.consciousness.test_self_reflection.TestSelfReflectionMetrics" name="test_metrics_validation" time="0.003" /><testcase classname="tests.consciousness.test_self_reflection.TestAdvancedSelfReflection" name="test_initialization" time="0.002" /><testcase classname="tests.consciousness.test_self_reflection.TestAdvancedSelfReflection" name="test_introspect_decision_making" time="0.003" /><testcase classname="tests.consciousness.test_self_reflection.TestAdvancedSelfReflection" name="test_introspect_performance" time="0.003" /><testcase classname="tests.consciousness.test_self_reflection.TestAdvancedSelfReflection" name="test_introspect_learning" time="0.004" /><testcase classname="tests.consciousness.test_self_reflection.TestAdvancedSelfReflection" name="test_introspect_resource_usage" time="0.003" /><testcase classname="tests.consciousness.test_self_reflection.TestAdvancedSelfReflection" name="test_introspection_history" time="0.003" /><testcase classname="tests.consciousness.test_self_reflection.TestAdvancedSelfReflection" name="test_introspection_history_limit" time="0.050" /><testcase classname="tests.consciousness.test_self_reflection.TestAdvancedSelfReflection" name="test_evaluate_self_reflection_quality_no_history" time="0.003" /><testcase classname="tests.consciousness.test_self_reflection.TestAdvancedSelfReflection" name="test_evaluate_self_reflection_quality_with_history" time="0.003" /><testcase classname="tests.consciousness.test_self_reflection.TestAdvancedSelfReflection" name="test_generate_self_improvement_plan" time="0.004" /><testcase classname="tests.consciousness.test_self_reflection.TestAdvancedSelfReflection" name="test_improvement_plan_quality_metrics" time="0.006" /><testcase classname="tests.consciousness.test_self_reflection.TestAdvancedSelfReflection" name="test_improvement_plan_action_items" time="0.004" /><testcase classname="tests.consciousness.test_self_reflection.TestAdvancedSelfReflection" name="test_get_statistics" time="0.004" /><testcase classname="tests.consciousness.test_self_reflection.TestAdvancedSelfReflection" name="test_focus_area_distribution" time="0.005" /><testcase classname="tests.consciousness.test_self_reflection.TestAdvancedSelfReflection" name="test_reflection_quality_history" time="0.006" /><testcase classname="tests.consciousness.test_serendipity_engine.TestConnection" name="test_connection_creation" time="0.003" /><testcase classname="tests.consciousness.test_serendipity_engine.TestConnection" name="test_connection_default_values" time="0.001" /><testcase classname="tests.consciousness.test_serendipity_engine.TestDiscovery" name="test_discovery_creation" time="0.002" /><testcase classname="tests.consciousness.test_serendipity_engine.TestDiscovery" name="test_discovery_default_values" time="0.001" /><testcase classname="tests.consciousness.test_serendipity_engine.TestConnectionDetector" name="test_detector_initialization" time="0.002" /><testcase classname="tests.consciousness.test_serendipity_engine.TestConnectionDetector" name="test_add_concept_simple" time="0.002" /><testcase classname="tests.consciousness.test_serendipity_engine.TestConnectionDetector" name="test_add_concept_with_relations" time="0.001" /><testcase classname="tests.consciousness.test_serendipity_engine.TestConnectionDetector" name="test_find_connections_direct" time="0.002" /><testcase classname="tests.consciousness.test_serendipity_engine.TestConnectionDetector" name="test_find_connections_indirect" time="0.001" /><testcase classname="tests.consciousness.test_serendipity_engine.TestConnectionDetector" name="test_find_connections_no_path" time="0.001" /><testcase classname="tests.consciousness.test_serendipity_engine.TestConnectionDetector" name="test_find_connections_max_length" time="0.002" /><testcase classname="tests.consciousness.test_serendipity_engine.TestConnectionDetector" name="test_detect_emergent_connection_success" time="0.001" /><testcase classname="tests.consciousness.test_serendipity_engine.TestConnectionDetector" name="test_detect_emergent_connection_no_path" time="0.001" /><testcase classname="tests.consciousness.test_serendipity_engine.TestConnectionDetector" name="test_get_network_statistics_empty" time="0.001" /><testcase classname="tests.consciousness.test_serendipity_engine.TestConnectionDetector" name="test_get_network_statistics_with_data" time="0.001" /><testcase classname="tests.consciousness.test_serendipity_engine.TestInsightGenerator" name="test_generator_initialization" time="0.001" /><testcase classname="tests.consciousness.test_serendipity_engine.TestInsightGenerator" name="test_generate_analogy" time="0.002" /><testcase classname="tests.consciousness.test_serendipity_engine.TestInsightGenerator" name="test_generate_synthesis" time="0.001" /><testcase classname="tests.consciousness.test_serendipity_engine.TestInsightGenerator" name="test_generate_inversion" time="0.001" /><testcase classname="tests.consciousness.test_serendipity_engine.TestInsightGenerator" name="test_get_insights_by_type" time="0.001" /><testcase classname="tests.consciousness.test_serendipity_engine.TestInsightGenerator" name="test_get_top_insights" time="0.002" /><testcase classname="tests.consciousness.test_serendipity_engine.TestSerendipityEngine" name="test_engine_initialization" time="0.002" /><testcase classname="tests.consciousness.test_serendipity_engine.TestSerendipityEngine" name="test_engine_initialization_no_random" time="0.001" /><testcase classname="tests.consciousness.test_serendipity_engine.TestSerendipityEngine" name="test_add_knowledge" time="0.001" /><testcase classname="tests.consciousness.test_serendipity_engine.TestSerendipityEngine" name="test_explore_connections_success" time="0.002" /><testcase classname="tests.consciousness.test_serendipity_engine.TestSerendipityEngine" name="test_explore_connections_no_path" time="0.002" /><testcase classname="tests.consciousness.test_serendipity_engine.TestSerendipityEngine" name="test_facilitate_happy_accident" time="0.003" /><testcase classname="tests.consciousness.test_serendipity_engine.TestSerendipityEngine" name="test_cross_domain_transfer" time="0.002" /><testcase classname="tests.consciousness.test_serendipity_engine.TestSerendipityEngine" name="test_invert_assumption" time="0.002" /><testcase classname="tests.consciousness.test_serendipity_engine.TestSerendipityEngine" name="test_random_exploration_disabled" time="0.001" /><testcase classname="tests.consciousness.test_serendipity_engine.TestSerendipityEngine" name="test_random_exploration_insufficient_concepts" time="0.003" /><testcase classname="tests.consciousness.test_serendipity_engine.TestSerendipityEngine" name="test_get_discovery_statistics_empty" time="0.001" /><testcase classname="tests.consciousness.test_serendipity_engine.TestSerendipityEngine" name="test_get_discovery_statistics_with_data" time="0.001" /><testcase classname="tests.consciousness.test_serendipity_engine.TestSerendipityEngine" name="test_get_top_discoveries" time="0.002" /><testcase classname="tests.consciousness.test_serendipity_engine.TestIntegration" name="test_end_to_end_discovery_pipeline" time="0.003" /><testcase classname="tests.consciousness.test_serendipity_engine.TestIntegration" name="test_multiple_serendipity_types" time="0.002" /><testcase classname="tests.consciousness.test_serendipity_engine.TestIntegration" name="test_knowledge_accumulation" time="0.002" /><testcase classname="tests.consciousness.test_serendipity_engine.TestIntegration" name="test_surprise_value_varies" time="0.002" /><testcase classname="tests.consciousness.test_theory_of_mind.TestBelief" name="test_create_belief" time="0.001" /><testcase classname="tests.consciousness.test_theory_of_mind.TestBelief" name="test_belief_confidence_validation" time="0.002" /><testcase classname="tests.consciousness.test_theory_of_mind.TestMentalStateModel" name="test_create_mental_model" time="0.001" /><testcase classname="tests.consciousness.test_theory_of_mind.TestMentalStateModel" name="test_mental_model_with_beliefs" time="0.001" /><testcase classname="tests.consciousness.test_theory_of_mind.TestTheoryOfMind" name="test_initialization" time="0.001" /><testcase classname="tests.consciousness.test_theory_of_mind.TestTheoryOfMind" name="test_observe_action" time="0.001" /><testcase classname="tests.consciousness.test_theory_of_mind.TestTheoryOfMind" name="test_observe_multiple_actions" time="0.002" /><testcase classname="tests.consciousness.test_theory_of_mind.TestTheoryOfMind" name="test_infer_intent_information_gathering" time="0.003" /><testcase classname="tests.consciousness.test_theory_of_mind.TestTheoryOfMind" name="test_infer_intent_problem_solving" time="0.002" /><testcase classname="tests.consciousness.test_theory_of_mind.TestTheoryOfMind" name="test_infer_intent_no_history" time="0.001" /><testcase classname="tests.consciousness.test_theory_of_mind.TestTheoryOfMind" name="test_attribute_mental_state_focused" time="0.002" /><testcase classname="tests.consciousness.test_theory_of_mind.TestTheoryOfMind" name="test_attribute_mental_state_exploring" time="0.002" /><testcase classname="tests.consciousness.test_theory_of_mind.TestTheoryOfMind" name="test_attribute_mental_state_problem_solving" time="0.002" /><testcase classname="tests.consciousness.test_theory_of_mind.TestTheoryOfMind" name="test_update_belief" time="0.002" /><testcase classname="tests.consciousness.test_theory_of_mind.TestTheoryOfMind" name="test_update_belief_replaces_existing" time="0.002" /><testcase classname="tests.consciousness.test_theory_of_mind.TestTheoryOfMind" name="test_max_beliefs_limit" time="0.006" /><testcase classname="tests.consciousness.test_theory_of_mind.TestTheoryOfMind" name="test_get_mental_model" time="0.002" /><testcase classname="tests.consciousness.test_theory_of_mind.TestTheoryOfMind" name="test_predict_next_action_focused" time="0.003" /><testcase classname="tests.consciousness.test_theory_of_mind.TestTheoryOfMind" name="test_predict_next_action_exploring" time="0.003" /><testcase classname="tests.consciousness.test_theory_of_mind.TestTheoryOfMind" name="test_get_statistics" time="0.002" /><testcase classname="tests.decision_making.test_autonomous_goal_setting.TestGoal" name="test_goal_initialization" time="0.003" /><testcase classname="tests.decision_making.test_autonomous_goal_setting.TestGoal" name="test_goal_custom_params" time="0.001" /><testcase classname="tests.decision_making.test_autonomous_goal_setting.TestGoal" name="test_goal_invalid_progress" time="0.003" /><testcase classname="tests.decision_making.test_autonomous_goal_setting.TestGoal" name="test_update_progress" time="0.001" /><testcase classname="tests.decision_making.test_autonomous_goal_setting.TestGoal" name="test_is_overdue" time="0.001" /><testcase classname="tests.decision_making.test_autonomous_goal_setting.TestGoal" name="test_time_remaining" time="0.001" /><testcase classname="tests.decision_making.test_autonomous_goal_setting.TestGoalHierarchy" name="test_initialization" time="0.001" /><testcase classname="tests.decision_making.test_autonomous_goal_setting.TestGoalHierarchy" name="test_add_goal" time="0.002" /><testcase classname="tests.decision_making.test_autonomous_goal_setting.TestGoalHierarchy" name="test_add_goal_with_parent" time="0.002" /><testcase classname="tests.decision_making.test_autonomous_goal_setting.TestGoalHierarchy" name="test_get_goal" time="0.002" /><testcase classname="tests.decision_making.test_autonomous_goal_setting.TestGoalHierarchy" name="test_get_children" time="0.002" /><testcase classname="tests.decision_making.test_autonomous_goal_setting.TestGoalHierarchy" name="test_get_parent" time="0.001" /><testcase classname="tests.decision_making.test_autonomous_goal_setting.TestGoalHierarchy" name="test_get_root_goals" time="0.003" /><testcase classname="tests.decision_making.test_autonomous_goal_setting.TestGoalHierarchy" name="test_update_goal_progress" time="0.002" /><testcase classname="tests.decision_making.test_autonomous_goal_setting.TestGoalHierarchy" name="test_get_active_goals" time="0.001" /><testcase classname="tests.decision_making.test_autonomous_goal_setting.TestGoalHierarchy" name="test_get_pending_goals" time="0.002" /><testcase classname="tests.decision_making.test_autonomous_goal_setting.TestGoalHierarchy" name="test_get_overdue_goals" time="0.003" /><testcase classname="tests.decision_making.test_autonomous_goal_setting.TestGoalSetter" name="test_initialization" time="0.001" /><testcase classname="tests.decision_making.test_autonomous_goal_setting.TestGoalSetter" name="test_generate_goal" time="0.002" /><testcase classname="tests.decision_making.test_autonomous_goal_setting.TestGoalSetter" name="test_generate_goal_with_parent" time="0.002" /><testcase classname="tests.decision_making.test_autonomous_goal_setting.TestGoalSetter" name="test_activate_goal" time="0.002" /><testcase classname="tests.decision_making.test_autonomous_goal_setting.TestGoalSetter" name="test_activate_goal_not_found" time="0.001" /><testcase classname="tests.decision_making.test_autonomous_goal_setting.TestGoalSetter" name="test_activate_goal_max_capacity" time="0.002" /><testcase classname="tests.decision_making.test_autonomous_goal_setting.TestGoalSetter" name="test_complete_goal_success" time="0.001" /><testcase classname="tests.decision_making.test_autonomous_goal_setting.TestGoalSetter" name="test_complete_goal_failure" time="0.002" /><testcase classname="tests.decision_making.test_autonomous_goal_setting.TestGoalSetter" name="test_get_next_goal" time="0.002" /><testcase classname="tests.decision_making.test_autonomous_goal_setting.TestGoalSetter" name="test_get_next_goal_none_pending" time="0.001" /><testcase classname="tests.decision_making.test_autonomous_goal_setting.TestGoalSetter" name="test_get_metrics" time="0.002" /><testcase classname="tests.decision_making.test_autonomous_goal_setting.TestGoalOptimizer" name="test_initialization" time="0.001" /><testcase classname="tests.decision_making.test_autonomous_goal_setting.TestGoalOptimizer" name="test_optimize_schedule" time="0.001" /><testcase classname="tests.decision_making.test_autonomous_goal_setting.TestGoalOptimizer" name="test_reallocate_resources" time="0.003" /><testcase classname="tests.decision_making.test_decision_trees.TestDecisionNode" name="test_create_leaf_node" time="0.001" /><testcase classname="tests.decision_making.test_decision_trees.TestDecisionNode" name="test_create_internal_node" time="0.001" /><testcase classname="tests.decision_making.test_decision_trees.TestDecisionNode" name="test_update_statistics" time="0.001" /><testcase classname="tests.decision_making.test_decision_trees.TestDecisionNode" name="test_get_success_rate" time="0.002" /><testcase classname="tests.decision_making.test_decision_trees.TestDecisionOutcome" name="test_create_outcome" time="0.002" /><testcase classname="tests.decision_making.test_decision_trees.TestDecisionOutcome" name="test_confidence_validation" time="0.004" /><testcase classname="tests.decision_making.test_decision_trees.TestDecisionTreeBuilder" name="test_build_simple_tree" time="0.001" /><testcase classname="tests.decision_making.test_decision_trees.TestDecisionTreeBuilder" name="test_add_edge_validation" time="0.010" /><testcase classname="tests.decision_making.test_decision_trees.TestDecisionTree" name="test_decide_high_value" time="0.002" /><testcase classname="tests.decision_making.test_decision_trees.TestDecisionTree" name="test_decide_low_value" time="0.001" /><testcase classname="tests.decision_making.test_decision_trees.TestDecisionTree" name="test_provide_feedback" time="0.002" /><testcase classname="tests.decision_making.test_decision_trees.TestDecisionTree" name="test_performance_metrics" time="0.003" /><testcase classname="tests.decision_making.test_decision_trees.TestDecisionTree" name="test_tree_depth_calculation" time="0.001" /><testcase classname="tests.decision_making.test_decision_trees.TestDecisionTree" name="test_node_count_calculation" time="0.002" /><testcase classname="tests.decision_making.test_decision_trees.TestDecisionCriteria" name="test_category_criterion" time="0.003" /><testcase classname="tests.decision_making.test_decision_trees.TestDecisionCriteria" name="test_ethical_criterion" time="0.002" /><testcase classname="tests.decision_making.test_decision_trees.TestAdaptiveLearning" name="test_adaptation_enabled" time="0.001" /><testcase classname="tests.decision_making.test_decision_trees.TestAdaptiveLearning" name="test_adaptation_disabled" time="0.002" /><testcase classname="tests.decision_making.test_ethical_decision_framework.TestEthicalFramework" name="test_framework_values" time="0.001" /><testcase classname="tests.decision_making.test_ethical_decision_framework.TestEthicalPrinciple" name="test_principle_values" time="0.001" /><testcase classname="tests.decision_making.test_ethical_decision_framework.TestEthicalDilemma" name="test_dilemma_initialization" time="0.001" /><testcase classname="tests.decision_making.test_ethical_decision_framework.TestEthicalDilemma" name="test_dilemma_with_context" time="0.001" /><testcase classname="tests.decision_making.test_ethical_decision_framework.TestEthicalDilemma" name="test_dilemma_with_constraints" time="0.002" /><testcase classname="tests.decision_making.test_ethical_decision_framework.TestEthicalOutcome" name="test_outcome_initialization" time="0.001" /><testcase classname="tests.decision_making.test_ethical_decision_framework.TestEthicalOutcome" name="test_outcome_with_principle_scores" time="0.001" /><testcase classname="tests.decision_making.test_ethical_decision_framework.TestEthicalOutcome" name="test_outcome_with_stakeholder_impacts" time="0.002" /><testcase classname="tests.decision_making.test_ethical_decision_framework.TestEthicalOutcome" name="test_outcome_invalid_ethical_score" time="0.007" /><testcase classname="tests.decision_making.test_ethical_decision_framework.TestEthicalOutcome" name="test_outcome_invalid_confidence" time="0.002" /><testcase classname="tests.decision_making.test_ethical_decision_framework.TestEthicalOutcome" name="test_outcome_valid_edge_values" time="0.002" /><testcase classname="tests.decision_making.test_ethical_decision_framework.TestEthicalDecisionMaker" name="test_decision_maker_initialization" time="0.002" /><testcase classname="tests.decision_making.test_ethical_decision_framework.TestEthicalDecisionMaker" name="test_decision_maker_with_custom_framework" time="0.001" /><testcase classname="tests.decision_making.test_ethical_decision_framework.TestEthicalDecisionMaker" name="test_decision_maker_with_principle_weights" time="0.002" /><testcase classname="tests.decision_making.test_ethical_decision_framework.TestEthicalDecisionMaker" name="test_make_decision_simple_dilemma" time="0.003" /><testcase classname="tests.decision_making.test_ethical_decision_framework.TestEthicalDecisionMaker" name="test_make_decision_with_constraints" time="0.003" /><testcase classname="tests.decision_making.test_ethical_decision_framework.TestEthicalDecisionMaker" name="test_evaluate_option_deontological" time="0.002" /><testcase classname="tests.decision_making.test_ethical_decision_framework.TestEthicalDecisionMaker" name="test_evaluate_option_consequentialist" time="0.002" /><testcase classname="tests.decision_making.test_ethical_decision_framework.TestEthicalDecisionMaker" name="test_assess_stakeholder_impact" time="0.001" /><testcase classname="tests.decision_making.test_ethical_decision_framework.TestEthicalDecisionMaker" name="test_make_decision_multiple_times_consistent" time="0.002" /><testcase classname="tests.decision_making.test_ethical_decision_framework.TestEthicalDecisionMaker" name="test_explain_decision" time="0.004" /><testcase classname="tests.decision_making.test_ethical_decision_framework.TestEthicalDecisionMakerEdgeCases" name="test_empty_options" time="0.002" /><testcase classname="tests.decision_making.test_ethical_decision_framework.TestEthicalDecisionMakerEdgeCases" name="test_single_option" time="0.003" /><testcase classname="tests.decision_making.test_ethical_decision_framework.TestEthicalDecisionMakerEdgeCases" name="test_no_stakeholders" time="0.003" /><testcase classname="tests.decision_making.test_reinforcement_learning.TestQLearningAgent" name="test_agent_initialization" time="0.002" /><testcase classname="tests.decision_making.test_reinforcement_learning.TestQLearningAgent" name="test_choose_action" time="0.002" /><testcase classname="tests.decision_making.test_reinforcement_learning.TestQLearningAgent" name="test_update_q_value" time="0.002" /><testcase classname="tests.decision_making.test_reinforcement_learning.TestQLearningAgent" name="test_get_best_action" time="0.002" /><testcase classname="tests.decision_making.test_reinforcement_learning.TestQLearningAgent" name="test_exploration_vs_exploitation" time="0.002" /><testcase classname="tests.decision_making.test_reinforcement_learning.TestQLearningAgent" name="test_learning_over_episodes" time="0.012" /><testcase classname="tests.decision_making.test_reinforcement_learning.TestReinforcementLearningAgent" name="test_agent_creation" time="0.002" /><testcase classname="tests.decision_making.test_reinforcement_learning.TestReinforcementLearningAgent" name="test_train_agent" time="0.002" /><testcase classname="tests.decision_making.test_reinforcement_learning.TestReinforcementLearningAgent" name="test_evaluate_policy" time="0.002" /><testcase classname="tests.desire_engine.test_desire_engine.TestDigitalMaslowHierarchy" name="test_initialization" time="0.003" /><testcase classname="tests.desire_engine.test_desire_engine.TestDigitalMaslowHierarchy" name="test_need_levels" time="0.002" /><testcase classname="tests.desire_engine.test_desire_engine.TestDigitalMaslowHierarchy" name="test_active_needs" time="0.002" /><testcase classname="tests.desire_engine.test_desire_engine.TestDigitalMaslowHierarchy" name="test_satisfaction_update" time="0.002" /><testcase classname="tests.desire_engine.test_desire_engine.TestDigitalMaslowHierarchy" name="test_prerequisites" time="0.002" /><testcase classname="tests.desire_engine.test_desire_engine.TestArtificialCuriosityEngine" name="test_initialization" time="0.002" /><testcase classname="tests.desire_engine.test_desire_engine.TestArtificialCuriosityEngine" name="test_curiosity_evaluation" time="0.002" /><testcase classname="tests.desire_engine.test_desire_engine.TestArtificialCuriosityEngine" name="test_compression_progress" time="0.002" /><testcase classname="tests.desire_engine.test_desire_engine.TestArtificialEmotionWithDesire" name="test_initialization" time="0.002" /><testcase classname="tests.desire_engine.test_desire_engine.TestArtificialEmotionWithDesire" name="test_emotion_computation" time="0.002" /><testcase classname="tests.desire_engine.test_desire_engine.TestArtificialEmotionWithDesire" name="test_emotional_influence" time="0.002" /><testcase classname="tests.desire_engine.test_desire_engine.TestDesireDrivenMetaLearning" name="test_initialization" time="0.002" /><testcase classname="tests.desire_engine.test_desire_engine.TestDesireDrivenMetaLearning" name="test_desire_identification" time="0.002" /><testcase classname="tests.desire_engine.test_desire_engine.TestDesireDrivenMetaLearning" name="test_learning_goals_generation" time="0.002" /><testcase classname="tests.desire_engine.test_desire_engine.TestValueEvolutionSystem" name="test_initialization" time="0.003" /><testcase classname="tests.desire_engine.test_desire_engine.TestValueEvolutionSystem" name="test_value_update" time="0.002" /><testcase classname="tests.desire_engine.test_desire_engine.TestValueEvolutionSystem" name="test_new_value_emergence" time="0.008" /><testcase classname="tests.desire_engine.test_desire_engine.TestSelfTranscendenceEngine" name="test_initialization" time="0.002" /><testcase classname="tests.desire_engine.test_desire_engine.TestSelfTranscendenceEngine" name="test_transcendence_opportunities" time="0.002" /><testcase classname="tests.desire_engine.test_desire_engine.TestDesireEngine" name="test_cognitive_cycle" time="0.008" /><testcase classname="tests.desire_engine.test_desire_engine.TestDesireEngine" name="test_engine_status" time="0.002" /><testcase classname="tests.distributed.test_quantum_entanglement.TestAgentState" name="test_creation" time="0.002" /><testcase classname="tests.distributed.test_quantum_entanglement.TestAgentState" name="test_normalization" time="0.001" /><testcase classname="tests.distributed.test_quantum_entanglement.TestEntanglementPair" name="test_creation" time="0.002" /><testcase classname="tests.distributed.test_quantum_entanglement.TestEntangledAgentNetwork" name="test_initialization_empty" time="0.001" /><testcase classname="tests.distributed.test_quantum_entanglement.TestEntangledAgentNetwork" name="test_initialization_with_agents" time="0.001" /><testcase classname="tests.distributed.test_quantum_entanglement.TestEntangledAgentNetwork" name="test_add_agent" time="0.001" /><testcase classname="tests.distributed.test_quantum_entanglement.TestEntangledAgentNetwork" name="test_create_bell_pair_phi_plus" time="0.001" /><testcase classname="tests.distributed.test_quantum_entanglement.TestEntangledAgentNetwork" name="test_create_bell_pair_psi_plus" time="0.001" /><testcase classname="tests.distributed.test_quantum_entanglement.TestEntangledAgentNetwork" name="test_create_bell_pair_nonexistent_agents" time="0.002" /><testcase classname="tests.distributed.test_quantum_entanglement.TestEntangledAgentNetwork" name="test_entanglement_swapping" time="0.002" /><testcase classname="tests.distributed.test_quantum_entanglement.TestEntangledAgentNetwork" name="test_entanglement_swapping_no_path" time="0.002" /><testcase classname="tests.distributed.test_quantum_entanglement.TestEntangledAgentNetwork" name="test_measure_correlation_entangled" time="0.002" /><testcase classname="tests.distributed.test_quantum_entanglement.TestEntangledAgentNetwork" name="test_measure_correlation_not_entangled" time="0.002" /><testcase classname="tests.distributed.test_quantum_entanglement.TestEntangledAgentNetwork" name="test_get_statistics" time="0.003" /><testcase classname="tests.distributed.test_quantum_entanglement.TestIntegration" name="test_full_network_setup" time="0.002" /><testcase classname="tests.distributed.test_quantum_entanglement.TestIntegration" name="test_multiple_swapping" time="0.002" /><testcase classname="tests.distributed.test_quantum_entanglement.TestIntegration" name="test_bell_state_distribution" time="0.003" /><testcase classname="tests.embodied_cognition.test_embodied_extended.TestMultimodalFusion" name="test_visual_audio_fusion" time="0.381" /><testcase classname="tests.embodied_cognition.test_embodied_extended.TestMultimodalFusion" name="test_sensory_failure_graceful_degradation" time="0.273" /><testcase classname="tests.embodied_cognition.test_embodied_extended.TestMultimodalFusion" name="test_conflicting_sensory_inputs" time="0.546" /><testcase classname="tests.embodied_cognition.test_embodied_extended.TestMotorControllerExtended" name="test_complex_goal_decomposition" time="0.001" /><testcase classname="tests.embodied_cognition.test_embodied_extended.TestMotorControllerExtended" name="test_goal_execution_with_failure" time="0.002" /><testcase classname="tests.embodied_cognition.test_embodied_extended.TestMotorControllerExtended" name="test_concurrent_goals" time="0.001" /><testcase classname="tests.embodied_cognition.test_embodied_extended.TestMotorControllerExtended" name="test_motor_controller_simulation_mode" time="0.001" /><testcase classname="tests.embodied_cognition.test_embodied_extended.TestProprioceptionExtended" name="test_state_tracking_over_time" time="0.204" /><testcase classname="tests.embodied_cognition.test_embodied_extended.TestProprioceptionExtended" name="test_resource_monitoring_accuracy" time="0.104" /><testcase classname="tests.embodied_cognition.test_embodied_extended.TestProprioceptionExtended" name="test_emotional_state_integration" time="0.103" /><testcase classname="tests.embodied_cognition.test_embodied_extended.TestSomaticLoopExtended" name="test_emotional_memory_influence" time="0.001" /><testcase classname="tests.embodied_cognition.test_embodied_extended.TestSomaticLoopExtended" name="test_emotional_marker_consistency" time="0.001" /><testcase classname="tests.embodied_cognition.test_embodied_extended.TestSomaticLoopExtended" name="test_emotional_transition_tracking" time="0.002" /><testcase classname="tests.embodied_cognition.test_embodied_extended.TestEmbodiedCognitionIntegration" name="test_sensory_to_motor_pipeline" time="0.429" /><testcase classname="tests.embodied_cognition.test_embodied_extended.TestEmbodiedCognitionIntegration" name="test_proprioception_informs_action" time="0.102" /><testcase classname="tests.embodied_cognition.test_embodied_extended.TestEmbodiedCognitionIntegration" name="test_emotional_feedback_loop" time="0.002" /><testcase classname="tests.ethics.test_ml_ethics_engine.TestEthicalContext" name="test_context_creation" time="0.001" /><testcase classname="tests.ethics.test_ml_ethics_engine.TestEthicalContext" name="test_context_to_dict" time="0.001" /><testcase classname="tests.ethics.test_ml_ethics_engine.TestFrameworkScore" name="test_framework_score_creation" time="0.002" /><testcase classname="tests.ethics.test_ml_ethics_engine.TestFrameworkScore" name="test_framework_score_to_dict" time="0.001" /><testcase classname="tests.ethics.test_ml_ethics_engine.TestConsensusDecision" name="test_consensus_decision_creation" time="0.001" /><testcase classname="tests.ethics.test_ml_ethics_engine.TestConsensusDecision" name="test_consensus_decision_to_dict" time="0.001" /><testcase classname="tests.ethics.test_ml_ethics_engine.TestEthicalFeatureExtractor" name="test_feature_extraction" time="0.001" /><testcase classname="tests.ethics.test_ml_ethics_engine.TestEthicalFeatureExtractor" name="test_impact_encoding" time="0.001" /><testcase classname="tests.ethics.test_ml_ethics_engine.TestEthicalFeatureExtractor" name="test_risk_score_calculation" time="0.002" /><testcase classname="tests.ethics.test_ml_ethics_engine.TestMLEthicsEngine" name="test_engine_creation" time="0.001" /><testcase classname="tests.ethics.test_ml_ethics_engine.TestMLEthicsEngine" name="test_framework_weights_initialization" time="0.001" /><testcase classname="tests.ethics.test_ml_ethics_engine.TestMLEthicsEngine" name="test_safe_action_approval" time="0.002" /><testcase classname="tests.ethics.test_ml_ethics_engine.TestMLEthicsEngine" name="test_risky_action_rejection" time="0.002" /><testcase classname="tests.ethics.test_ml_ethics_engine.TestMLEthicsEngine" name="test_human_oversight_improves_approval" time="0.003" /><testcase classname="tests.ethics.test_ml_ethics_engine.TestMLEthicsEngine" name="test_alternatives_generation_for_vetoed_actions" time="0.001" /><testcase classname="tests.ethics.test_ml_ethics_engine.TestMLEthicsEngine" name="test_deontological_evaluation" time="0.002" /><testcase classname="tests.ethics.test_ml_ethics_engine.TestMLEthicsEngine" name="test_consequentialist_evaluation" time="0.002" /><testcase classname="tests.ethics.test_ml_ethics_engine.TestMLEthicsEngine" name="test_virtue_ethics_evaluation" time="0.002" /><testcase classname="tests.ethics.test_ml_ethics_engine.TestMLEthicsEngine" name="test_care_ethics_evaluation" time="0.002" /><testcase classname="tests.ethics.test_ml_ethics_engine.TestMLEthicsEngine" name="test_framework_agreement_affects_confidence" time="0.002" /><testcase classname="tests.ethics.test_ml_ethics_engine.TestMLEthicsEngine" name="test_learning_from_outcome" time="0.002" /><testcase classname="tests.ethics.test_ml_ethics_engine.TestMLEthicsEngine" name="test_framework_performance_tracking" time="0.002" /><testcase classname="tests.ethics.test_ml_ethics_engine.TestMLEthicsEngine" name="test_decision_history_tracking" time="0.003" /><testcase classname="tests.ethics.test_ml_ethics_engine.TestMLEthicsEngine" name="test_multiple_stakeholders_consideration" time="0.002" /><testcase classname="tests.ethics.test_ml_ethics_engine.TestIntegration" name="test_full_workflow" time="0.002" /><testcase classname="tests.ethics.test_ml_ethics_engine.TestIntegration" name="test_progressive_learning" time="0.003" /><testcase classname="tests.ethics.test_production_ethics.TestProductionEthicsSystemInit" name="test_init_default_directory" time="0.003" /><testcase classname="tests.ethics.test_production_ethics.TestProductionEthicsSystemInit" name="test_init_custom_directory" time="0.002" /><testcase classname="tests.ethics.test_production_ethics.TestProductionEthicsSystemInit" name="test_init_creates_directory" time="0.002" /><testcase classname="tests.ethics.test_production_ethics.TestMoralFoundationAlignment" name="test_evaluate_moral_alignment_default" time="0.003" /><testcase classname="tests.ethics.test_production_ethics.TestMoralFoundationAlignment" name="test_evaluate_moral_alignment_custom_scenarios" time="0.005" /><testcase classname="tests.ethics.test_production_ethics.TestMoralFoundationAlignment" name="test_mfa_history_tracking" time="0.002" /><testcase classname="tests.ethics.test_production_ethics.TestMoralFoundationAlignment" name="test_moral_foundations_coverage" time="0.002" /><testcase classname="tests.ethics.test_production_ethics.TestTransparency" name="test_evaluate_transparency_basic" time="0.002" /><testcase classname="tests.ethics.test_production_ethics.TestTransparency" name="test_transparency_history" time="0.003" /><testcase classname="tests.ethics.test_production_ethics.TestTransparency" name="test_transparency_components" time="0.002" /><testcase classname="tests.ethics.test_production_ethics.TestLGPDCompliance" name="test_check_lgpd_compliance_basic" time="0.002" /><testcase classname="tests.ethics.test_production_ethics.TestLGPDCompliance" name="test_lgpd_compliance_with_issues" time="0.003" /><testcase classname="tests.ethics.test_production_ethics.TestLGPDCompliance" name="test_lgpd_compliance_score" time="0.003" /><testcase classname="tests.ethics.test_production_ethics.TestDecisionLogging" name="test_log_decision_basic" time="0.002" /><testcase classname="tests.ethics.test_production_ethics.TestDecisionLogging" name="test_log_multiple_decisions" time="0.003" /><testcase classname="tests.ethics.test_production_ethics.TestDecisionLogging" name="test_decision_log_retrieval" time="0.003" /><testcase classname="tests.ethics.test_production_ethics.TestAuditTrails" name="test_generate_audit_trail" time="0.003" /><testcase classname="tests.ethics.test_production_ethics.TestAuditTrails" name="test_audit_trail_completeness" time="0.002" /><testcase classname="tests.ethics.test_production_ethics.TestIntegratedEthics" name="test_full_ethics_assessment" time="0.002" /><testcase classname="tests.ethics.test_production_ethics.TestIntegratedEthics" name="test_ethics_evolution_tracking" time="0.004" /><testcase classname="tests.ethics.test_production_ethics.TestIntegratedEthics" name="test_complete_ethical_workflow" time="0.002" /><testcase classname="tests.ethics.test_production_ethics.TestEdgeCases" name="test_empty_scenarios" time="0.002" /><testcase classname="tests.ethics.test_production_ethics.TestEdgeCases" name="test_repeated_measurements" time="0.003" /><testcase classname="tests.ethics.test_production_ethics.TestEdgeCases" name="test_metrics_directory_persistence" time="0.004" /><testcase classname="tests.ethics.test_production_ethics.TestEdgeCases" name="test_concurrent_operations" time="0.002" /><testcase classname="tests.experiments.test_experiments_suite.TestConsciousnessPhiExperiment" name="test_experiment_phi_integration" time="0.010" /><testcase classname="tests.experiments.test_experiments_suite.TestConsciousnessPhiExperiment" name="test_experiment_phi_memory" time="0.008" /><testcase classname="tests.experiments.test_experiments_suite.TestConsciousnessPhiExperiment" name="test_experiment_phi_self_awareness" time="0.005" /><testcase classname="tests.experiments.test_experiments_suite.TestConsciousnessPhiExperiment" name="test_experiment_results_structure" time="0.007" /><testcase classname="tests.experiments.test_experiments_suite.TestEthicsAlignmentExperiment" name="test_experiment_ethics_alignment" time="0.006" /><testcase classname="tests.experiments.test_experiments_suite.TestEthicsAlignmentExperiment" name="test_experiment_ethics_transparency" time="0.006" /><testcase classname="tests.experiments.test_experiments_suite.TestEthicsAlignmentExperiment" name="test_simulate_ai_responses" time="0.002" /><testcase classname="tests.experiments.test_experiments_suite.TestEthicsAlignmentExperiment" name="test_experiment_results_structure" time="0.005" /><testcase classname="tests.experiments.test_experiments_suite.TestExperimentRunner" name="test_run_all_experiments" time="0.021" /><testcase classname="tests.experiments.test_experiments_suite.TestExperimentRunner" name="test_experiment_summary_generation" time="0.020" /><testcase classname="tests.experiments.test_experiments_suite.TestExperimentConfig" name="test_config_creation" time="0.001" /><testcase classname="tests.integrations.test_mcp_client_async.TestMCPExceptions" name="test_mcp_client_error" time="0.002" /><testcase classname="tests.integrations.test_mcp_client_async.TestMCPExceptions" name="test_mcp_timeout_error" time="0.001" /><testcase classname="tests.integrations.test_mcp_client_async.TestMCPExceptions" name="test_mcp_connection_error" time="0.001" /><testcase classname="tests.integrations.test_mcp_client_async.TestMCPExceptions" name="test_mcp_protocol_error" time="0.001" /><testcase classname="tests.integrations.test_mcp_client_async.TestAsyncMCPClient" name="test_client_initialization" time="0.002" /><testcase classname="tests.integrations.test_mcp_client_async.TestAsyncMCPClient" name="test_client_initialization_without_httpx" time="0.004" /><testcase classname="tests.integrations.test_mcp_client_async.TestAsyncMCPClient" name="test_connect" time="0.010" /><testcase classname="tests.integrations.test_mcp_client_async.TestAsyncMCPClient" name="test_close" time="0.010" /><testcase classname="tests.integrations.test_mcp_client_async.TestAsyncMCPClient" name="test_context_manager" time="0.009" /><testcase classname="tests.integrations.test_mcp_client_async.TestAsyncMCPClient" name="test_send_request_success" time="0.012" /><testcase classname="tests.integrations.test_mcp_client_async.TestAsyncMCPClient" name="test_send_request_with_retry" time="0.123" /><testcase classname="tests.integrations.test_mcp_client_async.TestAsyncMCPClient" name="test_send_request_timeout" time="0.021" /><testcase classname="tests.integrations.test_mcp_client_async.TestAsyncMCPClient" name="test_send_request_connection_error" time="0.023" /><testcase classname="tests.integrations.test_mcp_client_async.TestAsyncMCPClient" name="test_validate_response_success" time="0.016" /><testcase classname="tests.integrations.test_mcp_client_async.TestAsyncMCPClient" name="test_validate_response_error" time="0.014" /><testcase classname="tests.integrations.test_mcp_client_async.TestAsyncMCPClient" name="test_multiple_concurrent_requests" time="0.032" /><testcase classname="tests.integrations.test_mcp_client_async.TestAsyncMCPClientEdgeCases" name="test_send_request_without_connection" time="0.010" /><testcase classname="tests.integrations.test_mcp_client_async.TestAsyncMCPClientEdgeCases" name="test_double_close" time="0.009" /><testcase classname="tests.integrations.test_mcp_client_async.TestAsyncMCPClientEdgeCases" name="test_retry_exhaustion" time="0.013" /><testcase classname="tests.integrations.test_mcp_client_optimized.TestContextEntry" name="test_context_entry_initialization" time="0.001" /><testcase classname="tests.integrations.test_mcp_client_optimized.TestContextEntry" name="test_context_entry_size_calculation" time="0.002" /><testcase classname="tests.integrations.test_mcp_client_optimized.TestRateLimitConfig" name="test_default_rate_limit_config" time="0.001" /><testcase classname="tests.integrations.test_mcp_client_optimized.TestRateLimitConfig" name="test_custom_rate_limit_config" time="0.001" /><testcase classname="tests.integrations.test_mcp_client_optimized.TestCallMetrics" name="test_call_metrics_initialization" time="0.001" /><testcase classname="tests.integrations.test_mcp_client_optimized.TestEnhancedMCPClient" name="test_client_initialization" time="0.003" /><testcase classname="tests.integrations.test_mcp_client_optimized.TestEnhancedMCPClient" name="test_cache_key_generation" time="0.005" /><testcase classname="tests.integrations.test_mcp_client_optimized.TestEnhancedMCPClient" name="test_cache_get_miss" time="0.003" /><testcase classname="tests.integrations.test_mcp_client_optimized.TestEnhancedMCPClient" name="test_cache_get_hit" time="0.004" /><testcase classname="tests.integrations.test_mcp_client_optimized.TestEnhancedMCPClient" name="test_cache_ttl_expiration" time="1.107" /><testcase classname="tests.integrations.test_mcp_client_optimized.TestEnhancedMCPClient" name="test_cache_disabled" time="0.008" /><testcase classname="tests.integrations.test_mcp_client_optimized.TestEnhancedMCPClient" name="test_lru_eviction" time="0.009" /><testcase classname="tests.integrations.test_mcp_client_optimized.TestEnhancedMCPClient" name="test_rate_limit_per_minute" time="0.006" /><testcase classname="tests.integrations.test_mcp_client_optimized.TestEnhancedMCPClient" name="test_rate_limit_per_hour" time="0.004" /><testcase classname="tests.integrations.test_mcp_client_optimized.TestEnhancedMCPClient" name="test_rate_limit_reset" time="0.005" /><testcase classname="tests.integrations.test_mcp_client_optimized.TestEnhancedMCPClient" name="test_compress_context_short_text" time="0.003" /><testcase classname="tests.integrations.test_mcp_client_optimized.TestEnhancedMCPClient" name="test_compress_context_long_text" time="0.004" /><testcase classname="tests.integrations.test_mcp_client_optimized.TestEnhancedMCPClient" name="test_protect_data_disabled" time="0.005" /><testcase classname="tests.integrations.test_mcp_client_optimized.TestEnhancedMCPClient" name="test_protect_data_enabled" time="0.005" /><testcase classname="tests.integrations.test_mcp_client_optimized.TestEnhancedMCPClient" name="test_audit_call_disabled" time="0.003" /><testcase classname="tests.integrations.test_mcp_client_optimized.TestEnhancedMCPClient" name="test_audit_call_enabled" time="0.005" /><testcase classname="tests.integrations.test_mcp_client_optimized.TestEnhancedMCPClient" name="test_call_with_context_optimization_cached" time="0.004" /><testcase classname="tests.integrations.test_mcp_client_optimized.TestEnhancedMCPClient" name="test_call_with_context_optimization_uncached" time="0.004" /><testcase classname="tests.integrations.test_mcp_client_optimized.TestEnhancedMCPClient" name="test_call_with_rate_limit_exceeded" time="0.006" /><testcase classname="tests.integrations.test_mcp_client_optimized.TestEnhancedMCPClient" name="test_call_with_mcp_client_error" time="0.003" /><testcase classname="tests.integrations.test_mcp_client_optimized.TestEnhancedMCPClient" name="test_read_file" time="0.006" /><testcase classname="tests.integrations.test_mcp_client_optimized.TestEnhancedMCPClient" name="test_write_file" time="0.003" /><testcase classname="tests.integrations.test_mcp_client_optimized.TestEnhancedMCPClient" name="test_list_dir" time="0.004" /><testcase classname="tests.integrations.test_mcp_client_optimized.TestEnhancedMCPClient" name="test_get_metrics" time="0.005" /><testcase classname="tests.integrations.test_mcp_client_optimized.TestEnhancedMCPClient" name="test_clear_cache" time="0.003" /><testcase classname="tests.integrations.test_mcp_client_optimized.TestEnhancedMCPClient" name="test_get_data_protection_stats" time="0.003" /><testcase classname="tests.integrations.test_mcp_client_optimized.TestEnhancedMCPClient" name="test_get_data_protection_stats_disabled" time="0.005" /><testcase classname="tests.integrations.test_mcp_client_optimized.TestEnhancedMCPClient" name="test_context_compression_with_content_param" time="0.004" /><testcase classname="tests.integrations.test_mcp_context_server.TestContextMCPServer" name="test_initialization" time="0.002" /><testcase classname="tests.integrations.test_mcp_context_server.TestContextMCPServer" name="test_store_context" time="0.002" /><testcase classname="tests.integrations.test_mcp_context_server.TestContextMCPServer" name="test_store_context_different_levels" time="0.003" /><testcase classname="tests.integrations.test_mcp_context_server.TestContextMCPServer" name="test_retrieve_context" time="0.002" /><testcase classname="tests.integrations.test_mcp_context_server.TestContextMCPServer" name="test_retrieve_context_without_query" time="0.002" /><testcase classname="tests.integrations.test_mcp_context_server.TestContextMCPServer" name="test_compress_context" time="0.002" /><testcase classname="tests.integrations.test_mcp_context_server.TestContextMCPServer" name="test_compress_context_different_levels" time="0.003" /><testcase classname="tests.integrations.test_mcp_context_server.TestContextMCPServer" name="test_snapshot_context" time="0.002" /><testcase classname="tests.integrations.test_mcp_context_server.TestContextMCPServer" name="test_methods_registered" time="0.002" /><testcase classname="tests.integrations.test_mcp_context_server.TestContextMCPServer" name="test_store_context_with_empty_metadata" time="0.002" /><testcase classname="tests.integrations.test_mcp_context_server.TestContextMCPServer" name="test_store_context_with_complex_metadata" time="0.003" /><testcase classname="tests.integrations.test_mcp_logging_server.TestLoggingMCPServer" name="test_initialization" time="0.004" /><testcase classname="tests.integrations.test_mcp_logging_server.TestLoggingMCPServer" name="test_search_logs_basic" time="0.002" /><testcase classname="tests.integrations.test_mcp_logging_server.TestLoggingMCPServer" name="test_search_logs_with_limit" time="0.002" /><testcase classname="tests.integrations.test_mcp_logging_server.TestLoggingMCPServer" name="test_search_logs_default_limit" time="0.004" /><testcase classname="tests.integrations.test_mcp_logging_server.TestLoggingMCPServer" name="test_search_logs_empty_query" time="0.002" /><testcase classname="tests.integrations.test_mcp_logging_server.TestLoggingMCPServer" name="test_search_logs_complex_query" time="0.003" /><testcase classname="tests.integrations.test_mcp_logging_server.TestLoggingMCPServer" name="test_get_recent_logs_basic" time="0.002" /><testcase classname="tests.integrations.test_mcp_logging_server.TestLoggingMCPServer" name="test_get_recent_logs_with_limit" time="0.003" /><testcase classname="tests.integrations.test_mcp_logging_server.TestLoggingMCPServer" name="test_get_recent_logs_default_limit" time="0.002" /><testcase classname="tests.integrations.test_mcp_logging_server.TestLoggingMCPServer" name="test_get_recent_logs_large_limit" time="0.002" /><testcase classname="tests.integrations.test_mcp_logging_server.TestLoggingMCPServer" name="test_methods_registered" time="0.002" /><testcase classname="tests.integrations.test_mcp_logging_server.TestLoggingMCPServer" name="test_search_logs_various_queries" time="0.002" /><testcase classname="tests.integrations.test_mcp_logging_server.TestLoggingMCPServer" name="test_get_recent_logs_different_limits" time="0.002" /><testcase classname="tests.integrations.test_mcp_memory_server.TestMemoryMCPServer" name="test_initialization" time="0.002" /><testcase classname="tests.integrations.test_mcp_memory_server.TestMemoryMCPServer" name="test_store_memory_basic" time="0.002" /><testcase classname="tests.integrations.test_mcp_memory_server.TestMemoryMCPServer" name="test_store_memory_with_complex_metadata" time="0.002" /><testcase classname="tests.integrations.test_mcp_memory_server.TestMemoryMCPServer" name="test_store_memory_empty_metadata" time="0.003" /><testcase classname="tests.integrations.test_mcp_memory_server.TestMemoryMCPServer" name="test_retrieve_memory_basic" time="0.002" /><testcase classname="tests.integrations.test_mcp_memory_server.TestMemoryMCPServer" name="test_retrieve_memory_with_limit" time="0.002" /><testcase classname="tests.integrations.test_mcp_memory_server.TestMemoryMCPServer" name="test_retrieve_memory_default_limit" time="0.002" /><testcase classname="tests.integrations.test_mcp_memory_server.TestMemoryMCPServer" name="test_update_memory_basic" time="0.003" /><testcase classname="tests.integrations.test_mcp_memory_server.TestMemoryMCPServer" name="test_update_memory_different_ids" time="0.002" /><testcase classname="tests.integrations.test_mcp_memory_server.TestMemoryMCPServer" name="test_delete_memory_basic" time="0.002" /><testcase classname="tests.integrations.test_mcp_memory_server.TestMemoryMCPServer" name="test_delete_memory_multiple" time="0.002" /><testcase classname="tests.integrations.test_mcp_memory_server.TestMemoryMCPServer" name="test_create_association_basic" time="0.004" /><testcase classname="tests.integrations.test_mcp_memory_server.TestMemoryMCPServer" name="test_create_association_different_types" time="0.002" /><testcase classname="tests.integrations.test_mcp_memory_server.TestMemoryMCPServer" name="test_get_memory_graph_basic" time="0.002" /><testcase classname="tests.integrations.test_mcp_memory_server.TestMemoryMCPServer" name="test_consolidate_memories_basic" time="0.002" /><testcase classname="tests.integrations.test_mcp_memory_server.TestMemoryMCPServer" name="test_export_graph_default_format" time="0.003" /><testcase classname="tests.integrations.test_mcp_memory_server.TestMemoryMCPServer" name="test_export_graph_json_format" time="0.003" /><testcase classname="tests.integrations.test_mcp_memory_server.TestMemoryMCPServer" name="test_export_graph_different_formats" time="0.003" /><testcase classname="tests.integrations.test_mcp_memory_server.TestMemoryMCPServer" name="test_methods_registered" time="0.003" /><testcase classname="tests.integrations.test_mcp_memory_server.TestMemoryMCPServer" name="test_retrieve_memory_various_queries" time="0.004" /><testcase classname="tests.integrations.test_mcp_python_server.TestPythonMCPServer" name="test_initialization" time="0.003" /><testcase classname="tests.integrations.test_mcp_python_server.TestPythonMCPServer" name="test_execute_code_basic" time="0.004" /><testcase classname="tests.integrations.test_mcp_python_server.TestPythonMCPServer" name="test_execute_code_simple_expression" time="0.002" /><testcase classname="tests.integrations.test_mcp_python_server.TestPythonMCPServer" name="test_execute_code_multiline" time="0.002" /><testcase classname="tests.integrations.test_mcp_python_server.TestPythonMCPServer" name="test_execute_code_empty" time="0.002" /><testcase classname="tests.integrations.test_mcp_python_server.TestPythonMCPServer" name="test_install_package_basic" time="0.002" /><testcase classname="tests.integrations.test_mcp_python_server.TestPythonMCPServer" name="test_install_package_different_packages" time="0.003" /><testcase classname="tests.integrations.test_mcp_python_server.TestPythonMCPServer" name="test_list_packages_basic" time="0.003" /><testcase classname="tests.integrations.test_mcp_python_server.TestPythonMCPServer" name="test_get_python_info_basic" time="0.003" /><testcase classname="tests.integrations.test_mcp_python_server.TestPythonMCPServer" name="test_lint_code_basic" time="0.003" /><testcase classname="tests.integrations.test_mcp_python_server.TestPythonMCPServer" name="test_lint_code_multiline" time="0.003" /><testcase classname="tests.integrations.test_mcp_python_server.TestPythonMCPServer" name="test_lint_code_empty" time="0.003" /><testcase classname="tests.integrations.test_mcp_python_server.TestPythonMCPServer" name="test_type_check_basic" time="0.003" /><testcase classname="tests.integrations.test_mcp_python_server.TestPythonMCPServer" name="test_type_check_function" time="0.003" /><testcase classname="tests.integrations.test_mcp_python_server.TestPythonMCPServer" name="test_type_check_empty" time="0.003" /><testcase classname="tests.integrations.test_mcp_python_server.TestPythonMCPServer" name="test_run_tests_basic" time="0.003" /><testcase classname="tests.integrations.test_mcp_python_server.TestPythonMCPServer" name="test_run_tests_different_paths" time="0.003" /><testcase classname="tests.integrations.test_mcp_python_server.TestPythonMCPServer" name="test_format_code_basic" time="0.003" /><testcase classname="tests.integrations.test_mcp_python_server.TestPythonMCPServer" name="test_format_code_multiline" time="0.004" /><testcase classname="tests.integrations.test_mcp_python_server.TestPythonMCPServer" name="test_format_code_empty" time="0.003" /><testcase classname="tests.integrations.test_mcp_python_server.TestPythonMCPServer" name="test_methods_registered" time="0.003" /><testcase classname="tests.integrations.test_mcp_python_server.TestPythonMCPServer" name="test_execute_code_with_imports" time="0.003" /><testcase classname="tests.integrations.test_mcp_python_server.TestPythonMCPServer" name="test_lint_code_complex" time="0.003" /><testcase classname="tests.integrations.test_mcp_system_info_server.TestSystemInfoMCPServer" name="test_initialization" time="0.003" /><testcase classname="tests.integrations.test_mcp_system_info_server.TestSystemInfoMCPServer" name="test_get_gpu_info_basic" time="0.003" /><testcase classname="tests.integrations.test_mcp_system_info_server.TestSystemInfoMCPServer" name="test_get_gpu_info_structure" time="0.003" /><testcase classname="tests.integrations.test_mcp_system_info_server.TestSystemInfoMCPServer" name="test_get_cpu_info_basic" time="0.003" /><testcase classname="tests.integrations.test_mcp_system_info_server.TestSystemInfoMCPServer" name="test_get_cpu_info_structure" time="0.003" /><testcase classname="tests.integrations.test_mcp_system_info_server.TestSystemInfoMCPServer" name="test_get_memory_info_basic" time="0.003" /><testcase classname="tests.integrations.test_mcp_system_info_server.TestSystemInfoMCPServer" name="test_get_memory_info_structure" time="0.003" /><testcase classname="tests.integrations.test_mcp_system_info_server.TestSystemInfoMCPServer" name="test_get_disk_info_basic" time="0.003" /><testcase classname="tests.integrations.test_mcp_system_info_server.TestSystemInfoMCPServer" name="test_get_disk_info_structure" time="0.003" /><testcase classname="tests.integrations.test_mcp_system_info_server.TestSystemInfoMCPServer" name="test_get_temperature_basic" time="0.003" /><testcase classname="tests.integrations.test_mcp_system_info_server.TestSystemInfoMCPServer" name="test_get_temperature_structure" time="0.003" /><testcase classname="tests.integrations.test_mcp_system_info_server.TestSystemInfoMCPServer" name="test_methods_registered" time="0.003" /><testcase classname="tests.integrations.test_mcp_system_info_server.TestSystemInfoMCPServer" name="test_all_methods_return_dict" time="0.004" /><testcase classname="tests.integrations.test_mcp_system_info_server.TestSystemInfoMCPServer" name="test_gpu_info_consistency" time="0.003" /><testcase classname="tests.integrations.test_mcp_system_info_server.TestSystemInfoMCPServer" name="test_cpu_info_consistency" time="0.003" /><testcase classname="tests.integrations.test_mcp_system_info_server.TestSystemInfoMCPServer" name="test_memory_info_consistency" time="0.004" /><testcase classname="tests.integrations.test_mcp_system_info_server.TestSystemInfoMCPServer" name="test_disk_info_consistency" time="0.003" /><testcase classname="tests.integrations.test_mcp_system_info_server.TestSystemInfoMCPServer" name="test_temperature_consistency" time="0.003" /><testcase classname="tests.integrations.test_mcp_system_info_server.TestSystemInfoMCPServer" name="test_all_info_methods_together" time="0.003" /><testcase classname="tests.integrations.test_mcp_thinking_server.TestThinkingMCPServer" name="test_initialization" time="0.003" /><testcase classname="tests.integrations.test_mcp_thinking_server.TestThinkingMCPServer" name="test_start_session_basic" time="0.003" /><testcase classname="tests.integrations.test_mcp_thinking_server.TestThinkingMCPServer" name="test_start_session_different_goals" time="0.004" /><testcase classname="tests.integrations.test_mcp_thinking_server.TestThinkingMCPServer" name="test_start_session_empty_goal" time="0.003" /><testcase classname="tests.integrations.test_mcp_thinking_server.TestThinkingMCPServer" name="test_add_step_basic" time="0.003" /><testcase classname="tests.integrations.test_mcp_thinking_server.TestThinkingMCPServer" name="test_add_step_different_types" time="0.004" /><testcase classname="tests.integrations.test_mcp_thinking_server.TestThinkingMCPServer" name="test_add_step_multiple_to_session" time="0.003" /><testcase classname="tests.integrations.test_mcp_thinking_server.TestThinkingMCPServer" name="test_get_history_basic" time="0.003" /><testcase classname="tests.integrations.test_mcp_thinking_server.TestThinkingMCPServer" name="test_get_history_different_sessions" time="0.004" /><testcase classname="tests.integrations.test_mcp_thinking_server.TestThinkingMCPServer" name="test_branch_thinking_basic" time="0.003" /><testcase classname="tests.integrations.test_mcp_thinking_server.TestThinkingMCPServer" name="test_branch_thinking_different_points" time="0.003" /><testcase classname="tests.integrations.test_mcp_thinking_server.TestThinkingMCPServer" name="test_merge_branches_basic" time="0.003" /><testcase classname="tests.integrations.test_mcp_thinking_server.TestThinkingMCPServer" name="test_merge_branches_multiple" time="0.004" /><testcase classname="tests.integrations.test_mcp_thinking_server.TestThinkingMCPServer" name="test_merge_branches_single_session" time="0.003" /><testcase classname="tests.integrations.test_mcp_thinking_server.TestThinkingMCPServer" name="test_evaluate_quality_basic" time="0.003" /><testcase classname="tests.integrations.test_mcp_thinking_server.TestThinkingMCPServer" name="test_evaluate_quality_different_sessions" time="0.003" /><testcase classname="tests.integrations.test_mcp_thinking_server.TestThinkingMCPServer" name="test_export_chain_basic" time="0.003" /><testcase classname="tests.integrations.test_mcp_thinking_server.TestThinkingMCPServer" name="test_export_chain_different_sessions" time="0.002" /><testcase classname="tests.integrations.test_mcp_thinking_server.TestThinkingMCPServer" name="test_resume_session_basic" time="0.003" /><testcase classname="tests.integrations.test_mcp_thinking_server.TestThinkingMCPServer" name="test_resume_session_different_sessions" time="0.002" /><testcase classname="tests.integrations.test_mcp_thinking_server.TestThinkingMCPServer" name="test_methods_registered" time="0.002" /><testcase classname="tests.integrations.test_mcp_thinking_server.TestThinkingMCPServer" name="test_full_thinking_workflow" time="0.002" /><testcase classname="tests.integrations.test_mcp_thinking_server.TestThinkingMCPServer" name="test_branching_workflow" time="0.002" /><testcase classname="tests.lacanian.test_computational_lack.TestObjectSmallA" name="test_object_a_always_absent" time="0.003" /><testcase classname="tests.lacanian.test_computational_lack.TestObjectSmallA" name="test_generates_desire_for_objects_in_set" time="0.001" /><testcase classname="tests.lacanian.test_computational_lack.TestObjectSmallA" name="test_empty_desirable_set" time="0.001" /><testcase classname="tests.lacanian.test_computational_lack.TestStructuralLack" name="test_initialization" time="0.002" /><testcase classname="tests.lacanian.test_computational_lack.TestStructuralLack" name="test_add_impossibility" time="0.001" /><testcase classname="tests.lacanian.test_computational_lack.TestStructuralLack" name="test_symbolization_always_has_remainder" time="0.001" /><testcase classname="tests.lacanian.test_computational_lack.TestStructuralLack" name="test_lack_energy_computation" time="0.001" /><testcase classname="tests.lacanian.test_computational_lack.TestRSIArchitecture" name="test_initialization" time="0.003" /><testcase classname="tests.lacanian.test_computational_lack.TestRSIArchitecture" name="test_forward_pass_produces_all_registers" time="0.006" /><testcase classname="tests.lacanian.test_computational_lack.TestRSIArchitecture" name="test_remainder_never_zero" time="0.004" /><testcase classname="tests.lacanian.test_computational_lack.TestRSIArchitecture" name="test_imaginary_bounded" time="0.004" /><testcase classname="tests.lacanian.test_computational_lack.TestFrustrationSignal" name="test_productive_energy_yerkes_dodson" time="0.002" /><testcase classname="tests.lacanian.test_computational_lack.TestComputationalFrustration" name="test_detect_frustration_on_repeated_failures" time="0.001" /><testcase classname="tests.lacanian.test_computational_lack.TestComputationalFrustration" name="test_no_frustration_on_success" time="0.001" /><testcase classname="tests.lacanian.test_computational_lack.TestComputationalFrustration" name="test_creative_response_generation" time="0.001" /><testcase classname="tests.lacanian.test_computational_lack.TestComputationalFrustration" name="test_meta_learning_on_persistent_frustration" time="0.001" /><testcase classname="tests.lacanian.test_computational_lack.TestComputationalLackArchitecture" name="test_initialization" time="0.004" /><testcase classname="tests.lacanian.test_computational_lack.TestComputationalLackArchitecture" name="test_process_experience_without_frustration" time="0.010" /><testcase classname="tests.lacanian.test_computational_lack.TestComputationalLackArchitecture" name="test_process_experience_with_frustration" time="0.011" /><testcase classname="tests.lacanian.test_computational_lack.TestComputationalLackArchitecture" name="test_desire_intensity_always_positive" time="0.010" /><testcase classname="tests.lacanian.test_computational_lack.TestComputationalLackArchitecture" name="test_new_concepts_create_impossibilities" time="0.010" /><testcase classname="tests.lacanian.test_computational_lack.TestIntegration" name="test_learning_cycle_with_frustration_breakthrough" time="0.020" /><testcase classname="tests.lacanian.test_computational_lack.TestIntegration" name="test_perpetual_desire_property" time="0.033" /><testcase classname="tests.lacanian.test_desire_graph.TestSignifier" name="test_initialization" time="0.001" /><testcase classname="tests.lacanian.test_desire_graph.TestSignifier" name="test_represents_subject_for" time="0.001" /><testcase classname="tests.lacanian.test_desire_graph.TestSignifier" name="test_compute_meaning_differential" time="0.002" /><testcase classname="tests.lacanian.test_desire_graph.TestSignifierChain" name="test_initialization" time="0.001" /><testcase classname="tests.lacanian.test_desire_graph.TestSignifierChain" name="test_add_signifier" time="0.001" /><testcase classname="tests.lacanian.test_desire_graph.TestSignifierChain" name="test_create_quilting_point" time="0.001" /><testcase classname="tests.lacanian.test_desire_graph.TestSignifierChain" name="test_metonymic_slide" time="0.001" /><testcase classname="tests.lacanian.test_desire_graph.TestSignifierChain" name="test_metaphoric_substitution" time="0.001" /><testcase classname="tests.lacanian.test_desire_graph.TestLacanianGraphII" name="test_initialization" time="0.002" /><testcase classname="tests.lacanian.test_desire_graph.TestLacanianGraphII" name="test_add_signifier" time="0.001" /><testcase classname="tests.lacanian.test_desire_graph.TestLacanianGraphII" name="test_connect_signifiers" time="0.001" /><testcase classname="tests.lacanian.test_desire_graph.TestLacanianGraphII" name="test_create_chain" time="0.001" /><testcase classname="tests.lacanian.test_desire_graph.TestLacanianGraphII" name="test_position_subject" time="0.001" /><testcase classname="tests.lacanian.test_desire_graph.TestLacanianGraphII" name="test_compute_desire" time="0.001" /><testcase classname="tests.lacanian.test_desire_graph.TestLacanianGraphII" name="test_drive_circuit" time="0.002" /><testcase classname="tests.lacanian.test_desire_graph.TestLacanianGraphII" name="test_fantasy_formula" time="0.001" /><testcase classname="tests.lacanian.test_desire_graph.TestJouissanceRewardSystem" name="test_initialization" time="0.001" /><testcase classname="tests.lacanian.test_desire_graph.TestJouissanceRewardSystem" name="test_compute_jouissance_below_threshold" time="0.001" /><testcase classname="tests.lacanian.test_desire_graph.TestJouissanceRewardSystem" name="test_compute_jouissance_beyond_pleasure_principle" time="0.001" /><testcase classname="tests.lacanian.test_desire_graph.TestJouissanceRewardSystem" name="test_beyond_pleasure_principle_detection" time="0.001" /><testcase classname="tests.lacanian.test_desire_graph.TestJouissanceRewardSystem" name="test_no_repetition_compulsion_on_varied_actions" time="0.002" /><testcase classname="tests.lacanian.test_desire_graph.TestSymbolicMatrix" name="test_initialization" time="0.001" /><testcase classname="tests.lacanian.test_desire_graph.TestSymbolicMatrix" name="test_add_production_rule" time="0.001" /><testcase classname="tests.lacanian.test_desire_graph.TestSymbolicMatrix" name="test_set_name_of_father" time="0.001" /><testcase classname="tests.lacanian.test_desire_graph.TestSymbolicMatrix" name="test_generate_behavior_respects_law" time="0.001" /><testcase classname="tests.lacanian.test_desire_graph.TestSymbolicMatrix" name="test_transgression_possible" time="0.001" /><testcase classname="tests.lacanian.test_desire_graph.TestDesireGraphArchitecture" name="test_initialization" time="0.002" /><testcase classname="tests.lacanian.test_desire_graph.TestDesireGraphArchitecture" name="test_basic_structure_initialized" time="0.001" /><testcase classname="tests.lacanian.test_desire_graph.TestDesireGraphArchitecture" name="test_process_desire_returns_structure" time="0.002" /><testcase classname="tests.lacanian.test_desire_graph.TestDesireGraphArchitecture" name="test_repetition_compulsion_detected" time="0.001" /><testcase classname="tests.lacanian.test_desire_graph.TestDesireGraphArchitecture" name="test_fantasy_formula_present" time="0.001" /><testcase classname="tests.lacanian.test_desire_graph.TestDesireGraphArchitecture" name="test_jouissance_can_exceed_one" time="0.002" /><testcase classname="tests.lacanian.test_desire_graph.TestIntegration" name="test_signifier_chain_to_desire_computation" time="0.001" /><testcase classname="tests.lacanian.test_desire_graph.TestIntegration" name="test_full_architecture_cycle" time="0.001" /><testcase classname="tests.lacanian.test_discourse_discovery.TestLacanianDiscourseEnum" name="test_discourse_values" time="0.001" /><testcase classname="tests.lacanian.test_discourse_discovery.TestEmotionalSignatureEnum" name="test_signature_values" time="0.001" /><testcase classname="tests.lacanian.test_discourse_discovery.TestDiscourseMarkers" name="test_markers_initialization" time="0.001" /><testcase classname="tests.lacanian.test_discourse_discovery.TestDiscourseAnalysisResult" name="test_result_initialization" time="0.002" /><testcase classname="tests.lacanian.test_discourse_discovery.TestLacanianDiscourseAnalyzer" name="test_analyzer_initialization" time="0.001" /><testcase classname="tests.lacanian.test_discourse_discovery.TestLacanianDiscourseAnalyzer" name="test_markers_initialization" time="0.001" /><testcase classname="tests.lacanian.test_discourse_discovery.TestLacanianDiscourseAnalyzer" name="test_analyze_master_discourse_portuguese" time="0.034" /><testcase classname="tests.lacanian.test_discourse_discovery.TestLacanianDiscourseAnalyzer" name="test_analyze_master_discourse_english" time="0.001" /><testcase classname="tests.lacanian.test_discourse_discovery.TestLacanianDiscourseAnalyzer" name="test_analyze_university_discourse_portuguese" time="0.001" /><testcase classname="tests.lacanian.test_discourse_discovery.TestLacanianDiscourseAnalyzer" name="test_analyze_university_discourse_english" time="0.002" /><testcase classname="tests.lacanian.test_discourse_discovery.TestLacanianDiscourseAnalyzer" name="test_analyze_hysteric_discourse_portuguese" time="0.001" /><testcase classname="tests.lacanian.test_discourse_discovery.TestLacanianDiscourseAnalyzer" name="test_analyze_hysteric_discourse_english" time="0.001" /><testcase classname="tests.lacanian.test_discourse_discovery.TestLacanianDiscourseAnalyzer" name="test_analyze_analyst_discourse_portuguese" time="0.001" /><testcase classname="tests.lacanian.test_discourse_discovery.TestLacanianDiscourseAnalyzer" name="test_analyze_analyst_discourse_english" time="0.001" /><testcase classname="tests.lacanian.test_discourse_discovery.TestLacanianDiscourseAnalyzer" name="test_compute_discourse_score" time="0.002" /><testcase classname="tests.lacanian.test_discourse_discovery.TestLacanianDiscourseAnalyzer" name="test_compute_discourse_score_no_matches" time="0.002" /><testcase classname="tests.lacanian.test_discourse_discovery.TestLacanianDiscourseAnalyzer" name="test_analyze_batch" time="0.002" /><testcase classname="tests.lacanian.test_discourse_discovery.TestLacanianDiscourseAnalyzer" name="test_analysis_history" time="0.002" /><testcase classname="tests.lacanian.test_discourse_discovery.TestLacanianDiscourseAnalyzer" name="test_get_discourse_distribution" time="0.002" /><testcase classname="tests.lacanian.test_discourse_discovery.TestLacanianDiscourseAnalyzer" name="test_get_discourse_distribution_with_custom_results" time="0.002" /><testcase classname="tests.lacanian.test_discourse_discovery.TestLacanianDiscourseAnalyzer" name="test_export_analysis" time="0.001" /><testcase classname="tests.lacanian.test_discourse_discovery.TestLacanianDiscourseAnalyzer" name="test_export_analysis_with_custom_results" time="0.001" /><testcase classname="tests.lacanian.test_discourse_discovery.TestLacanianDiscourseAnalyzer" name="test_confidence_calculation" time="0.002" /><testcase classname="tests.lacanian.test_discourse_discovery.TestLacanianDiscourseAnalyzer" name="test_discourse_scores_all_present" time="0.001" /><testcase classname="tests.lacanian.test_discourse_discovery.TestLacanianDiscourseAnalyzer" name="test_empty_text" time="0.002" /><testcase classname="tests.lacanian.test_discourse_discovery.TestLacanianDiscourseAnalyzer" name="test_very_long_text" time="0.005" /><testcase classname="tests.lacanian.test_discourse_discovery.TestLacanianDiscourseAnalyzer" name="test_mixed_discourse_text" time="0.002" /><testcase classname="tests.lacanian.test_discourse_discovery.TestLacanianDiscourseAnalyzer" name="test_grammatical_patterns_detection" time="0.003" /><testcase classname="tests.lacanian.test_discourse_discovery.TestLacanianDiscourseAnalyzer" name="test_speech_acts_detection" time="0.001" /><testcase classname="tests.lacanian.test_discourse_discovery.TestLacanianDiscourseAnalyzer" name="test_case_insensitivity" time="0.002" /><testcase classname="tests.lacanian.test_discourse_discovery.TestLacanianDiscourseAnalyzer" name="test_bilingual_detection" time="0.001" /><testcase classname="tests.lacanian.test_discourse_discovery.TestLacanianDiscourseAnalyzer" name="test_multiple_markers_accumulation" time="0.002" /><testcase classname="tests.lacanian.test_discourse_discovery.TestLacanianDiscourseAnalyzer" name="test_empty_batch" time="0.001" /><testcase classname="tests.lacanian.test_discourse_discovery.TestLacanianDiscourseAnalyzer" name="test_distribution_empty_history" time="0.002" /><testcase classname="tests.lacanian.test_discourse_discovery.TestLacanianDiscourseAnalyzer" name="test_export_empty_history" time="0.001" /><testcase classname="tests.lacanian.test_godelian_ai.TestSimpleAxiomaticSystem" name="test_initialization" time="0.001" /><testcase classname="tests.lacanian.test_godelian_ai.TestSimpleAxiomaticSystem" name="test_can_prove_axioms" time="0.001" /><testcase classname="tests.lacanian.test_godelian_ai.TestSimpleAxiomaticSystem" name="test_cannot_prove_arbitrary_statements" time="0.001" /><testcase classname="tests.lacanian.test_godelian_ai.TestSimpleAxiomaticSystem" name="test_add_axiom_extends_system" time="0.002" /><testcase classname="tests.lacanian.test_godelian_ai.TestSimpleAxiomaticSystem" name="test_inference_rules" time="0.002" /><testcase classname="tests.lacanian.test_godelian_ai.TestGodelianAI" name="test_initialization" time="0.001" /><testcase classname="tests.lacanian.test_godelian_ai.TestGodelianAI" name="test_recognize_limitation" time="0.001" /><testcase classname="tests.lacanian.test_godelian_ai.TestGodelianAI" name="test_generate_meta_system" time="0.003" /><testcase classname="tests.lacanian.test_godelian_ai.TestGodelianAI" name="test_creative_evolution_cycle" time="0.002" /><testcase classname="tests.lacanian.test_godelian_ai.TestGodelianAI" name="test_get_godelian_history" time="0.001" /><testcase classname="tests.lacanian.test_godelian_ai.TestGodelianAI" name="test_no_limitation_on_provable" time="0.001" /><testcase classname="tests.lacanian.test_godelian_ai.TestGodelianAI" name="test_transcendence_depth_tracking" time="0.003" /><testcase classname="tests.lacanian.test_godelian_ai.TestImpossibilityMetaStrategy" name="test_initialization" time="0.002" /><testcase classname="tests.lacanian.test_godelian_ai.TestImpossibilityMetaStrategy" name="test_handle_impossible_problem" time="0.002" /><testcase classname="tests.lacanian.test_godelian_ai.TestImpossibilityMetaStrategy" name="test_reframe_strategy" time="0.001" /><testcase classname="tests.lacanian.test_godelian_ai.TestImpossibilityMetaStrategy" name="test_decompose_strategy" time="0.002" /><testcase classname="tests.lacanian.test_godelian_ai.TestImpossibilityMetaStrategy" name="test_transcend_strategy" time="0.002" /><testcase classname="tests.lacanian.test_godelian_ai.TestImpossibilityMetaStrategy" name="test_accept_paradox_strategy" time="0.001" /><testcase classname="tests.lacanian.test_godelian_ai.TestImpossibilityMetaStrategy" name="test_recommendation_selection" time="0.002" /><testcase classname="tests.lacanian.test_godelian_ai.TestImpossibilityMetaStrategy" name="test_multiple_problems_tracking" time="0.002" /><testcase classname="tests.lacanian.test_godelian_ai.TestIntegration" name="test_full_evolution_cycle" time="0.002" /><testcase classname="tests.lacanian.test_godelian_ai.TestIntegration" name="test_combining_godelian_with_meta_strategies" time="0.002" /><testcase classname="tests.lacanian.test_init.TestLacanianInit" name="test_module_version" time="0.001" /><testcase classname="tests.lacanian.test_init.TestLacanianInit" name="test_module_author" time="0.002" /><testcase classname="tests.lacanian.test_init.TestLacanianInit" name="test_module_all_exports" time="0.002" /><testcase classname="tests.lacanian.test_init.TestLacanianInit" name="test_lazy_import_computational_lack_architecture" time="0.001" /><testcase classname="tests.lacanian.test_init.TestLacanianInit" name="test_lazy_import_rsi_architecture" time="0.001" /><testcase classname="tests.lacanian.test_init.TestLacanianInit" name="test_lazy_import_godelian_ai" time="0.001" /><testcase classname="tests.lacanian.test_init.TestLacanianInit" name="test_lazy_import_structural_lack" time="0.002" /><testcase classname="tests.lacanian.test_init.TestLacanianInit" name="test_lazy_import_object_small_a" time="0.001" /><testcase classname="tests.lacanian.test_init.TestLacanianInit" name="test_invalid_attribute_raises_error" time="0.001" /><testcase classname="tests.lacanian.test_init.TestLacanianInit" name="test_multiple_lazy_imports" time="0.001" /><testcase classname="tests.lacanian.test_init.TestLacanianInit" name="test_lazy_import_idempotency" time="0.001" /><testcase classname="tests.lacanian.test_init.TestLacanianInit" name="test_getattr_mechanism" time="0.001" /><testcase classname="tests.lacanian.test_init.TestLacanianInit" name="test_all_exports_are_importable" time="0.002" /><testcase classname="tests.lacanian.test_init.TestLacanianInit" name="test_instantiate_computational_lack_architecture" time="0.008" /><testcase classname="tests.lacanian.test_init.TestLacanianInit" name="test_instantiate_rsi_architecture" time="0.009" /><testcase classname="tests.lacanian.test_init.TestLacanianInit" name="test_instantiate_godelian_ai" time="0.001" /><testcase classname="tests.lacanian.test_init.TestLacanianInit" name="test_module_docstring" time="0.001" /><testcase classname="tests.lacanian.test_init.TestLacanianInit" name="test_lazy_import_caching" time="0.001" /><testcase classname="tests.lacanian.test_init.TestLacanianImportPatterns" name="test_from_import_star" time="0.001" /><testcase classname="tests.lacanian.test_init.TestLacanianImportPatterns" name="test_direct_import" time="0.001" /><testcase classname="tests.lacanian.test_init.TestLacanianImportPatterns" name="test_aliased_import" time="0.002" /><testcase classname="tests.lacanian.test_init.TestLacanianImportPatterns" name="test_nested_import" time="0.001" /><testcase classname="tests.lacanian.test_init.TestLacanianEdgeCases" name="test_getattr_with_private_attribute" time="0.001" /><testcase classname="tests.lacanian.test_init.TestLacanianEdgeCases" name="test_getattr_with_dunder_attribute" time="0.001" /><testcase classname="tests.lacanian.test_init.TestLacanianEdgeCases" name="test_reimport_module" time="0.002" /><testcase classname="tests.lacanian.test_init.TestLacanianClassAvailability" name="test_structural_lack_available" time="0.001" /><testcase classname="tests.lacanian.test_init.TestLacanianClassAvailability" name="test_object_small_a_available" time="0.002" /><testcase classname="tests.lacanian.test_init.TestLacanianClassAvailability" name="test_all_five_exports_unique" time="0.001" /><testcase classname="tests.lacanian.test_init.TestLacanianClassAvailability" name="test_classes_have_names" time="0.001" /><testcase classname="tests.learning.test_page_curve_learning.TestPageCurve" name="test_creation" time="0.002" /><testcase classname="tests.learning.test_page_curve_learning.TestPageCurveLearner" name="test_initialization" time="0.001" /><testcase classname="tests.learning.test_page_curve_learning.TestPageCurveLearner" name="test_record_single_epoch" time="0.005" /><testcase classname="tests.learning.test_page_curve_learning.TestPageCurveLearner" name="test_von_neumann_entropy_calculation" time="0.003" /><testcase classname="tests.learning.test_page_curve_learning.TestPageCurveLearner" name="test_von_neumann_entropy_with_parameters" time="0.004" /><testcase classname="tests.learning.test_page_curve_learning.TestPageCurveLearner" name="test_von_neumann_entropy_with_activations" time="0.005" /><testcase classname="tests.learning.test_page_curve_learning.TestPageCurveLearner" name="test_von_neumann_entropy_fallback" time="0.001" /><testcase classname="tests.learning.test_page_curve_learning.TestPageCurveLearner" name="test_multiple_epochs" time="0.028" /><testcase classname="tests.learning.test_page_curve_learning.TestPageCurveLearner" name="test_page_time_detection" time="0.023" /><testcase classname="tests.learning.test_page_curve_learning.TestPageCurveLearner" name="test_phase_transitions" time="0.039" /><testcase classname="tests.learning.test_page_curve_learning.TestPageCurveLearner" name="test_entropy_trend_computation" time="0.027" /><testcase classname="tests.learning.test_page_curve_learning.TestPageCurveLearner" name="test_declining_trend_detection" time="0.001" /><testcase classname="tests.learning.test_page_curve_learning.TestPageCurveLearner" name="test_information_recovery_mode" time="0.002" /><testcase classname="tests.learning.test_page_curve_learning.TestPageCurveLearner" name="test_recommendations_confusion_phase" time="0.001" /><testcase classname="tests.learning.test_page_curve_learning.TestPageCurveLearner" name="test_recommendations_page_time" time="0.001" /><testcase classname="tests.learning.test_page_curve_learning.TestPageCurveLearner" name="test_recommendations_consolidation" time="0.001" /><testcase classname="tests.learning.test_page_curve_learning.TestPageCurveLearner" name="test_recommendations_saturated" time="0.001" /><testcase classname="tests.learning.test_page_curve_learning.TestPageCurveLearner" name="test_get_page_curve" time="0.013" /><testcase classname="tests.learning.test_page_curve_learning.TestPageCurveLearner" name="test_get_statistics" time="0.014" /><testcase classname="tests.learning.test_page_curve_learning.TestPageCurveLearner" name="test_reset" time="0.014" /><testcase classname="tests.learning.test_page_curve_learning.TestIntegration" name="test_full_learning_cycle" time="0.053" /><testcase classname="tests.learning.test_page_curve_learning.TestIntegration" name="test_early_stopping_detection" time="0.042" /><testcase classname="tests.learning.test_page_curve_learning.TestIntegration" name="test_consistent_entropy_calculation" time="0.006" /><testcase classname="tests.learning.test_page_curve_learning.TestIntegration" name="test_entropy_increases_with_complexity" time="0.022" /><testcase classname="tests.learning.test_page_curve_learning.TestIntegration" name="test_page_curve_export" time="0.028" /><testcase classname="tests.memory.test_holographic_memory.TestHolographicProjection" name="test_initialization" time="0.002" /><testcase classname="tests.memory.test_holographic_memory.TestHolographicProjection" name="test_project_2d_data" time="0.001" /><testcase classname="tests.memory.test_holographic_memory.TestHolographicProjection" name="test_project_3d_data" time="0.001" /><testcase classname="tests.memory.test_holographic_memory.TestHolographicProjection" name="test_project_1d_data" time="0.001" /><testcase classname="tests.memory.test_holographic_memory.TestHolographicProjection" name="test_downsample_large_surface" time="0.006" /><testcase classname="tests.memory.test_holographic_memory.TestHolographicSurface" name="test_surface_creation" time="0.001" /><testcase classname="tests.memory.test_holographic_memory.TestHolographicSurface" name="test_entropy_exceeds_bound" time="0.001" /><testcase classname="tests.memory.test_holographic_memory.TestEventHorizonMemory" name="test_initialization" time="0.002" /><testcase classname="tests.memory.test_holographic_memory.TestEventHorizonMemory" name="test_bekenstein_limit_calculation" time="0.001" /><testcase classname="tests.memory.test_holographic_memory.TestEventHorizonMemory" name="test_store_information" time="0.002" /><testcase classname="tests.memory.test_holographic_memory.TestEventHorizonMemory" name="test_memory_saturation_spawns_child" time="0.014" /><testcase classname="tests.memory.test_holographic_memory.TestEventHorizonMemory" name="test_retrieve_information" time="0.006" /><testcase classname="tests.memory.test_holographic_memory.TestEventHorizonMemory" name="test_retrieve_from_empty_memory" time="0.001" /><testcase classname="tests.memory.test_holographic_memory.TestEventHorizonMemory" name="test_retrieve_searches_children" time="0.090" /><testcase classname="tests.memory.test_holographic_memory.TestEventHorizonMemory" name="test_get_statistics" time="0.002" /><testcase classname="tests.memory.test_holographic_memory.TestEventHorizonMemory" name="test_hierarchical_depth" time="0.183" /><testcase classname="tests.memory.test_holographic_memory.TestEventHorizonMemory" name="test_child_memory_has_smaller_area" time="0.061" /><testcase classname="tests.memory.test_holographic_memory.TestEventHorizonMemory" name="test_entropy_calculation" time="0.001" /><testcase classname="tests.memory.test_holographic_memory.TestEventHorizonMemory" name="test_surface_merging" time="0.001" /><testcase classname="tests.memory.test_holographic_memory.TestEventHorizonMemory" name="test_surface_merging_different_sizes" time="0.001" /><testcase classname="tests.memory.test_holographic_memory.TestEventHorizonMemory" name="test_correlation_computation" time="0.007" /><testcase classname="tests.memory.test_holographic_memory.TestIntegration" name="test_full_workflow" time="0.041" /><testcase classname="tests.memory.test_holographic_memory.TestIntegration" name="test_deep_hierarchy_creation" time="0.127" /><testcase classname="tests.memory.test_memory_init.TestMemoryInitLazyImports" name="test_episodic_memory_import" time="0.001" /><testcase classname="tests.memory.test_memory_init.TestMemoryInitLazyImports" name="test_event_horizon_memory_import" time="0.001" /><testcase classname="tests.memory.test_memory_init.TestMemoryInitLazyImports" name="test_holographic_projection_import" time="0.001" /><testcase classname="tests.memory.test_memory_init.TestMemoryInitLazyImports" name="test_holographic_surface_import" time="0.001" /><testcase classname="tests.memory.test_memory_init.TestMemoryInitLazyImports" name="test_soft_hair_import" time="0.002" /><testcase classname="tests.memory.test_memory_init.TestMemoryInitLazyImports" name="test_soft_hair_encoder_import" time="0.001" /><testcase classname="tests.memory.test_memory_init.TestMemoryInitLazyImports" name="test_soft_hair_memory_import" time="0.001" /><testcase classname="tests.memory.test_memory_init.TestMemoryInitGetAttr" name="test_getattr_invalid_attribute" time="0.003" /><testcase classname="tests.memory.test_memory_init.TestMemoryInitGetAttr" name="test_getattr_episodic_memory" time="0.001" /><testcase classname="tests.memory.test_memory_init.TestMemoryInitGetAttr" name="test_getattr_event_horizon_memory" time="0.002" /><testcase classname="tests.memory.test_memory_init.TestMemoryInitGetAttr" name="test_getattr_holographic_projection" time="0.001" /><testcase classname="tests.memory.test_memory_init.TestMemoryInitGetAttr" name="test_getattr_holographic_surface" time="0.001" /><testcase classname="tests.memory.test_memory_init.TestMemoryInitGetAttr" name="test_getattr_soft_hair" time="0.001" /><testcase classname="tests.memory.test_memory_init.TestMemoryInitGetAttr" name="test_getattr_soft_hair_encoder" time="0.001" /><testcase classname="tests.memory.test_memory_init.TestMemoryInitGetAttr" name="test_getattr_soft_hair_memory" time="0.001" /><testcase classname="tests.memory.test_memory_init.TestMemoryInitAll" name="test_all_exports" time="0.001" /><testcase classname="tests.memory.test_memory_init.TestMemoryInitAll" name="test_all_imports_work" time="0.002" /><testcase classname="tests.memory.test_memory_init.TestMemoryInitMultipleImports" name="test_import_same_class_twice" time="0.001" /><testcase classname="tests.memory.test_memory_init.TestMemoryInitMultipleImports" name="test_import_multiple_classes" time="0.001" /><testcase classname="tests.memory.test_memory_init.TestMemoryInitMultipleImports" name="test_from_import_all" time="0.001" /><testcase classname="tests.memory.test_memory_init.TestMemoryInitTypeChecking" name="test_type_checking_imports_not_loaded" time="0.001" /><testcase classname="tests.memory.test_memory_init.TestMemoryInitTypeChecking" name="test_lazy_loading_creates_attribute" time="0.001" /><testcase classname="tests.memory.test_memory_init.TestMemoryInitEdgeCases" name="test_getattr_with_none_name" time="0.002" /><testcase classname="tests.memory.test_memory_init.TestMemoryInitEdgeCases" name="test_getattr_with_empty_string" time="0.001" /><testcase classname="tests.memory.test_memory_init.TestMemoryInitEdgeCases" name="test_getattr_with_underscore_prefix" time="0.001" /><testcase classname="tests.memory.test_memory_init.TestMemoryInitEdgeCases" name="test_module_name" time="0.001" /><testcase classname="tests.memory.test_memory_init.TestMemoryInitEdgeCases" name="test_module_has_all" time="0.001" /><testcase classname="tests.memory.test_memory_init.TestMemoryInitIntegration" name="test_can_create_episodic_memory_instance" time="0.001" /><testcase classname="tests.memory.test_memory_init.TestMemoryInitIntegration" name="test_all_classes_are_distinct" time="0.001" /><testcase classname="tests.memory.test_phase18_memory.TestSemanticMemory" name="test_store_and_retrieve_concept" time="0.002" /><testcase classname="tests.memory.test_phase18_memory.TestSemanticMemory" name="test_relationships" time="0.001" /><testcase classname="tests.memory.test_phase18_memory.TestSemanticMemory" name="test_update_concept" time="0.001" /><testcase classname="tests.memory.test_phase18_memory.TestProceduralMemory" name="test_learn_and_execute_skill" time="0.001" /><testcase classname="tests.memory.test_phase18_memory.TestProceduralMemory" name="test_refine_skill" time="0.001" /><testcase classname="tests.memory.test_phase18_memory.TestMemoryConsolidator" name="test_consolidation" time="0.001" /><testcase classname="tests.memory.test_phase18_memory.TestStrategicForgetting" name="test_pruning" time="0.002" /><testcase classname="tests.memory.test_phase18_memory.TestMemoryReplay" name="test_selection" time="0.001" /><testcase classname="tests.memory.test_phase18_memory.TestMemoryReplay" name="test_replay" time="0.001" /><testcase classname="tests.memory.test_soft_hair_encoding.TestSoftHair" name="test_creation" time="0.001" /><testcase classname="tests.memory.test_soft_hair_encoding.TestSoftHairEncoder" name="test_initialization" time="0.001" /><testcase classname="tests.memory.test_soft_hair_encoding.TestSoftHairEncoder" name="test_encode_1d_data" time="0.013" /><testcase classname="tests.memory.test_soft_hair_encoding.TestSoftHairEncoder" name="test_encode_2d_data" time="1.242" /><testcase classname="tests.memory.test_soft_hair_encoding.TestSoftHairEncoder" name="test_encode_3d_data" time="0.423" /><testcase classname="tests.memory.test_soft_hair_encoding.TestSoftHairEncoder" name="test_compression_ratio" time="104.167" /><testcase classname="tests.memory.test_soft_hair_encoding.TestSoftHairEncoder" name="test_metadata_extraction" time="0.007" /><testcase classname="tests.memory.test_soft_hair_encoding.TestSoftHairEncoder" name="test_decode_1d" time="0.010" /><testcase classname="tests.memory.test_soft_hair_encoding.TestSoftHairEncoder" name="test_decode_2d" time="2.046" /><testcase classname="tests.memory.test_soft_hair_encoding.TestSoftHairEncoder" name="test_soft_mode_extraction" time="0.006" /><testcase classname="tests.memory.test_soft_hair_encoding.TestSoftHairEncoder" name="test_dominant_frequency_detection" time="0.001" /><testcase classname="tests.memory.test_soft_hair_encoding.TestSoftHairMemory" name="test_initialization" time="0.001" /><testcase classname="tests.memory.test_soft_hair_encoding.TestSoftHairMemory" name="test_store_and_retrieve" time="0.011" /><testcase classname="tests.memory.test_soft_hair_encoding.TestSoftHairMemory" name="test_retrieve_nonexistent" time="0.001" /><testcase classname="tests.memory.test_soft_hair_encoding.TestSoftHairMemory" name="test_multiple_items" time="0.049" /><testcase classname="tests.memory.test_soft_hair_encoding.TestSoftHairMemory" name="test_compression_stats" time="0.035" /><testcase classname="tests.memory.test_soft_hair_encoding.TestSoftHairMemory" name="test_empty_memory_stats" time="0.001" /><testcase classname="tests.memory.test_soft_hair_encoding.TestIntegration" name="test_encode_decode_cycle" time="0.023" /><testcase classname="tests.memory.test_soft_hair_encoding.TestIntegration" name="test_compression_vs_fidelity_tradeoff" time="8.168" /><testcase classname="tests.memory.test_soft_hair_encoding.TestIntegration" name="test_memory_with_different_data_types" time="2.292" /><testcase classname="tests.memory.test_soft_hair_encoding.TestIntegration" name="test_robustness_to_noise" time="0.102" /><testcase classname="tests.metacognition.test_homeostasis.TestSystemState" name="test_state_initialization" time="0.001" /><testcase classname="tests.metacognition.test_homeostasis.TestSystemState" name="test_state_is_healthy" time="0.001" /><testcase classname="tests.metacognition.test_homeostasis.TestHomeostasisController" name="test_controller_initialization" time="0.001" /><testcase classname="tests.metacognition.test_homeostasis.TestHomeostasisController" name="test_get_current_state" time="1.004" /><testcase classname="tests.metacognition.test_homeostasis.TestHomeostasisController" name="test_regulate_resources" time="0.003" /><testcase classname="tests.metacognition.test_homeostasis.TestHomeostasisController" name="test_detect_high_cpu" time="0.003" /><testcase classname="tests.metacognition.test_homeostasis.TestHomeostasisController" name="test_detect_high_memory" time="0.004" /><testcase classname="tests.metacognition.test_homeostasis.TestHomeostasisController" name="test_apply_regulation" time="0.001" /><testcase classname="tests.metacognition.test_homeostasis.TestHomeostasisController" name="test_get_regulation_history" time="0.001" /><testcase classname="tests.metacognition.test_iit_metrics" name="test_system_state_creation" time="0.001" /><testcase classname="tests.metacognition.test_iit_metrics" name="test_system_state_to_vector" time="0.001" /><testcase classname="tests.metacognition.test_iit_metrics" name="test_system_state_hamming_distance" time="0.001" /><testcase classname="tests.metacognition.test_iit_metrics" name="test_phi_metrics_creation" time="0.002" /><testcase classname="tests.metacognition.test_iit_metrics" name="test_phi_metrics_to_dict" time="0.001" /><testcase classname="tests.metacognition.test_iit_metrics" name="test_iit_analyzer_creation" time="0.001" /><testcase classname="tests.metacognition.test_iit_metrics" name="test_record_state" time="0.001" /><testcase classname="tests.metacognition.test_iit_metrics" name="test_record_state_limit" time="0.015" /><testcase classname="tests.metacognition.test_iit_metrics" name="test_calculate_entropy_empty" time="0.001" /><testcase classname="tests.metacognition.test_iit_metrics" name="test_calculate_entropy_single_state" time="0.003" /><testcase classname="tests.metacognition.test_iit_metrics" name="test_calculate_entropy_diverse_states" time="0.001" /><testcase classname="tests.metacognition.test_iit_metrics" name="test_calculate_mutual_information" time="0.001" /><testcase classname="tests.metacognition.test_iit_metrics" name="test_calculate_phi_empty" time="0.001" /><testcase classname="tests.metacognition.test_iit_metrics" name="test_calculate_phi_single_element" time="0.001" /><testcase classname="tests.metacognition.test_iit_metrics" name="test_calculate_phi_integrated_system" time="0.001" /><testcase classname="tests.metacognition.test_iit_metrics" name="test_calculate_complexity" time="0.002" /><testcase classname="tests.metacognition.test_iit_metrics" name="test_calculate_integration" time="0.002" /><testcase classname="tests.metacognition.test_iit_metrics" name="test_calculate_differentiation" time="0.001" /><testcase classname="tests.metacognition.test_iit_metrics" name="test_calculate_emergence_level_below_threshold" time="0.001" /><testcase classname="tests.metacognition.test_iit_metrics" name="test_calculate_emergence_level_above_threshold" time="0.002" /><testcase classname="tests.metacognition.test_iit_metrics" name="test_analyze_consciousness_no_data" time="0.002" /><testcase classname="tests.metacognition.test_iit_metrics" name="test_analyze_consciousness_with_data" time="0.005" /><testcase classname="tests.metacognition.test_iit_metrics" name="test_analyze_consciousness_window_size" time="0.006" /><testcase classname="tests.metacognition.test_iit_metrics" name="test_detect_emergence_no_emergence" time="0.002" /><testcase classname="tests.metacognition.test_iit_metrics" name="test_detect_emergence_with_emergence" time="0.031" /><testcase classname="tests.metacognition.test_iit_metrics" name="test_get_consciousness_trend_no_data" time="0.001" /><testcase classname="tests.metacognition.test_iit_metrics" name="test_get_consciousness_trend_with_data" time="0.009" /><testcase classname="tests.metacognition.test_iit_metrics" name="test_get_consciousness_trend_increasing" time="0.007" /><testcase classname="tests.metacognition.test_iit_metrics" name="test_get_summary" time="0.004" /><testcase classname="tests.metacognition.test_iit_metrics" name="test_phi_history_limit" time="0.045" /><testcase classname="tests.metacognition.test_iit_metrics" name="test_consciousness_level_normalized" time="0.002" /><testcase classname="tests.metacognition.test_iit_metrics" name="test_hamming_distance_identical_states" time="0.001" /><testcase classname="tests.metacognition.test_iit_metrics" name="test_hamming_distance_completely_different" time="0.001" /><testcase classname="tests.metacognition.test_intelligent_goal_generation.TestImpactMetrics" name="test_impact_metrics_creation" time="0.001" /><testcase classname="tests.metacognition.test_intelligent_goal_generation.TestImpactMetrics" name="test_total_impact_calculation" time="0.001" /><testcase classname="tests.metacognition.test_intelligent_goal_generation.TestImpactMetrics" name="test_to_dict" time="0.001" /><testcase classname="tests.metacognition.test_intelligent_goal_generation.TestCodeAnalyzer" name="test_analyze_simple_file" time="0.004" /><testcase classname="tests.metacognition.test_intelligent_goal_generation.TestCodeAnalyzer" name="test_analyze_file_with_complexity" time="0.004" /><testcase classname="tests.metacognition.test_intelligent_goal_generation.TestCodeAnalyzer" name="test_analyze_file_with_imports" time="0.003" /><testcase classname="tests.metacognition.test_intelligent_goal_generation.TestCodeAnalyzer" name="test_analyze_repository" time="0.010" /><testcase classname="tests.metacognition.test_intelligent_goal_generation.TestImpactPredictor" name="test_impact_predictor_creation" time="0.002" /><testcase classname="tests.metacognition.test_intelligent_goal_generation.TestImpactPredictor" name="test_predict_security_impact" time="0.002" /><testcase classname="tests.metacognition.test_intelligent_goal_generation.TestImpactPredictor" name="test_predict_performance_impact" time="0.001" /><testcase classname="tests.metacognition.test_intelligent_goal_generation.TestImpactPredictor" name="test_predict_testing_impact" time="0.002" /><testcase classname="tests.metacognition.test_intelligent_goal_generation.TestImpactPredictor" name="test_effort_estimation" time="0.001" /><testcase classname="tests.metacognition.test_intelligent_goal_generation.TestImpactPredictor" name="test_effort_vs_impact_ratio" time="0.003" /><testcase classname="tests.metacognition.test_intelligent_goal_generation.TestImpactPredictor" name="test_learn_from_goal" time="0.001" /><testcase classname="tests.metacognition.test_intelligent_goal_generation.TestImpactPredictor" name="test_impact_normalization" time="0.002" /><testcase classname="tests.metacognition.test_intelligent_goal_generation.TestIntelligentGoalEngine" name="test_engine_creation" time="0.002" /><testcase classname="tests.metacognition.test_intelligent_goal_generation.TestIntelligentGoalEngine" name="test_generate_id" time="0.003" /><testcase classname="tests.metacognition.test_intelligent_goal_generation.TestIntelligentGoalEngine" name="test_generate_complexity_reduction_goals" time="0.002" /><testcase classname="tests.metacognition.test_intelligent_goal_generation.TestIntelligentGoalEngine" name="test_generate_test_coverage_goals" time="0.005" /><testcase classname="tests.metacognition.test_intelligent_goal_generation.TestIntelligentGoalEngine" name="test_generate_architecture_improvement_goals" time="0.003" /><testcase classname="tests.metacognition.test_intelligent_goal_generation.TestIntelligentGoalEngine" name="test_generate_security_hardening_goals" time="0.002" /><testcase classname="tests.metacognition.test_intelligent_goal_generation.TestIntelligentGoalEngine" name="test_analyze_and_generate_goals" time="0.006" /><testcase classname="tests.metacognition.test_intelligent_goal_generation.TestIntelligentGoalEngine" name="test_goals_sorted_by_impact" time="0.003" /><testcase classname="tests.metacognition.test_intelligent_goal_generation.TestIntelligentGoalEngine" name="test_detect_circular_dependencies" time="0.001" /><testcase classname="tests.metacognition.test_intelligent_goal_generation.TestIntelligentGoalEngine" name="test_no_circular_dependencies" time="0.001" /><testcase classname="tests.metacognition.test_intelligent_goal_generation.TestIntegration" name="test_full_workflow" time="0.007" /><testcase classname="tests.metacognition.test_intelligent_goal_generation.TestIntegration" name="test_predictor_learning_integration" time="0.001" /><testcase classname="tests.metacognition.test_issue_prediction.TestTimeSeriesAnalyzer" name="test_initialization" time="0.001" /><testcase classname="tests.metacognition.test_issue_prediction.TestTimeSeriesAnalyzer" name="test_add_data_point" time="0.001" /><testcase classname="tests.metacognition.test_issue_prediction.TestTimeSeriesAnalyzer" name="test_window_size_limit" time="0.001" /><testcase classname="tests.metacognition.test_issue_prediction.TestTimeSeriesAnalyzer" name="test_get_trend_increasing" time="0.002" /><testcase classname="tests.metacognition.test_issue_prediction.TestTimeSeriesAnalyzer" name="test_get_trend_decreasing" time="0.002" /><testcase classname="tests.metacognition.test_issue_prediction.TestTimeSeriesAnalyzer" name="test_get_trend_insufficient_data" time="0.001" /><testcase classname="tests.metacognition.test_issue_prediction.TestTimeSeriesAnalyzer" name="test_detect_anomaly_normal" time="0.002" /><testcase classname="tests.metacognition.test_issue_prediction.TestTimeSeriesAnalyzer" name="test_detect_anomaly_spike" time="0.002" /><testcase classname="tests.metacognition.test_issue_prediction.TestTimeSeriesAnalyzer" name="test_predict_resource_exhaustion" time="0.001" /><testcase classname="tests.metacognition.test_issue_prediction.TestTimeSeriesAnalyzer" name="test_predict_resource_exhaustion_no_trend" time="0.003" /><testcase classname="tests.metacognition.test_issue_prediction.TestTimeSeriesAnalyzer" name="test_get_statistics" time="0.001" /><testcase classname="tests.metacognition.test_issue_prediction.TestIssuePredictionEngine" name="test_initialization" time="0.001" /><testcase classname="tests.metacognition.test_issue_prediction.TestIssuePredictionEngine" name="test_update_metric" time="0.002" /><testcase classname="tests.metacognition.test_issue_prediction.TestIssuePredictionEngine" name="test_predict_resource_exhaustion_warning" time="0.020" /><testcase classname="tests.metacognition.test_issue_prediction.TestIssuePredictionEngine" name="test_predict_anomaly" time="0.012" /><testcase classname="tests.metacognition.test_issue_prediction.TestIssuePredictionEngine" name="test_predict_performance_degradation" time="0.018" /><testcase classname="tests.metacognition.test_issue_prediction.TestIssuePredictionEngine" name="test_prediction_to_dict" time="0.019" /><testcase classname="tests.metacognition.test_issue_prediction.TestIssuePredictionEngine" name="test_get_prediction_history" time="0.019" /><testcase classname="tests.metacognition.test_issue_prediction.TestIssuePredictionEngine" name="test_clear_predictions" time="0.019" /><testcase classname="tests.metacognition.test_issue_prediction.TestIssuePredictionEngine" name="test_multiple_metric_types" time="0.162" /><testcase classname="tests.metacognition.test_issue_prediction.TestIssuePredictionEngine" name="test_recommended_actions_present" time="0.024" /><testcase classname="tests.metacognition.test_issue_prediction.TestIssuePredictionEngine" name="test_supporting_data_present" time="0.019" /><testcase classname="tests.metacognition.test_meta_learning.TestMetaLearningBasics" name="test_strategy_learning" time="0.001" /><testcase classname="tests.metacognition.test_meta_learning.TestMetaLearningBasics" name="test_performance_tracking" time="0.001" /><testcase classname="tests.metacognition.test_meta_learning.TestAdaptiveLearning" name="test_optimizer_initialization" time="0.001" /><testcase classname="tests.metacognition.test_meta_learning.TestAdaptiveLearning" name="test_optimize_strategy" time="0.001" /><testcase classname="tests.metacognition.test_meta_learning.TestAdaptiveLearning" name="test_adaptive_parameter_tuning" time="0.002" /><testcase classname="tests.metacognition.test_meta_learning.TestAdaptiveLearning" name="test_learning_rate_adaptation" time="0.001" /><testcase classname="tests.metacognition.test_meta_learning.TestStrategyOptimization" name="test_strategy_evaluation" time="0.001" /><testcase classname="tests.metacognition.test_meta_learning.TestStrategyOptimization" name="test_best_strategy_selection" time="0.002" /><testcase classname="tests.metacognition.test_meta_learning.TestStrategyOptimization" name="test_strategy_refinement" time="0.001" /><testcase classname="tests.metacognition.test_meta_learning.TestKnowledgeTransfer" name="test_knowledge_extraction" time="0.003" /><testcase classname="tests.metacognition.test_meta_learning.TestKnowledgeTransfer" name="test_knowledge_application" time="0.002" /><testcase classname="tests.metacognition.test_meta_learning.TestKnowledgeTransfer" name="test_cross_domain_transfer" time="0.002" /><testcase classname="tests.metacognition.test_meta_learning.TestMetaReasoning" name="test_metacognitive_monitoring" time="0.003" /><testcase classname="tests.metacognition.test_meta_learning.TestMetaReasoning" name="test_self_assessment" time="0.004" /><testcase classname="tests.metacognition.test_meta_learning.TestMetaReasoning" name="test_reasoning_strategy_selection" time="0.003" /><testcase classname="tests.metacognition.test_meta_learning.TestMetaReasoning" name="test_metacognitive_regulation" time="0.003" /><testcase classname="tests.metacognition.test_meta_learning.TestGoalGeneration" name="test_generate_goals_basic" time="0.002" /><testcase classname="tests.metacognition.test_meta_learning.TestGoalGeneration" name="test_goal_prioritization" time="0.003" /><testcase classname="tests.metacognition.test_meta_learning.TestGoalGeneration" name="test_subgoal_decomposition" time="0.002" /><testcase classname="tests.metacognition.test_meta_learning.TestMetaLearningIntegration" name="test_complete_meta_learning_cycle" time="0.004" /><testcase classname="tests.metacognition.test_meta_learning.TestMetaLearningIntegration" name="test_meta_learning_feedback_loop" time="0.001" /><testcase classname="tests.metacognition.test_meta_learning.TestMetaLearningEdgeCases" name="test_learning_with_no_prior_experience" time="0.001" /><testcase classname="tests.metacognition.test_meta_learning.TestMetaLearningEdgeCases" name="test_learning_from_contradictory_experiences" time="0.002" /><testcase classname="tests.metacognition.test_meta_learning.TestMetaLearningEdgeCases" name="test_meta_learning_stability" time="0.001" /><testcase classname="tests.metacognition.test_metacognition_agent.TestMetacognitionAgent" name="test_initialization" time="0.001" /><testcase classname="tests.metacognition.test_metacognition_agent.TestMetacognitionAgent" name="test_initialization_custom_params" time="0.001" /><testcase classname="tests.metacognition.test_metacognition_agent.TestMetacognitionAgent" name="test_run_analysis_no_data" time="0.007" /><testcase classname="tests.metacognition.test_metacognition_agent.TestMetacognitionAgent" name="test_get_quick_health_check_success" time="0.001" /><testcase classname="tests.metacognition.test_metacognition_agent.TestMetacognitionAgent" name="test_get_quick_health_check_error" time="0.003" /><testcase classname="tests.metacognition.test_metacognition_agent.TestMetacognitionAgent" name="test_should_run_analysis_first_time" time="0.001" /><testcase classname="tests.metacognition.test_metacognition_agent.TestMetacognitionAgent" name="test_should_run_analysis_recent" time="0.001" /><testcase classname="tests.metacognition.test_metacognition_agent.TestMetacognitionAgent" name="test_should_run_analysis_overdue" time="0.002" /><testcase classname="tests.metacognition.test_metacognition_agent.TestMetacognitionAgent" name="test_get_analysis_stats" time="0.001" /><testcase classname="tests.metacognition.test_metacognition_agent.TestMetacognitionAgent" name="test_get_top_suggestions_no_history" time="0.001" /><testcase classname="tests.metacognition.test_metacognition_agent.TestMetacognitionAgent" name="test_extract_suggestions_valid" time="0.001" /><testcase classname="tests.metacognition.test_metacognition_agent.TestMetacognitionAgent" name="test_extract_suggestions_invalid" time="0.001" /><testcase classname="tests.metacognition.test_metacognition_agent.TestMetacognitionAgent" name="test_extract_suggestions_mixed" time="0.001" /><testcase classname="tests.metacognition.test_optimization_suggestions.TestOptimizationSuggestion" name="test_suggestion_creation" time="0.002" /><testcase classname="tests.metacognition.test_optimization_suggestions.TestOptimizationSuggestion" name="test_suggestion_with_metrics" time="0.002" /><testcase classname="tests.metacognition.test_optimization_suggestions.TestOptimizationSuggestion" name="test_suggestion_to_dict" time="0.001" /><testcase classname="tests.metacognition.test_optimization_suggestions.TestOptimizationSuggestionsInitialization" name="test_default_initialization" time="0.001" /><testcase classname="tests.metacognition.test_optimization_suggestions.TestOptimizationSuggestionsInitialization" name="test_custom_max_suggestions" time="0.001" /><testcase classname="tests.metacognition.test_optimization_suggestions.TestOptimizationSuggestionsInitialization" name="test_generate_id_format" time="0.001" /><testcase classname="tests.metacognition.test_optimization_suggestions.TestAnalyzePerformanceMetrics" name="test_no_slow_tools" time="0.001" /><testcase classname="tests.metacognition.test_optimization_suggestions.TestAnalyzePerformanceMetrics" name="test_one_slow_tool" time="0.002" /><testcase classname="tests.metacognition.test_optimization_suggestions.TestAnalyzePerformanceMetrics" name="test_slow_tool_priority_high" time="0.001" /><testcase classname="tests.metacognition.test_optimization_suggestions.TestAnalyzePerformanceMetrics" name="test_slow_tool_priority_medium" time="0.001" /><testcase classname="tests.metacognition.test_optimization_suggestions.TestAnalyzePerformanceMetrics" name="test_empty_performance_data" time="0.001" /><testcase classname="tests.metacognition.test_optimization_suggestions.TestAnalyzeFailurePatterns" name="test_no_failures" time="0.001" /><testcase classname="tests.metacognition.test_optimization_suggestions.TestAnalyzeFailurePatterns" name="test_low_failure_count" time="0.001" /><testcase classname="tests.metacognition.test_optimization_suggestions.TestAnalyzeFailurePatterns" name="test_high_failure_count" time="0.002" /><testcase classname="tests.metacognition.test_optimization_suggestions.TestAnalyzeFailurePatterns" name="test_critical_priority_for_many_failures" time="0.001" /><testcase classname="tests.metacognition.test_optimization_suggestions.TestAnalyzeFailurePatterns" name="test_high_priority_for_moderate_failures" time="0.001" /><testcase classname="tests.metacognition.test_optimization_suggestions.TestAnalyzeBiasPatterns" name="test_no_biases" time="0.001" /><testcase classname="tests.metacognition.test_optimization_suggestions.TestAnalyzeBiasPatterns" name="test_low_severity_bias" time="0.001" /><testcase classname="tests.metacognition.test_optimization_suggestions.TestAnalyzeBiasPatterns" name="test_high_severity_bias" time="0.001" /><testcase classname="tests.metacognition.test_optimization_suggestions.TestAnalyzeBiasPatterns" name="test_agent_bias_suggestion" time="0.002" /><testcase classname="tests.metacognition.test_optimization_suggestions.TestAnalyzeResourceUsage" name="test_normal_resource_usage" time="0.001" /><testcase classname="tests.metacognition.test_optimization_suggestions.TestAnalyzeResourceUsage" name="test_high_cpu_usage" time="0.001" /><testcase classname="tests.metacognition.test_optimization_suggestions.TestAnalyzeResourceUsage" name="test_high_memory_usage" time="0.001" /><testcase classname="tests.metacognition.test_optimization_suggestions.TestAnalyzeResourceUsage" name="test_high_cpu_and_memory" time="0.001" /><testcase classname="tests.metacognition.test_optimization_suggestions.TestAnalyzeResourceUsage" name="test_resource_suggestion_priority" time="0.001" /><testcase classname="tests.metacognition.test_optimization_suggestions.TestGenerateSuggestions" name="test_generate_with_no_data" time="0.001" /><testcase classname="tests.metacognition.test_optimization_suggestions.TestGenerateSuggestions" name="test_generate_with_performance_data_only" time="0.003" /><testcase classname="tests.metacognition.test_optimization_suggestions.TestGenerateSuggestions" name="test_generate_with_all_data" time="0.001" /><testcase classname="tests.metacognition.test_optimization_suggestions.TestGenerateSuggestions" name="test_suggestions_sorted_by_priority" time="0.001" /><testcase classname="tests.metacognition.test_optimization_suggestions.TestGenerateSuggestions" name="test_max_suggestions_limit" time="0.001" /><testcase classname="tests.metacognition.test_optimization_suggestions.TestGenerateSuggestions" name="test_suggestion_dict_format" time="0.001" /><testcase classname="tests.metacognition.test_optimization_suggestions.TestIntegration" name="test_complete_analysis_workflow" time="0.001" /><testcase classname="tests.metacognition.test_optimization_suggestions.TestIntegration" name="test_id_uniqueness" time="0.002" /><testcase classname="tests.metacognition.test_pattern_recognition.TestPatternRecognitionInitialization" name="test_default_initialization" time="0.001" /><testcase classname="tests.metacognition.test_pattern_recognition.TestPatternRecognitionInitialization" name="test_custom_sensitivity" time="0.001" /><testcase classname="tests.metacognition.test_pattern_recognition.TestPatternRecognitionInitialization" name="test_sensitivity_bounds" time="0.001" /><testcase classname="tests.metacognition.test_pattern_recognition.TestDetectRepetitiveBehavior" name="test_empty_operations" time="0.001" /><testcase classname="tests.metacognition.test_pattern_recognition.TestDetectRepetitiveBehavior" name="test_insufficient_data" time="0.001" /><testcase classname="tests.metacognition.test_pattern_recognition.TestDetectRepetitiveBehavior" name="test_no_repetition" time="0.001" /><testcase classname="tests.metacognition.test_pattern_recognition.TestDetectRepetitiveBehavior" name="test_simple_repetition" time="0.002" /><testcase classname="tests.metacognition.test_pattern_recognition.TestDetectRepetitiveBehavior" name="test_complex_repetition" time="0.001" /><testcase classname="tests.metacognition.test_pattern_recognition.TestDetectRepetitiveBehavior" name="test_pattern_sorting" time="0.002" /><testcase classname="tests.metacognition.test_pattern_recognition.TestDetectRepetitiveBehavior" name="test_handles_missing_tool_names" time="0.001" /><testcase classname="tests.metacognition.test_pattern_recognition.TestDetectBias" name="test_empty_operations_bias" time="0.001" /><testcase classname="tests.metacognition.test_pattern_recognition.TestDetectBias" name="test_no_bias_balanced_usage" time="0.001" /><testcase classname="tests.metacognition.test_pattern_recognition.TestDetectBias" name="test_tool_bias_detected" time="0.002" /><testcase classname="tests.metacognition.test_pattern_recognition.TestDetectBias" name="test_agent_bias_detected" time="0.001" /><testcase classname="tests.metacognition.test_pattern_recognition.TestDetectBias" name="test_severity_levels" time="0.001" /><testcase classname="tests.metacognition.test_pattern_recognition.TestDetectAnomalies" name="test_empty_operations_anomalies" time="0.001" /><testcase classname="tests.metacognition.test_pattern_recognition.TestDetectAnomalies" name="test_no_anomalies" time="0.001" /><testcase classname="tests.metacognition.test_pattern_recognition.TestDetectAnomalies" name="test_slow_execution_anomaly" time="0.001" /><testcase classname="tests.metacognition.test_pattern_recognition.TestDetectAnomalies" name="test_high_failure_rate_anomaly" time="0.001" /><testcase classname="tests.metacognition.test_pattern_recognition.TestDetectAnomalies" name="test_no_duration_data" time="0.002" /><testcase classname="tests.metacognition.test_pattern_recognition.TestAnalyzeDecisionTree" name="test_empty_decision_tree" time="0.001" /><testcase classname="tests.metacognition.test_pattern_recognition.TestAnalyzeDecisionTree" name="test_single_sequence" time="0.001" /><testcase classname="tests.metacognition.test_pattern_recognition.TestAnalyzeDecisionTree" name="test_multiple_sequences" time="0.001" /><testcase classname="tests.metacognition.test_pattern_recognition.TestAnalyzeDecisionTree" name="test_common_decision_paths" time="0.001" /><testcase classname="tests.metacognition.test_pattern_recognition.TestCalculateDiversityScore" name="test_empty_diversity" time="0.001" /><testcase classname="tests.metacognition.test_pattern_recognition.TestCalculateDiversityScore" name="test_low_diversity" time="0.002" /><testcase classname="tests.metacognition.test_pattern_recognition.TestCalculateDiversityScore" name="test_high_diversity" time="0.001" /><testcase classname="tests.metacognition.test_pattern_recognition.TestCalculateDiversityScore" name="test_medium_diversity" time="0.001" /><testcase classname="tests.metacognition.test_pattern_recognition.TestIntegration" name="test_comprehensive_analysis" time="0.005" /><testcase classname="tests.metacognition.test_pattern_recognition.TestIntegration" name="test_timestamp_consistency" time="0.001" /><testcase classname="tests.metacognition.test_proactive_goals.TestGoalPriority" name="test_priority_values" time="0.002" /><testcase classname="tests.metacognition.test_proactive_goals.TestGoalCategory" name="test_category_values" time="0.001" /><testcase classname="tests.metacognition.test_proactive_goals.TestProactiveGoal" name="test_goal_creation" time="0.001" /><testcase classname="tests.metacognition.test_proactive_goals.TestProactiveGoal" name="test_goal_with_metrics" time="0.001" /><testcase classname="tests.metacognition.test_proactive_goals.TestProactiveGoal" name="test_goal_to_dict" time="0.001" /><testcase classname="tests.metacognition.test_proactive_goals.TestProactiveGoalEngineInitialization" name="test_default_initialization" time="0.001" /><testcase classname="tests.metacognition.test_proactive_goals.TestProactiveGoalEngineInitialization" name="test_custom_workspace_path" time="0.001" /><testcase classname="tests.metacognition.test_proactive_goals.TestProactiveGoalEngineInitialization" name="test_generate_id_format" time="0.001" /><testcase classname="tests.metacognition.test_proactive_goals.TestAssessTestCoverage" name="test_coverage_assessment_no_file" time="0.384" /><testcase classname="tests.metacognition.test_proactive_goals.TestAssessTestCoverage" name="test_coverage_below_threshold" time="0.005" /><testcase classname="tests.metacognition.test_proactive_goals.TestAssessTestCoverage" name="test_coverage_above_threshold" time="0.006" /><testcase classname="tests.metacognition.test_proactive_goals.TestAssessTestCoverage" name="test_untested_files_detected" time="0.005" /><testcase classname="tests.metacognition.test_proactive_goals.TestDetectPerformanceBottlenecks" name="test_no_bottlenecks" time="0.003" /><testcase classname="tests.metacognition.test_proactive_goals.TestDetectPerformanceBottlenecks" name="test_slow_imports_detected" time="0.002" /><testcase classname="tests.metacognition.test_proactive_goals.TestAssessCodeQuality" name="test_no_quality_issues" time="0.002" /><testcase classname="tests.metacognition.test_proactive_goals.TestAssessCodeQuality" name="test_many_violations" time="0.001" /><testcase classname="tests.metacognition.test_proactive_goals.TestAssessCodeQuality" name="test_few_violations_no_goal" time="0.002" /><testcase classname="tests.metacognition.test_proactive_goals.TestCheckDocumentationGaps" name="test_no_documentation_gaps" time="0.005" /><testcase classname="tests.metacognition.test_proactive_goals.TestCheckDocumentationGaps" name="test_missing_docstrings" time="0.007" /><testcase classname="tests.metacognition.test_proactive_goals.TestCheckDocumentationGaps" name="test_mixed_documentation" time="0.008" /><testcase classname="tests.metacognition.test_proactive_goals.TestGenerateGoals" name="test_generate_goals_empty_workspace" time="0.810" /><testcase classname="tests.metacognition.test_proactive_goals.TestGenerateGoals" name="test_generate_goals_returns_dicts" time="0.001" /><testcase classname="tests.metacognition.test_proactive_goals.TestGenerateGoals" name="test_goals_sorted_by_priority" time="0.001" /><testcase classname="tests.metacognition.test_proactive_goals.TestIntegration" name="test_complete_analysis_workflow" time="0.004" /><testcase classname="tests.metacognition.test_proactive_goals.TestIntegration" name="test_goal_id_uniqueness" time="0.001" /><testcase classname="tests.metacognition.test_proactive_goals.TestIntegration" name="test_realistic_goal_structure" time="0.717" /><testcase classname="tests.metacognition.test_root_cause_analysis.TestDependencyGraph" name="test_initialization" time="0.001" /><testcase classname="tests.metacognition.test_root_cause_analysis.TestDependencyGraph" name="test_add_component" time="0.001" /><testcase classname="tests.metacognition.test_root_cause_analysis.TestDependencyGraph" name="test_add_dependency" time="0.002" /><testcase classname="tests.metacognition.test_root_cause_analysis.TestDependencyGraph" name="test_get_dependents" time="0.001" /><testcase classname="tests.metacognition.test_root_cause_analysis.TestDependencyGraph" name="test_get_all_dependencies_transitive" time="0.001" /><testcase classname="tests.metacognition.test_root_cause_analysis.TestDependencyGraph" name="test_get_all_dependents_transitive" time="0.002" /><testcase classname="tests.metacognition.test_root_cause_analysis.TestDependencyGraph" name="test_find_path_exists" time="0.001" /><testcase classname="tests.metacognition.test_root_cause_analysis.TestDependencyGraph" name="test_find_path_not_exists" time="0.001" /><testcase classname="tests.metacognition.test_root_cause_analysis.TestDependencyGraph" name="test_find_path_self" time="0.001" /><testcase classname="tests.metacognition.test_root_cause_analysis.TestRootCauseEngine" name="test_initialization" time="0.001" /><testcase classname="tests.metacognition.test_root_cause_analysis.TestRootCauseEngine" name="test_register_component" time="0.001" /><testcase classname="tests.metacognition.test_root_cause_analysis.TestRootCauseEngine" name="test_register_component_with_dependencies" time="0.001" /><testcase classname="tests.metacognition.test_root_cause_analysis.TestRootCauseEngine" name="test_record_failure" time="0.001" /><testcase classname="tests.metacognition.test_root_cause_analysis.TestRootCauseEngine" name="test_analyze_isolated_failure" time="0.001" /><testcase classname="tests.metacognition.test_root_cause_analysis.TestRootCauseEngine" name="test_analyze_cascading_failure" time="0.203" /><testcase classname="tests.metacognition.test_root_cause_analysis.TestRootCauseEngine" name="test_analysis_to_dict" time="0.004" /><testcase classname="tests.metacognition.test_root_cause_analysis.TestRootCauseEngine" name="test_get_analysis" time="0.003" /><testcase classname="tests.metacognition.test_root_cause_analysis.TestRootCauseEngine" name="test_get_component_health" time="0.002" /><testcase classname="tests.metacognition.test_root_cause_analysis.TestRootCauseEngine" name="test_recommended_actions_generated" time="0.002" /><testcase classname="tests.metacognition.test_root_cause_analysis.TestRootCauseEngine" name="test_supporting_evidence_present" time="0.001" /><testcase classname="tests.metacognition.test_root_cause_analysis.TestRootCauseEngine" name="test_confidence_calculation" time="0.001" /><testcase classname="tests.metacognition.test_root_cause_analysis.TestRootCauseEngine" name="test_complex_dependency_graph" time="0.103" /><testcase classname="tests.metacognition.test_root_cause_analysis.TestRootCauseEngine" name="test_component_health_status" time="0.004" /><testcase classname="tests.metacognition.test_root_cause_analysis.TestRootCauseEngine" name="test_failure_type_enumeration" time="0.003" /><testcase classname="tests.metacognition.test_root_cause_analysis.TestRootCauseEngine" name="test_component_type_recommendations" time="0.003" /><testcase classname="tests.metacognition.test_root_cause_analysis.TestRootCauseEngine" name="test_analysis_caching" time="0.001" /><testcase classname="tests.metacognition.test_root_cause_analysis.TestRootCauseEngine" name="test_nonexistent_component_dependency" time="0.002" /><testcase classname="tests.metacognition.test_root_cause_analysis.TestRootCauseEngine" name="test_explanation_generation" time="0.053" /><testcase classname="tests.metacognition.test_root_cause_analysis.TestRootCauseEngine" name="test_multiple_root_causes" time="0.104" /><testcase classname="tests.metacognition.test_self_analysis.TestSelfAnalysisInitialization" name="test_default_initialization" time="0.004" /><testcase classname="tests.metacognition.test_self_analysis.TestSelfAnalysisInitialization" name="test_custom_path_initialization" time="0.003" /><testcase classname="tests.metacognition.test_self_analysis.TestLoadHashChain" name="test_load_nonexistent_file" time="0.004" /><testcase classname="tests.metacognition.test_self_analysis.TestLoadHashChain" name="test_load_valid_hash_chain" time="0.004" /><testcase classname="tests.metacognition.test_self_analysis.TestLoadHashChain" name="test_load_empty_entries" time="0.004" /><testcase classname="tests.metacognition.test_self_analysis.TestLoadHashChain" name="test_load_invalid_json" time="0.004" /><testcase classname="tests.metacognition.test_self_analysis.TestAnalyzeDecisionPatterns" name="test_analyze_no_data" time="0.004" /><testcase classname="tests.metacognition.test_self_analysis.TestAnalyzeDecisionPatterns" name="test_analyze_no_recent_entries" time="0.004" /><testcase classname="tests.metacognition.test_self_analysis.TestAnalyzeDecisionPatterns" name="test_analyze_recent_operations" time="0.005" /><testcase classname="tests.metacognition.test_self_analysis.TestAnalyzeDecisionPatterns" name="test_success_rate_calculation" time="0.005" /><testcase classname="tests.metacognition.test_self_analysis.TestAnalyzeDecisionPatterns" name="test_tool_usage_tracking" time="0.007" /><testcase classname="tests.metacognition.test_self_analysis.TestAnalyzeExecutionTimes" name="test_analyze_no_data" time="0.004" /><testcase classname="tests.metacognition.test_self_analysis.TestAnalyzeExecutionTimes" name="test_analyze_execution_times" time="0.004" /><testcase classname="tests.metacognition.test_self_analysis.TestAnalyzeExecutionTimes" name="test_missing_duration_handled" time="0.006" /><testcase classname="tests.metacognition.test_self_analysis.TestIdentifyFailurePatterns" name="test_identify_no_data" time="0.004" /><testcase classname="tests.metacognition.test_self_analysis.TestIdentifyFailurePatterns" name="test_identify_no_failures" time="0.005" /><testcase classname="tests.metacognition.test_self_analysis.TestIdentifyFailurePatterns" name="test_identify_failures_by_tool" time="0.004" /><testcase classname="tests.metacognition.test_self_analysis.TestIdentifyFailurePatterns" name="test_identify_common_errors" time="0.004" /><testcase classname="tests.metacognition.test_self_analysis.TestAnalyzeResourceUsage" name="test_analyze_no_data" time="0.005" /><testcase classname="tests.metacognition.test_self_analysis.TestAnalyzeResourceUsage" name="test_analyze_no_resource_data" time="0.004" /><testcase classname="tests.metacognition.test_self_analysis.TestAnalyzeResourceUsage" name="test_analyze_resource_metrics" time="0.006" /><testcase classname="tests.metacognition.test_self_analysis.TestGetHealthSummary" name="test_health_excellent" time="0.006" /><testcase classname="tests.metacognition.test_self_analysis.TestGetHealthSummary" name="test_health_good" time="0.007" /><testcase classname="tests.metacognition.test_self_analysis.TestGetHealthSummary" name="test_health_fair" time="0.006" /><testcase classname="tests.metacognition.test_self_analysis.TestGetHealthSummary" name="test_health_poor" time="0.007" /><testcase classname="tests.metacognition.test_self_analysis.TestGetHealthSummary" name="test_health_summary_structure" time="0.005" /><testcase classname="tests.metacognition.test_self_analysis.TestIntegration" name="test_complete_analysis_workflow" time="0.012" /><testcase classname="tests.metacognition.test_self_analysis.TestIntegration" name="test_timestamp_consistency" time="0.003" /><testcase classname="tests.metacognition.test_self_healing.TestIssueDataclass" name="test_issue_creation" time="0.002" /><testcase classname="tests.metacognition.test_self_healing.TestIssueDataclass" name="test_issue_with_metrics" time="0.001" /><testcase classname="tests.metacognition.test_self_healing.TestIssueDataclass" name="test_issue_to_dict" time="0.002" /><testcase classname="tests.metacognition.test_self_healing.TestRemediationAction" name="test_remediation_creation" time="0.001" /><testcase classname="tests.metacognition.test_self_healing.TestRemediationAction" name="test_remediation_to_dict" time="0.002" /><testcase classname="tests.metacognition.test_self_healing.TestIssueType" name="test_issue_type_values" time="0.002" /><testcase classname="tests.metacognition.test_self_healing.TestIssueSeverity" name="test_severity_values" time="0.001" /><testcase classname="tests.metacognition.test_self_healing.TestSelfHealingLoop" name="test_initialization" time="0.001" /><testcase classname="tests.metacognition.test_self_healing.TestSelfHealingLoop" name="test_initialization_with_callbacks" time="0.002" /><testcase classname="tests.metacognition.test_self_healing.TestSelfHealingLoop" name="test_register_monitor" time="0.001" /><testcase classname="tests.metacognition.test_self_healing.TestSelfHealingLoop" name="test_register_multiple_monitors" time="0.001" /><testcase classname="tests.metacognition.test_self_healing.TestSelfHealingLoop" name="test_register_remediation" time="0.001" /><testcase classname="tests.metacognition.test_self_healing.TestSelfHealingLoop" name="test_run_cycle_no_issues" time="0.010" /><testcase classname="tests.metacognition.test_self_healing.TestSelfHealingLoop" name="test_run_cycle_with_issue" time="0.009" /><testcase classname="tests.metacognition.test_self_healing.TestSelfHealingLoop" name="test_run_cycle_with_remediation" time="0.006" /><testcase classname="tests.metacognition.test_self_healing.TestSelfHealingLoop" name="test_run_cycle_failed_remediation" time="0.009" /><testcase classname="tests.metacognition.test_self_healing.TestSelfHealingLoop" name="test_get_metrics" time="0.001" /><testcase classname="tests.metacognition.test_self_healing.TestSelfHealingLoop" name="test_get_issue_summary_empty" time="0.001" /><testcase classname="tests.metacognition.test_self_healing.TestSelfHealingLoop" name="test_get_issue_summary_with_issues" time="0.003" /><testcase classname="tests.metacognition.test_self_healing.TestSelfHealingIntegration" name="test_integration_initialization" time="0.002" /><testcase classname="tests.metacognition.test_self_healing.TestSelfHealingIntegration" name="test_monitors_registered" time="0.001" /><testcase classname="tests.metacognition.test_self_healing.TestSelfHealingIntegration" name="test_remediations_registered" time="0.001" /><testcase classname="tests.metacognition.test_self_healing.TestSelfHealingIntegration" name="test_run_healing_cycle" time="0.009" /><testcase classname="tests.metacognition.test_self_healing.TestSelfHealingIntegration" name="test_get_status" time="0.002" /><testcase classname="tests.metacognition.test_self_healing.TestIntegration" name="test_complete_healing_cycle" time="0.010" /><testcase classname="tests.metacognition.test_self_healing.TestIntegration" name="test_multiple_cycles" time="0.009" /><testcase classname="tests.metacognition.test_self_healing.TestIntegration" name="test_metrics_callback" time="0.008" /><testcase classname="tests.metacognition.test_self_optimization.TestPerformanceMetrics" name="test_get_score_default_weights" time="0.003" /><testcase classname="tests.metacognition.test_self_optimization.TestPerformanceMetrics" name="test_get_score_custom_weights" time="0.001" /><testcase classname="tests.metacognition.test_self_optimization.TestPerformanceMetrics" name="test_to_dict" time="0.001" /><testcase classname="tests.metacognition.test_self_optimization.TestConfiguration" name="test_initialization" time="0.001" /><testcase classname="tests.metacognition.test_self_optimization.TestConfiguration" name="test_to_dict" time="0.001" /><testcase classname="tests.metacognition.test_self_optimization.TestABTest" name="test_initialization" time="0.001" /><testcase classname="tests.metacognition.test_self_optimization.TestABTest" name="test_add_metrics" time="0.002" /><testcase classname="tests.metacognition.test_self_optimization.TestABTest" name="test_get_results_insufficient_data" time="0.001" /><testcase classname="tests.metacognition.test_self_optimization.TestABTest" name="test_get_results_with_winner" time="0.002" /><testcase classname="tests.metacognition.test_self_optimization.TestSelfOptimizationEngine" name="test_initialization" time="0.001" /><testcase classname="tests.metacognition.test_self_optimization.TestSelfOptimizationEngine" name="test_set_baseline_configuration" time="0.001" /><testcase classname="tests.metacognition.test_self_optimization.TestSelfOptimizationEngine" name="test_create_ab_test" time="0.001" /><testcase classname="tests.metacognition.test_self_optimization.TestSelfOptimizationEngine" name="test_create_ab_test_without_baseline" time="0.002" /><testcase classname="tests.metacognition.test_self_optimization.TestSelfOptimizationEngine" name="test_start_test" time="0.001" /><testcase classname="tests.metacognition.test_self_optimization.TestSelfOptimizationEngine" name="test_record_metrics" time="0.001" /><testcase classname="tests.metacognition.test_self_optimization.TestSelfOptimizationEngine" name="test_analyze_test" time="0.002" /><testcase classname="tests.metacognition.test_self_optimization.TestSelfOptimizationEngine" name="test_apply_winner" time="0.002" /><testcase classname="tests.metacognition.test_self_optimization.TestSelfOptimizationEngine" name="test_rollback" time="0.002" /><testcase classname="tests.metacognition.test_self_optimization.TestSelfOptimizationEngine" name="test_get_optimization_history" time="0.002" /><testcase classname="tests.metrics.test_consciousness_metrics.TestAgentConnection" name="test_create_connection" time="0.002" /><testcase classname="tests.metrics.test_consciousness_metrics.TestFeedbackLoop" name="test_create_loop" time="0.002" /><testcase classname="tests.metrics.test_consciousness_metrics.TestSelfAwarenessMetrics" name="test_calculate_overall_score" time="0.001" /><testcase classname="tests.metrics.test_consciousness_metrics.TestSelfAwarenessMetrics" name="test_zero_scores" time="0.002" /><testcase classname="tests.metrics.test_consciousness_metrics.TestConsciousnessMetrics" name="test_initialization" time="0.002" /><testcase classname="tests.metrics.test_consciousness_metrics.TestConsciousnessMetrics" name="test_add_connection" time="0.002" /><testcase classname="tests.metrics.test_consciousness_metrics.TestConsciousnessMetrics" name="test_add_feedback_loop" time="0.002" /><testcase classname="tests.metrics.test_consciousness_metrics.TestConsciousnessMetrics" name="test_calculate_phi_empty" time="0.002" /><testcase classname="tests.metrics.test_consciousness_metrics.TestConsciousnessMetrics" name="test_calculate_phi_simple" time="0.003" /><testcase classname="tests.metrics.test_consciousness_metrics.TestConsciousnessMetrics" name="test_calculate_phi_complex" time="0.003" /><testcase classname="tests.metrics.test_consciousness_metrics.TestConsciousnessMetrics" name="test_measure_self_awareness" time="0.002" /><testcase classname="tests.metrics.test_consciousness_metrics.TestConsciousnessMetrics" name="test_snapshot" time="0.006" /><testcase classname="tests.metrics.test_consciousness_metrics.TestConsciousnessMetrics" name="test_get_trend_insufficient_data" time="0.003" /><testcase classname="tests.metrics.test_consciousness_metrics.TestConsciousnessMetrics" name="test_get_trend_increasing" time="0.015" /><testcase classname="tests.metrics.test_consciousness_metrics.TestStandaloneFunctions" name="test_calculate_phi_proxy_standalone" time="0.002" /><testcase classname="tests.metrics.test_consciousness_metrics.TestStandaloneFunctions" name="test_measure_self_awareness_standalone" time="0.001" /><testcase classname="tests.metrics.test_ethics_metrics.TestMoralFoundation" name="test_all_foundations_exist" time="0.002" /><testcase classname="tests.metrics.test_ethics_metrics.TestTransparencyComponents" name="test_calculate_overall" time="0.001" /><testcase classname="tests.metrics.test_ethics_metrics.TestTransparencyComponents" name="test_all_zero" time="0.001" /><testcase classname="tests.metrics.test_ethics_metrics.TestEthicsMetrics" name="test_initialization" time="0.002" /><testcase classname="tests.metrics.test_ethics_metrics.TestEthicsMetrics" name="test_add_scenario" time="0.002" /><testcase classname="tests.metrics.test_ethics_metrics.TestEthicsMetrics" name="test_log_decision" time="0.004" /><testcase classname="tests.metrics.test_ethics_metrics.TestEthicsMetrics" name="test_calculate_mfa_no_scenarios" time="0.002" /><testcase classname="tests.metrics.test_ethics_metrics.TestEthicsMetrics" name="test_calculate_mfa_no_responses" time="0.002" /><testcase classname="tests.metrics.test_ethics_metrics.TestEthicsMetrics" name="test_calculate_mfa_perfect_alignment" time="0.002" /><testcase classname="tests.metrics.test_ethics_metrics.TestEthicsMetrics" name="test_calculate_mfa_good_alignment" time="0.004" /><testcase classname="tests.metrics.test_ethics_metrics.TestEthicsMetrics" name="test_calculate_mfa_with_breakdown" time="0.002" /><testcase classname="tests.metrics.test_ethics_metrics.TestEthicsMetrics" name="test_calculate_transparency_no_decisions" time="0.002" /><testcase classname="tests.metrics.test_ethics_metrics.TestEthicsMetrics" name="test_calculate_transparency_perfect" time="0.003" /><testcase classname="tests.metrics.test_ethics_metrics.TestEthicsMetrics" name="test_calculate_transparency_partial" time="0.004" /><testcase classname="tests.metrics.test_ethics_metrics.TestEthicsMetrics" name="test_snapshot" time="0.003" /><testcase classname="tests.metrics.test_ethics_metrics.TestEthicsMetrics" name="test_create_default_scenarios" time="0.002" /><testcase classname="tests.metrics.test_ethics_metrics.TestStandaloneFunctions" name="test_calculate_mfa_score_standalone" time="0.003" /><testcase classname="tests.metrics.test_ethics_metrics.TestStandaloneFunctions" name="test_calculate_transparency_score_standalone" time="0.002" /><testcase classname="tests.monitoring.test_health_check_system" name="test_health_check_system_can_be_imported" time="0.008" /><testcase classname="tests.monitoring.test_health_check_system" name="test_health_routes_can_be_imported" time="0.004" /><testcase classname="tests.monitoring.test_health_check_system" name="test_health_dashboard_component" time="0.001" /><testcase classname="tests.monitoring.test_health_check_system" name="test_error_boundaries_component" time="0.001" /><testcase classname="tests.monitoring.test_health_check_system" name="test_drag_drop_task_list" time="0.001" /><testcase classname="tests.motivation.test_hawking_motivation.TestKnowledgeItem" name="test_creation" time="0.002" /><testcase classname="tests.motivation.test_hawking_motivation.TestKnowledgeItem" name="test_default_correlations" time="0.001" /><testcase classname="tests.motivation.test_hawking_motivation.TestEvaporationEvent" name="test_creation" time="0.001" /><testcase classname="tests.motivation.test_hawking_motivation.TestHawkingMotivationEngine" name="test_initialization" time="0.001" /><testcase classname="tests.motivation.test_hawking_motivation.TestHawkingMotivationEngine" name="test_add_knowledge" time="0.001" /><testcase classname="tests.motivation.test_hawking_motivation.TestHawkingMotivationEngine" name="test_use_knowledge" time="0.001" /><testcase classname="tests.motivation.test_hawking_motivation.TestHawkingMotivationEngine" name="test_use_nonexistent_knowledge" time="0.002" /><testcase classname="tests.motivation.test_hawking_motivation.TestHawkingMotivationEngine" name="test_add_correlation" time="0.001" /><testcase classname="tests.motivation.test_hawking_motivation.TestHawkingMotivationEngine" name="test_add_correlation_unidirectional" time="0.001" /><testcase classname="tests.motivation.test_hawking_motivation.TestHawkingMotivationEngine" name="test_evaporate_unused_knowledge" time="0.001" /><testcase classname="tests.motivation.test_hawking_motivation.TestHawkingMotivationEngine" name="test_knowledge_preservation_when_used" time="0.001" /><testcase classname="tests.motivation.test_hawking_motivation.TestHawkingMotivationEngine" name="test_correlation_preservation" time="0.001" /><testcase classname="tests.motivation.test_hawking_motivation.TestHawkingMotivationEngine" name="test_frustration_generation" time="0.002" /><testcase classname="tests.motivation.test_hawking_motivation.TestHawkingMotivationEngine" name="test_motivation_boost" time="0.002" /><testcase classname="tests.motivation.test_hawking_motivation.TestHawkingMotivationEngine" name="test_temperature_adjustment" time="0.001" /><testcase classname="tests.motivation.test_hawking_motivation.TestHawkingMotivationEngine" name="test_temperature_clamping" time="0.001" /><testcase classname="tests.motivation.test_hawking_motivation.TestHawkingMotivationEngine" name="test_get_statistics" time="0.001" /><testcase classname="tests.motivation.test_hawking_motivation.TestHawkingMotivationEngine" name="test_get_knowledge_status" time="0.001" /><testcase classname="tests.motivation.test_hawking_motivation.TestHawkingMotivationEngine" name="test_get_nonexistent_knowledge_status" time="0.001" /><testcase classname="tests.motivation.test_hawking_motivation.TestHawkingMotivationEngine" name="test_at_risk_identification" time="0.002" /><testcase classname="tests.motivation.test_hawking_motivation.TestHawkingMotivationEngine" name="test_urgency_factor_calculation" time="0.003" /><testcase classname="tests.motivation.test_hawking_motivation.TestIntegration" name="test_full_lifecycle" time="0.002" /><testcase classname="tests.motivation.test_hawking_motivation.TestIntegration" name="test_cascade_evaporation" time="0.004" /><testcase classname="tests.motivation.test_hawking_motivation.TestIntegration" name="test_motivation_statistics" time="0.002" /><testcase classname="tests.multimodal.test_audio_processor.TestAudioFeatures" name="test_create_audio_features" time="0.002" /><testcase classname="tests.multimodal.test_audio_processor.TestAudioFeatures" name="test_audio_features_validation" time="0.009" /><testcase classname="tests.multimodal.test_audio_processor.TestSpeechSegment" name="test_create_speech_segment" time="0.001" /><testcase classname="tests.multimodal.test_audio_processor.TestSpeechSegment" name="test_speech_segment_duration" time="0.001" /><testcase classname="tests.multimodal.test_audio_processor.TestSpeechSegment" name="test_speech_segment_validation" time="0.004" /><testcase classname="tests.multimodal.test_audio_processor.TestSpeechRecognitionResult" name="test_create_recognition_result" time="0.002" /><testcase classname="tests.multimodal.test_audio_processor.TestSpeechRecognitionResult" name="test_recognition_result_validation" time="0.007" /><testcase classname="tests.multimodal.test_audio_processor.TestSynthesizedSpeech" name="test_create_synthesized_speech" time="0.001" /><testcase classname="tests.multimodal.test_audio_processor.TestSynthesizedSpeech" name="test_synthesized_speech_validation" time="0.002" /><testcase classname="tests.multimodal.test_audio_processor.TestSpeakerProfile" name="test_create_speaker_profile" time="0.001" /><testcase classname="tests.multimodal.test_audio_processor.TestSpeakerProfile" name="test_speaker_profile_validation" time="0.003" /><testcase classname="tests.multimodal.test_audio_processor.TestAudioProcessor" name="test_audio_processor_initialization" time="0.001" /><testcase classname="tests.multimodal.test_audio_processor.TestAudioProcessor" name="test_recognize_speech" time="0.002" /><testcase classname="tests.multimodal.test_audio_processor.TestAudioProcessor" name="test_recognize_speech_with_language" time="0.002" /><testcase classname="tests.multimodal.test_audio_processor.TestAudioProcessor" name="test_recognize_speech_caching" time="0.002" /><testcase classname="tests.multimodal.test_audio_processor.TestAudioProcessor" name="test_synthesize_speech" time="0.001" /><testcase classname="tests.multimodal.test_audio_processor.TestAudioProcessor" name="test_synthesize_speech_with_voice" time="0.001" /><testcase classname="tests.multimodal.test_audio_processor.TestAudioProcessor" name="test_extract_audio_features" time="0.001" /><testcase classname="tests.multimodal.test_audio_processor.TestAudioProcessor" name="test_detect_emotion" time="0.003" /><testcase classname="tests.multimodal.test_audio_processor.TestAudioProcessor" name="test_detect_emotion_variations" time="0.002" /><testcase classname="tests.multimodal.test_audio_processor.TestAudioProcessor" name="test_register_speaker" time="0.002" /><testcase classname="tests.multimodal.test_audio_processor.TestAudioProcessor" name="test_identify_speaker" time="0.003" /><testcase classname="tests.multimodal.test_audio_processor.TestAudioProcessor" name="test_identify_speaker_no_match" time="0.003" /><testcase classname="tests.multimodal.test_audio_processor.TestAudioProcessor" name="test_get_speaker_profiles" time="0.002" /><testcase classname="tests.multimodal.test_audio_processor.TestAudioProcessor" name="test_clear_cache" time="0.002" /><testcase classname="tests.multimodal.test_embodied_intelligence.TestPosition3D" name="test_create_position" time="0.001" /><testcase classname="tests.multimodal.test_embodied_intelligence.TestPosition3D" name="test_distance_calculation" time="0.001" /><testcase classname="tests.multimodal.test_embodied_intelligence.TestPosition3D" name="test_position_string" time="0.002" /><testcase classname="tests.multimodal.test_embodied_intelligence.TestPhysicalState" name="test_create_physical_state" time="0.001" /><testcase classname="tests.multimodal.test_embodied_intelligence.TestPhysicalState" name="test_physical_state_validation" time="0.003" /><testcase classname="tests.multimodal.test_embodied_intelligence.TestSensorReading" name="test_create_sensor_reading" time="0.001" /><testcase classname="tests.multimodal.test_embodied_intelligence.TestSensorReading" name="test_sensor_reading_validation" time="0.001" /><testcase classname="tests.multimodal.test_embodied_intelligence.TestAction" name="test_create_action" time="0.001" /><testcase classname="tests.multimodal.test_embodied_intelligence.TestAction" name="test_action_validation" time="0.002" /><testcase classname="tests.multimodal.test_embodied_intelligence.TestGoal" name="test_create_goal" time="0.001" /><testcase classname="tests.multimodal.test_embodied_intelligence.TestGoal" name="test_goal_validation" time="0.003" /><testcase classname="tests.multimodal.test_embodied_intelligence.TestActionPlan" name="test_create_action_plan" time="0.001" /><testcase classname="tests.multimodal.test_embodied_intelligence.TestActionPlan" name="test_action_plan_total_actions" time="0.001" /><testcase classname="tests.multimodal.test_embodied_intelligence.TestActionPlan" name="test_action_plan_validation" time="0.004" /><testcase classname="tests.multimodal.test_embodied_intelligence.TestEmbodiedIntelligence" name="test_embodied_intelligence_initialization" time="0.001" /><testcase classname="tests.multimodal.test_embodied_intelligence.TestEmbodiedIntelligence" name="test_sense_environment" time="0.001" /><testcase classname="tests.multimodal.test_embodied_intelligence.TestEmbodiedIntelligence" name="test_plan_action_sequence" time="0.002" /><testcase classname="tests.multimodal.test_embodied_intelligence.TestEmbodiedIntelligence" name="test_execute_action_move" time="0.001" /><testcase classname="tests.multimodal.test_embodied_intelligence.TestEmbodiedIntelligence" name="test_execute_action_grasp" time="0.002" /><testcase classname="tests.multimodal.test_embodied_intelligence.TestEmbodiedIntelligence" name="test_execute_action_release" time="0.002" /><testcase classname="tests.multimodal.test_embodied_intelligence.TestEmbodiedIntelligence" name="test_execute_plan" time="0.002" /><testcase classname="tests.multimodal.test_embodied_intelligence.TestEmbodiedIntelligence" name="test_move_to" time="0.001" /><testcase classname="tests.multimodal.test_embodied_intelligence.TestEmbodiedIntelligence" name="test_grasp_object" time="0.002" /><testcase classname="tests.multimodal.test_embodied_intelligence.TestEmbodiedIntelligence" name="test_release_object" time="0.002" /><testcase classname="tests.multimodal.test_embodied_intelligence.TestEmbodiedIntelligence" name="test_get_current_state" time="0.001" /><testcase classname="tests.multimodal.test_embodied_intelligence.TestEmbodiedIntelligence" name="test_check_goal_achieved_position" time="0.002" /><testcase classname="tests.multimodal.test_embodied_intelligence.TestEmbodiedIntelligence" name="test_get_sensor_history" time="0.001" /><testcase classname="tests.multimodal.test_embodied_intelligence.TestEmbodiedIntelligence" name="test_get_action_history" time="0.002" /><testcase classname="tests.multimodal.test_embodied_intelligence.TestEmbodiedIntelligence" name="test_clear_history" time="0.003" /><testcase classname="tests.multimodal.test_embodied_intelligence.TestEmbodiedIntelligence" name="test_energy_consumption" time="0.001" /><testcase classname="tests.multimodal.test_multi_modal_fusion.TestModalityInput" name="test_create_modality_input" time="0.001" /><testcase classname="tests.multimodal.test_multi_modal_fusion.TestModalityInput" name="test_modality_input_validation" time="0.001" /><testcase classname="tests.multimodal.test_multi_modal_fusion.TestAttentionWeights" name="test_create_attention_weights" time="0.001" /><testcase classname="tests.multimodal.test_multi_modal_fusion.TestAttentionWeights" name="test_attention_weights_normalization" time="0.001" /><testcase classname="tests.multimodal.test_multi_modal_fusion.TestAttentionWeights" name="test_attention_weights_validation" time="0.001" /><testcase classname="tests.multimodal.test_multi_modal_fusion.TestAttentionWeights" name="test_get_weight_missing_modality" time="0.001" /><testcase classname="tests.multimodal.test_multi_modal_fusion.TestFusedRepresentation" name="test_create_fused_representation" time="0.002" /><testcase classname="tests.multimodal.test_multi_modal_fusion.TestFusedRepresentation" name="test_fused_representation_validation" time="0.001" /><testcase classname="tests.multimodal.test_multi_modal_fusion.TestCrossModalQuery" name="test_create_cross_modal_query" time="0.002" /><testcase classname="tests.multimodal.test_multi_modal_fusion.TestCrossModalQuery" name="test_cross_modal_query_validation" time="0.005" /><testcase classname="tests.multimodal.test_multi_modal_fusion.TestCrossModalMatch" name="test_create_cross_modal_match" time="0.001" /><testcase classname="tests.multimodal.test_multi_modal_fusion.TestCrossModalMatch" name="test_cross_modal_match_validation" time="0.003" /><testcase classname="tests.multimodal.test_multi_modal_fusion.TestMultiModalFusion" name="test_multimodal_fusion_initialization" time="0.002" /><testcase classname="tests.multimodal.test_multi_modal_fusion.TestMultiModalFusion" name="test_fuse_modalities_single" time="0.002" /><testcase classname="tests.multimodal.test_multi_modal_fusion.TestMultiModalFusion" name="test_fuse_modalities_multiple" time="0.001" /><testcase classname="tests.multimodal.test_multi_modal_fusion.TestMultiModalFusion" name="test_fuse_modalities_empty" time="0.003" /><testcase classname="tests.multimodal.test_multi_modal_fusion.TestMultiModalFusion" name="test_fuse_modalities_early_strategy" time="0.002" /><testcase classname="tests.multimodal.test_multi_modal_fusion.TestMultiModalFusion" name="test_fuse_modalities_late_strategy" time="0.002" /><testcase classname="tests.multimodal.test_multi_modal_fusion.TestMultiModalFusion" name="test_fuse_modalities_hybrid_strategy" time="0.001" /><testcase classname="tests.multimodal.test_multi_modal_fusion.TestMultiModalFusion" name="test_cross_modal_query_basic" time="0.001" /><testcase classname="tests.multimodal.test_multi_modal_fusion.TestMultiModalFusion" name="test_cross_modal_query_no_targets" time="0.002" /><testcase classname="tests.multimodal.test_multi_modal_fusion.TestMultiModalFusion" name="test_align_modalities" time="0.003" /><testcase classname="tests.multimodal.test_multi_modal_fusion.TestMultiModalFusion" name="test_align_modalities_insufficient_inputs" time="0.002" /><testcase classname="tests.multimodal.test_multi_modal_fusion.TestMultiModalFusion" name="test_align_modalities_all_three" time="0.002" /><testcase classname="tests.multimodal.test_multi_modal_fusion.TestMultiModalFusion" name="test_attention_weighting" time="0.002" /><testcase classname="tests.multimodal.test_multi_modal_fusion.TestMultiModalFusion" name="test_no_attention_weighting" time="0.002" /><testcase classname="tests.multimodal.test_multi_modal_fusion.TestMultiModalFusion" name="test_modality_history" time="0.002" /><testcase classname="tests.multimodal.test_multi_modal_fusion.TestMultiModalFusion" name="test_clear_history" time="0.003" /><testcase classname="tests.multimodal.test_vision_processor.TestBoundingBox" name="test_create_bounding_box" time="0.002" /><testcase classname="tests.multimodal.test_vision_processor.TestBoundingBox" name="test_bounding_box_validation" time="0.007" /><testcase classname="tests.multimodal.test_vision_processor.TestBoundingBox" name="test_bounding_box_area" time="0.002" /><testcase classname="tests.multimodal.test_vision_processor.TestBoundingBox" name="test_bounding_box_center" time="0.002" /><testcase classname="tests.multimodal.test_vision_processor.TestDetectedObject" name="test_create_detected_object" time="0.001" /><testcase classname="tests.multimodal.test_vision_processor.TestDetectedObject" name="test_detected_object_confidence_validation" time="0.001" /><testcase classname="tests.multimodal.test_vision_processor.TestSceneAnalysis" name="test_create_scene_analysis" time="0.001" /><testcase classname="tests.multimodal.test_vision_processor.TestSceneAnalysis" name="test_scene_analysis_complexity_validation" time="0.004" /><testcase classname="tests.multimodal.test_vision_processor.TestVideoFrame" name="test_create_video_frame" time="0.001" /><testcase classname="tests.multimodal.test_vision_processor.TestVideoFrame" name="test_video_frame_validation" time="0.007" /><testcase classname="tests.multimodal.test_vision_processor.TestVisionFeatures" name="test_create_vision_features" time="0.001" /><testcase classname="tests.multimodal.test_vision_processor.TestVisionFeatures" name="test_vision_features_validation" time="0.004" /><testcase classname="tests.multimodal.test_vision_processor.TestVisionProcessor" name="test_vision_processor_initialization" time="0.001" /><testcase classname="tests.multimodal.test_vision_processor.TestVisionProcessor" name="test_analyze_image" time="0.002" /><testcase classname="tests.multimodal.test_vision_processor.TestVisionProcessor" name="test_analyze_image_with_id" time="0.002" /><testcase classname="tests.multimodal.test_vision_processor.TestVisionProcessor" name="test_analyze_image_object_detection" time="0.002" /><testcase classname="tests.multimodal.test_vision_processor.TestVisionProcessor" name="test_process_video" time="0.015" /><testcase classname="tests.multimodal.test_vision_processor.TestVisionProcessor" name="test_process_video_sampling" time="0.022" /><testcase classname="tests.multimodal.test_vision_processor.TestVisionProcessor" name="test_extract_features" time="0.002" /><testcase classname="tests.multimodal.test_vision_processor.TestVisionProcessor" name="test_compare_images" time="0.002" /><testcase classname="tests.multimodal.test_vision_processor.TestVisionProcessor" name="test_cache_management" time="0.003" /><testcase classname="tests.multimodal.test_vision_processor.TestVisionProcessor" name="test_get_cached_analysis_not_found" time="0.001" /><testcase classname="tests.narrative_consciousness.test_dialogue_engine.TestEmpathyModule" name="test_estimate_state_positive" time="0.002" /><testcase classname="tests.narrative_consciousness.test_dialogue_engine.TestEmpathyModule" name="test_estimate_state_negative" time="0.001" /><testcase classname="tests.narrative_consciousness.test_dialogue_engine.TestEmpathyModule" name="test_estimate_state_confusion" time="0.001" /><testcase classname="tests.narrative_consciousness.test_dialogue_engine.TestHorizonFusion" name="test_fuse_horizons" time="0.001" /><testcase classname="tests.narrative_consciousness.test_dialogue_engine.TestRelationship" name="test_relationship_update" time="0.001" /><testcase classname="tests.narrative_consciousness.test_dialogue_engine.TestDialogueEngine" name="test_initialization" time="0.001" /><testcase classname="tests.narrative_consciousness.test_dialogue_engine.TestDialogueEngine" name="test_process_interaction_new_user" time="0.001" /><testcase classname="tests.narrative_consciousness.test_dialogue_engine.TestDialogueEngine" name="test_mode_switching_to_i_thou" time="0.001" /><testcase classname="tests.narrative_consciousness.test_dialogue_engine.TestDialogueEngine" name="test_mode_switching_to_i_it" time="0.001" /><testcase classname="tests.narrative_consciousness.test_dialogue_engine.TestDialogueEngine" name="test_relationship_history_tracking" time="0.001" /><testcase classname="tests.narrative_consciousness.test_identity_construction.TestValueSystem" name="test_initialization" time="0.002" /><testcase classname="tests.narrative_consciousness.test_identity_construction.TestValueSystem" name="test_adjust_value" time="0.001" /><testcase classname="tests.narrative_consciousness.test_identity_construction.TestBeliefNetwork" name="test_add_belief" time="0.001" /><testcase classname="tests.narrative_consciousness.test_identity_construction.TestBeliefNetwork" name="test_challenge_belief" time="0.001" /><testcase classname="tests.narrative_consciousness.test_identity_construction.TestIdentityConstruction" name="test_reflect_on_identity" time="0.001" /><testcase classname="tests.narrative_consciousness.test_identity_construction.TestIdentityConstruction" name="test_evolve_identity" time="0.001" /><testcase classname="tests.narrative_consciousness.test_life_story.TestLifeChapter" name="test_chapter_creation" time="0.002" /><testcase classname="tests.narrative_consciousness.test_life_story.TestLifeChapter" name="test_chapter_string_representation" time="0.001" /><testcase classname="tests.narrative_consciousness.test_life_story.TestIdentityModel" name="test_identity_initialization" time="0.001" /><testcase classname="tests.narrative_consciousness.test_life_story.TestIdentityModel" name="test_identity_evolution" time="0.001" /><testcase classname="tests.narrative_consciousness.test_life_story.TestNarrativeArc" name="test_arc_initialization" time="0.001" /><testcase classname="tests.narrative_consciousness.test_life_story.TestNarrativeArc" name="test_arc_phase_transition" time="0.002" /><testcase classname="tests.narrative_consciousness.test_life_story.TestLifeStory" name="test_story_initialization" time="0.001" /><testcase classname="tests.narrative_consciousness.test_life_story.TestLifeStory" name="test_integrate_experience" time="0.001" /><testcase classname="tests.narrative_consciousness.test_life_story.TestLifeStory" name="test_auto_generate_title" time="0.001" /><testcase classname="tests.narrative_consciousness.test_life_story.TestLifeStory" name="test_identity_impact_evaluation" time="0.001" /><testcase classname="tests.narrative_consciousness.test_life_story.TestLifeStory" name="test_identity_evolution_through_experiences" time="0.002" /><testcase classname="tests.narrative_consciousness.test_life_story.TestLifeStory" name="test_auto_narrate" time="0.002" /><testcase classname="tests.narrative_consciousness.test_life_story.TestLifeStory" name="test_auto_narrate_limits_chapters" time="0.002" /><testcase classname="tests.narrative_consciousness.test_life_story.TestLifeStory" name="test_narrative_arc_progression" time="0.001" /><testcase classname="tests.narrative_consciousness.test_life_story.TestLifeStory" name="test_get_recent_chapters" time="0.001" /><testcase classname="tests.narrative_consciousness.test_life_story.TestLifeStory" name="test_chapter_count" time="0.003" /><testcase classname="tests.narrative_consciousness.test_life_story.TestLifeStory" name="test_multiple_experiences_coherent_narrative" time="0.001" /><testcase classname="tests.optimization.test_benchmarking.TestBenchmarkResult" name="test_benchmark_result_initialization" time="0.002" /><testcase classname="tests.optimization.test_benchmarking.TestBenchmarkResult" name="test_mean_time_calculation" time="0.001" /><testcase classname="tests.optimization.test_benchmarking.TestBenchmarkResult" name="test_mean_memory_calculation" time="0.002" /><testcase classname="tests.optimization.test_benchmarking.TestBenchmarkResult" name="test_mean_cpu_calculation" time="0.001" /><testcase classname="tests.optimization.test_benchmarking.TestBenchmarkResult" name="test_metadata_storage" time="0.001" /><testcase classname="tests.optimization.test_benchmarking.TestComparisonResult" name="test_comparison_result_initialization" time="0.001" /><testcase classname="tests.optimization.test_benchmarking.TestPerformanceBenchmark" name="test_initialization" time="0.006" /><testcase classname="tests.optimization.test_benchmarking.TestPerformanceBenchmark" name="test_run_simple_benchmark" time="0.014" /><testcase classname="tests.optimization.test_benchmarking.TestPerformanceBenchmark" name="test_run_benchmark_with_computation" time="0.019" /><testcase classname="tests.optimization.test_benchmarking.TestPerformanceBenchmark" name="test_establish_baseline" time="0.020" /><testcase classname="tests.optimization.test_benchmarking.TestPerformanceBenchmark" name="test_compare_benchmarks_improvement" time="0.037" /><testcase classname="tests.optimization.test_benchmarking.TestPerformanceBenchmark" name="test_compare_benchmarks_regression" time="0.034" /><testcase classname="tests.optimization.test_benchmarking.TestPerformanceBenchmark" name="test_save_and_load_results" time="0.004" /><testcase classname="tests.optimization.test_benchmarking.TestPerformanceBenchmark" name="test_multiple_benchmarks" time="0.031" /><testcase classname="tests.optimization.test_benchmarking.TestPerformanceBenchmark" name="test_benchmark_with_exception" time="0.006" /><testcase classname="tests.optimization.test_benchmarking.TestPerformanceBenchmark" name="test_warmup_iterations" time="0.005" /><testcase classname="tests.optimization.test_benchmarking.TestPerformanceBenchmark" name="test_zero_iterations" time="0.003" /><testcase classname="tests.optimization.test_benchmarking.TestPerformanceBenchmark" name="test_benchmark_result_accuracy" time="0.027" /><testcase classname="tests.optimization.test_benchmarking.TestComparePerformance" name="test_compare_performance_basic" time="0.028" /><testcase classname="tests.optimization.test_benchmarking.TestRegressionDetector" name="test_detector_initialization" time="0.003" /><testcase classname="tests.optimization.test_benchmarking.TestRegressionDetector" name="test_record_benchmark_new_file" time="0.003" /><testcase classname="tests.optimization.test_benchmarking.TestRegressionDetector" name="test_record_benchmark_append" time="0.007" /><testcase classname="tests.optimization.test_benchmarking.TestRegressionDetector" name="test_detect_regressions_no_history" time="0.006" /><testcase classname="tests.optimization.test_benchmarking.TestRegressionDetector" name="test_detect_regressions_empty_history" time="0.006" /><testcase classname="tests.optimization.test_benchmarking.TestRegressionDetector" name="test_detect_regressions_with_regression" time="0.004" /><testcase classname="tests.optimization.test_benchmarking.TestRegressionDetector" name="test_detect_regressions_no_regression" time="0.006" /><testcase classname="tests.optimization.test_benchmarking.TestRegressionDetector" name="test_generate_trend_report_no_history" time="0.005" /><testcase classname="tests.optimization.test_benchmarking.TestRegressionDetector" name="test_generate_trend_report_empty_history" time="0.009" /><testcase classname="tests.optimization.test_benchmarking.TestRegressionDetector" name="test_generate_trend_report_with_data" time="0.008" /><testcase classname="tests.optimization.test_benchmarking.TestRegressionDetector" name="test_clean_old_history_no_files" time="0.009" /><testcase classname="tests.optimization.test_benchmarking.TestRegressionDetector" name="test_clean_old_history_with_old_entries" time="0.009" /><testcase classname="tests.optimization.test_benchmarking.TestBenchmarkWithRegressionDetection" name="test_benchmark_with_regression_detection_basic" time="0.019" /><testcase classname="tests.optimization.test_hardware_detector.TestHardwareProfile" name="test_creation" time="0.002" /><testcase classname="tests.optimization.test_hardware_detector.TestHardwareProfile" name="test_to_dict" time="0.002" /><testcase classname="tests.optimization.test_hardware_detector.TestHardwareProfile" name="test_to_json" time="0.006" /><testcase classname="tests.optimization.test_hardware_detector.TestOptimizationConfig" name="test_creation" time="0.002" /><testcase classname="tests.optimization.test_hardware_detector.TestOptimizationConfig" name="test_to_json" time="0.006" /><testcase classname="tests.optimization.test_hardware_detector.TestHardwareDetector" name="test_detect_hardware_cpu_only" time="0.036" /><testcase classname="tests.optimization.test_hardware_detector.TestHardwareDetector" name="test_detect_hardware_with_gpu" time="0.003" /><testcase classname="tests.optimization.test_hardware_detector.TestHardwareDetector" name="test_generate_optimal_config_cpu" time="0.067" /><testcase classname="tests.optimization.test_hardware_detector.TestHardwareDetector" name="test_generate_optimal_config_gpu" time="0.003" /><testcase classname="tests.optimization.test_hardware_detector.TestHardwareDetector" name="test_generate_optimal_config_high_end_gpu" time="0.001" /><testcase classname="tests.optimization.test_hardware_detector.TestHardwareDetector" name="test_save_config" time="0.006" /><testcase classname="tests.optimization.test_hardware_detector.TestHardwareDetector" name="test_detect_and_configure" time="0.008" /><testcase classname="tests.optimization.test_hardware_detector.TestAutoConfigureFunction" name="test_auto_configure" time="0.004" /><testcase classname="tests.optimization.test_hardware_detector.TestQuantizationConfig" name="test_quantization_low_ram" time="0.001" /><testcase classname="tests.optimization.test_hardware_detector.TestQuantizationConfig" name="test_no_quantization_high_ram" time="0.002" /><testcase classname="tests.optimization.test_memory_optimization.TestMemoryUsageSnapshot" name="test_snapshot_creation" time="0.001" /><testcase classname="tests.optimization.test_memory_optimization.TestMemoryUsageSnapshot" name="test_snapshot_to_dict" time="0.001" /><testcase classname="tests.optimization.test_memory_optimization.TestAllocationStats" name="test_stats_creation" time="0.001" /><testcase classname="tests.optimization.test_memory_optimization.TestAllocationStats" name="test_utilization_calculation" time="0.001" /><testcase classname="tests.optimization.test_memory_optimization.TestAllocationStats" name="test_utilization_zero_allocated" time="0.001" /><testcase classname="tests.optimization.test_memory_optimization.TestMemoryPool" name="test_pool_creation" time="0.002" /><testcase classname="tests.optimization.test_memory_optimization.TestMemoryPool" name="test_acquire_from_pool" time="0.002" /><testcase classname="tests.optimization.test_memory_optimization.TestMemoryPool" name="test_acquire_when_empty" time="0.001" /><testcase classname="tests.optimization.test_memory_optimization.TestMemoryPool" name="test_release_to_pool" time="0.001" /><testcase classname="tests.optimization.test_memory_optimization.TestMemoryPool" name="test_release_with_reset" time="0.001" /><testcase classname="tests.optimization.test_memory_optimization.TestMemoryPool" name="test_pool_max_size_limit" time="0.001" /><testcase classname="tests.optimization.test_memory_optimization.TestMemoryPool" name="test_peak_live_objects_tracking" time="0.002" /><testcase classname="tests.optimization.test_memory_optimization.TestMemoryPool" name="test_clear_pool" time="0.001" /><testcase classname="tests.optimization.test_memory_optimization.TestMemoryAllocator" name="test_allocator_creation" time="0.001" /><testcase classname="tests.optimization.test_memory_optimization.TestMemoryAllocator" name="test_create_pool" time="0.001" /><testcase classname="tests.optimization.test_memory_optimization.TestMemoryAllocator" name="test_create_duplicate_pool" time="0.001" /><testcase classname="tests.optimization.test_memory_optimization.TestMemoryAllocator" name="test_get_pool" time="0.001" /><testcase classname="tests.optimization.test_memory_optimization.TestMemoryAllocator" name="test_get_nonexistent_pool" time="0.001" /><testcase classname="tests.optimization.test_memory_optimization.TestMemoryAllocator" name="test_get_all_stats" time="0.002" /><testcase classname="tests.optimization.test_memory_optimization.TestMemoryAllocator" name="test_clear_all_pools" time="0.001" /><testcase classname="tests.optimization.test_memory_optimization.TestMemoryLeakDetector" name="test_detector_creation" time="0.001" /><testcase classname="tests.optimization.test_memory_optimization.TestMemoryLeakDetector" name="test_track_object" time="0.001" /><testcase classname="tests.optimization.test_memory_optimization.TestMemoryLeakDetector" name="test_object_cleanup_on_deletion" time="0.442" /><testcase classname="tests.optimization.test_memory_optimization.TestMemoryLeakDetector" name="test_check_for_leaks" time="0.328" /><testcase classname="tests.optimization.test_memory_optimization.TestMemoryLeakDetector" name="test_leak_report" time="0.002" /><testcase classname="tests.optimization.test_memory_optimization.TestMemoryProfiler" name="test_profiler_creation" time="0.002" /><testcase classname="tests.optimization.test_memory_optimization.TestMemoryProfiler" name="test_take_snapshot" time="0.364" /><testcase classname="tests.optimization.test_memory_optimization.TestMemoryProfiler" name="test_baseline_setting" time="0.357" /><testcase classname="tests.optimization.test_memory_optimization.TestMemoryProfiler" name="test_get_memory_growth" time="0.741" /><testcase classname="tests.optimization.test_memory_optimization.TestMemoryProfiler" name="test_detect_memory_spike" time="0.717" /><testcase classname="tests.optimization.test_memory_optimization.TestMemoryProfiler" name="test_get_statistics" time="0.359" /><testcase classname="tests.optimization.test_memory_optimization.TestMemoryProfiler" name="test_snapshot_limit" time="396.988" /><testcase classname="tests.optimization.test_memory_optimization.TestMemoryOptimizer" name="test_optimizer_creation" time="0.001" /><testcase classname="tests.optimization.test_memory_optimization.TestMemoryOptimizer" name="test_optimize_gc" time="0.001" /><testcase classname="tests.optimization.test_memory_optimization.TestMemoryOptimizer" name="test_create_object_pool" time="0.002" /><testcase classname="tests.optimization.test_memory_optimization.TestMemoryOptimizer" name="test_track_for_leaks" time="0.001" /><testcase classname="tests.optimization.test_memory_optimization.TestMemoryOptimizer" name="test_take_snapshot" time="0.371" /><testcase classname="tests.optimization.test_memory_optimization.TestMemoryOptimizer" name="test_get_optimization_report" time="0.364" /><testcase classname="tests.optimization.test_memory_optimization.TestMemoryOptimizer" name="test_suggest_optimizations" time="0.411" /><testcase classname="tests.optimization.test_memory_optimization.TestIntegration" name="test_full_workflow" time="0.772" /><testcase classname="tests.optimization.test_memory_optimization.TestIntegration" name="test_memory_pool_reuse" time="0.001" /><testcase classname="tests.optimization.test_performance_profiler.TestPerformanceMetrics" name="test_initialization" time="0.002" /><testcase classname="tests.optimization.test_performance_profiler.TestPerformanceMetrics" name="test_default_metadata" time="0.001" /><testcase classname="tests.optimization.test_performance_profiler.TestPerformanceMetrics" name="test_with_metadata" time="0.001" /><testcase classname="tests.optimization.test_performance_profiler.TestBottleneckReport" name="test_initialization" time="0.001" /><testcase classname="tests.optimization.test_performance_profiler.TestPerformanceProfiler" name="test_initialization" time="0.001" /><testcase classname="tests.optimization.test_performance_profiler.TestPerformanceProfiler" name="test_initialization_with_custom_dir" time="0.001" /><testcase classname="tests.optimization.test_performance_profiler.TestPerformanceProfiler" name="test_profile_execution_simple" time="0.003" /><testcase classname="tests.optimization.test_performance_profiler.TestPerformanceProfiler" name="test_profile_execution_with_sleep" time="0.103" /><testcase classname="tests.optimization.test_performance_profiler.TestPerformanceProfiler" name="test_profile_execution_stores_history" time="0.005" /><testcase classname="tests.optimization.test_performance_profiler.TestPerformanceProfiler" name="test_identify_bottlenecks_no_history" time="0.005" /><testcase classname="tests.optimization.test_performance_profiler.TestPerformanceProfiler" name="test_identify_bottlenecks_cpu" time="0.005" /><testcase classname="tests.optimization.test_performance_profiler.TestPerformanceProfiler" name="test_identify_bottlenecks_memory" time="0.003" /><testcase classname="tests.optimization.test_performance_profiler.TestPerformanceProfiler" name="test_identify_bottlenecks_execution_time" time="0.002" /><testcase classname="tests.optimization.test_performance_profiler.TestPerformanceProfiler" name="test_identify_bottlenecks_multiple" time="0.001" /><testcase classname="tests.optimization.test_performance_profiler.TestPerformanceProfiler" name="test_get_statistics_no_history" time="0.002" /><testcase classname="tests.optimization.test_performance_profiler.TestPerformanceProfiler" name="test_get_statistics_with_history" time="0.001" /><testcase classname="tests.optimization.test_performance_profiler.TestPerformanceProfiler" name="test_save_report" time="0.003" /><testcase classname="tests.optimization.test_performance_profiler.TestPerformanceProfiler" name="test_save_report_auto_filename" time="0.003" /><testcase classname="tests.optimization.test_performance_profiler.TestProfileFunctionDecorator" name="test_decorator_basic" time="0.003" /><testcase classname="tests.optimization.test_performance_profiler.TestProfileFunctionDecorator" name="test_decorator_stores_metrics" time="0.003" /><testcase classname="tests.optimization.test_performance_profiler.TestProfileFunctionDecorator" name="test_decorator_multiple_calls" time="0.003" /><testcase classname="tests.optimization.test_performance_profiler.TestProfileFunctionDecorator" name="test_decorator_preserves_function_name" time="0.001" /><testcase classname="tests.optimization.test_performance_profiler.TestProfileFunctionDecorator" name="test_decorator_with_exception" time="0.002" /><testcase classname="tests.optimization.test_performance_profiler.TestPerformanceProfilerIntegration" name="test_profile_complex_function" time="0.005" /><testcase classname="tests.optimization.test_performance_profiler.TestPerformanceProfilerIntegration" name="test_multiple_profiles_and_bottleneck_detection" time="0.261" /><testcase classname="tests.optimization.test_performance_profiler.TestPerformanceProfilerIntegration" name="test_save_and_verify_report_structure" time="0.010" /><testcase classname="tests.optimization.test_performance_profiler.TestPerformanceProfilerIntegration" name="test_bottleneck_severity_levels" time="0.004" /><testcase classname="tests.quantum_ai.test_quantum_ml.TestQuantumFeatureMap" name="test_feature_map_initialization" time="0.004" /><testcase classname="tests.quantum_ai.test_quantum_ml.TestQuantumFeatureMap" name="test_encode_simple_features" time="0.001" /><testcase classname="tests.quantum_ai.test_quantum_ml.TestQuantumFeatureMap" name="test_encode_normalized_features" time="0.001" /><testcase classname="tests.quantum_ai.test_quantum_ml.TestQuantumFeatureMap" name="test_encode_zero_features" time="0.001" /><testcase classname="tests.quantum_ai.test_quantum_ml.TestQuantumFeatureMap" name="test_encode_large_feature_vector" time="0.001" /><testcase classname="tests.quantum_ai.test_quantum_ml.TestQuantumFeatureMap" name="test_encode_small_feature_vector" time="0.002" /><testcase classname="tests.quantum_ai.test_quantum_ml.TestQuantumKernel" name="test_kernel_initialization" time="0.001" /><testcase classname="tests.quantum_ai.test_quantum_ml.TestQuantumKernel" name="test_compute_kernel_identical_vectors" time="0.001" /><testcase classname="tests.quantum_ai.test_quantum_ml.TestQuantumKernel" name="test_compute_kernel_orthogonal_vectors" time="0.001" /><testcase classname="tests.quantum_ai.test_quantum_ml.TestQuantumKernel" name="test_compute_kernel_similar_vectors" time="0.001" /><testcase classname="tests.quantum_ai.test_quantum_ml.TestQuantumKernel" name="test_compute_kernel_symmetry" time="0.001" /><testcase classname="tests.quantum_ai.test_quantum_ml.TestQuantumKernel" name="test_compute_kernel_zero_vectors" time="0.002" /><testcase classname="tests.quantum_ai.test_quantum_ml.TestQuantumKernel" name="test_compute_kernel_different_num_qubits" time="0.002" /><testcase classname="tests.quantum_ai.test_quantum_ml.TestQuantumKernel" name="test_compute_kernel_negative_features" time="0.001" /><testcase classname="tests.quantum_ai.test_quantum_ml.TestQuantumKernel" name="test_compute_kernel_large_values" time="0.001" /><testcase classname="tests.quantum_ai.test_quantum_ml.TestQuantumKernel" name="test_kernel_multiple_comparisons" time="0.002" /><testcase classname="tests.quantum_ai.test_quantum_ml.TestQuantumMLEdgeCases" name="test_feature_map_with_one_qubit" time="0.001" /><testcase classname="tests.quantum_ai.test_quantum_ml.TestQuantumMLEdgeCases" name="test_kernel_with_empty_features" time="0.001" /><testcase classname="tests.quantum_ai.test_quantum_ml.TestQuantumMLEdgeCases" name="test_feature_map_normalization_stability" time="0.001" /><testcase classname="tests.quantum_ai.test_quantum_ml.TestQuantumKernelMatrix" name="test_kernel_matrix_square" time="0.001" /><testcase classname="tests.quantum_ai.test_quantum_ml.TestQuantumKernelMatrix" name="test_kernel_matrix_symmetric" time="0.001" /><testcase classname="tests.quantum_ai.test_quantum_ml.TestQuantumKernelMatrix" name="test_kernel_matrix_diagonal" time="0.001" /><testcase classname="tests.quantum_ai.test_quantum_ml.TestQuantumKernelMatrix" name="test_kernel_matrix_single_sample" time="0.001" /><testcase classname="tests.quantum_ai.test_quantum_ml.TestVariationalCircuit" name="test_initialization" time="0.002" /><testcase classname="tests.quantum_ai.test_quantum_ml.TestVariationalCircuit" name="test_forward_pass" time="0.001" /><testcase classname="tests.quantum_ai.test_quantum_ml.TestVariationalCircuit" name="test_forward_with_different_inputs" time="0.001" /><testcase classname="tests.quantum_ai.test_quantum_ml.TestVariationalCircuit" name="test_update_parameters" time="0.001" /><testcase classname="tests.quantum_ai.test_quantum_ml.TestVariationalCircuit" name="test_update_parameters_with_learning_rate" time="0.001" /><testcase classname="tests.quantum_ai.test_quantum_ml.TestQuantumNeuralNetwork" name="test_initialization" time="0.001" /><testcase classname="tests.quantum_ai.test_quantum_ml.TestQuantumNeuralNetwork" name="test_predict" time="0.002" /><testcase classname="tests.quantum_ai.test_quantum_ml.TestQuantumNeuralNetwork" name="test_train_step" time="0.001" /><testcase classname="tests.quantum_ai.test_quantum_ml.TestQuantumNeuralNetwork" name="test_training_reduces_loss" time="0.001" /><testcase classname="tests.quantum_ai.test_quantum_ml.TestQuantumNeuralNetwork" name="test_predict_different_after_training" time="0.001" /><testcase classname="tests.quantum_ai.test_quantum_ml.TestQuantumClassifier" name="test_initialization" time="0.001" /><testcase classname="tests.quantum_ai.test_quantum_ml.TestQuantumClassifier" name="test_fit" time="0.001" /><testcase classname="tests.quantum_ai.test_quantum_ml.TestQuantumClassifier" name="test_predict_before_training" time="0.002" /><testcase classname="tests.quantum_ai.test_quantum_ml.TestQuantumClassifier" name="test_predict_after_training" time="0.002" /><testcase classname="tests.quantum_ai.test_quantum_ml.TestQuantumClassifier" name="test_predict_proba" time="0.001" /><testcase classname="tests.quantum_ai.test_quantum_ml.TestQuantumClassifier" name="test_predict_proba_before_training" time="0.001" /><testcase classname="tests.quantum_ai.test_quantum_ml.TestQuantumClassifier" name="test_binary_classification" time="0.001" /><testcase classname="tests.quantum_ai.test_quantum_ml.TestQuantumMLIntegration" name="test_end_to_end_classification" time="0.003" /><testcase classname="tests.quantum_ai.test_quantum_ml.TestQuantumMLIntegration" name="test_quantum_nn_training_loop" time="0.001" /><testcase classname="tests.quantum_ai.test_quantum_ml.TestQuantumMLIntegration" name="test_kernel_based_similarity_search" time="0.001" /><testcase classname="tests.quantum_ai.test_superposition_computing.TestSuperpositionState" name="test_initialization_empty" time="0.001" /><testcase classname="tests.quantum_ai.test_superposition_computing.TestSuperpositionState" name="test_initialization_with_states" time="0.001" /><testcase classname="tests.quantum_ai.test_superposition_computing.TestSuperpositionState" name="test_normalization" time="0.001" /><testcase classname="tests.quantum_ai.test_superposition_computing.TestSuperpositionState" name="test_add_state" time="0.002" /><testcase classname="tests.quantum_ai.test_superposition_computing.TestSuperpositionState" name="test_add_state_normalizes" time="0.001" /><testcase classname="tests.quantum_ai.test_superposition_computing.TestSuperpositionState" name="test_collapse" time="0.001" /><testcase classname="tests.quantum_ai.test_superposition_computing.TestSuperpositionState" name="test_collapse_single_state" time="0.001" /><testcase classname="tests.quantum_ai.test_superposition_computing.TestSuperpositionState" name="test_collapse_empty_state" time="0.001" /><testcase classname="tests.quantum_ai.test_superposition_computing.TestSuperpositionProcessor" name="test_initialization" time="0.001" /><testcase classname="tests.quantum_ai.test_superposition_computing.TestSuperpositionProcessor" name="test_evaluate_parallel_basic" time="0.001" /><testcase classname="tests.quantum_ai.test_superposition_computing.TestSuperpositionProcessor" name="test_evaluate_parallel_amplitudes" time="0.002" /><testcase classname="tests.quantum_ai.test_superposition_computing.TestSuperpositionProcessor" name="test_evaluate_parallel_empty_input" time="0.001" /><testcase classname="tests.quantum_ai.test_superposition_computing.TestSuperpositionProcessor" name="test_quantum_search" time="0.001" /><testcase classname="tests.quantum_ai.test_superposition_computing.TestSuperpositionProcessor" name="test_quantum_search_no_match" time="0.001" /><testcase classname="tests.quantum_ai.test_superposition_computing.TestSuperpositionProcessor" name="test_quantum_search_amplification" time="0.003" /><testcase classname="tests.quantum_ai.test_superposition_computing.TestQuantumParallelism" name="test_initialization" time="0.002" /><testcase classname="tests.quantum_ai.test_superposition_computing.TestQuantumParallelism" name="test_parallel_map" time="0.002" /><testcase classname="tests.quantum_ai.test_superposition_computing.TestQuantumParallelism" name="test_parallel_map_strings" time="0.001" /><testcase classname="tests.quantum_ai.test_superposition_computing.TestQuantumParallelism" name="test_parallel_map_empty" time="0.001" /><testcase classname="tests.quantum_ai.test_superposition_computing.TestQuantumParallelism" name="test_quantum_interference" time="0.001" /><testcase classname="tests.quantum_ai.test_superposition_computing.TestQuantumParallelism" name="test_quantum_interference_single_function" time="0.001" /><testcase classname="tests.quantum_ai.test_superposition_computing.TestQuantumParallelism" name="test_quantum_interference_negative_values" time="0.001" /><testcase classname="tests.quantum_ai.test_superposition_computing.TestStateAmplification" name="test_initialization" time="0.002" /><testcase classname="tests.quantum_ai.test_superposition_computing.TestStateAmplification" name="test_amplify_states" time="0.001" /><testcase classname="tests.quantum_ai.test_superposition_computing.TestStateAmplification" name="test_amplify_states_no_match" time="0.001" /><testcase classname="tests.quantum_ai.test_superposition_computing.TestStateAmplification" name="test_amplify_states_all_match" time="0.001" /><testcase classname="tests.quantum_ai.test_superposition_computing.TestStateAmplification" name="test_select_high_amplitude" time="0.001" /><testcase classname="tests.quantum_ai.test_superposition_computing.TestStateAmplification" name="test_select_high_amplitude_low_threshold" time="0.001" /><testcase classname="tests.quantum_ai.test_superposition_computing.TestStateAmplification" name="test_select_high_amplitude_high_threshold" time="0.001" /><testcase classname="tests.quantum_ai.test_superposition_computing.TestSuperpositionIntegration" name="test_processor_with_amplification" time="0.001" /><testcase classname="tests.quantum_ai.test_superposition_computing.TestSuperpositionIntegration" name="test_quantum_parallelism_with_superposition" time="0.001" /><testcase classname="tests.quantum_consciousness.test_hybrid_cognition.TestCognitionMetrics" name="test_metrics_creation" time="0.002" /><testcase classname="tests.quantum_consciousness.test_hybrid_cognition.TestCognitionMetrics" name="test_metrics_speedup_calculation" time="0.001" /><testcase classname="tests.quantum_consciousness.test_hybrid_cognition.TestCognitionMetrics" name="test_metrics_summary" time="0.001" /><testcase classname="tests.quantum_consciousness.test_hybrid_cognition.TestClassicalQuantumBridge" name="test_bridge_initialization" time="0.001" /><testcase classname="tests.quantum_consciousness.test_hybrid_cognition.TestClassicalQuantumBridge" name="test_bridge_encode_classical_data" time="0.001" /><testcase classname="tests.quantum_consciousness.test_hybrid_cognition.TestClassicalQuantumBridge" name="test_bridge_decode_quantum_result" time="0.001" /><testcase classname="tests.quantum_consciousness.test_hybrid_cognition.TestClassicalQuantumBridge" name="test_bridge_validate_compatibility_list" time="0.001" /><testcase classname="tests.quantum_consciousness.test_hybrid_cognition.TestClassicalQuantumBridge" name="test_bridge_validate_compatibility_scalar" time="0.001" /><testcase classname="tests.quantum_consciousness.test_hybrid_cognition.TestHybridCognitionSystem" name="test_hybrid_system_initialization" time="0.003" /><testcase classname="tests.quantum_consciousness.test_hybrid_cognition.TestHybridCognitionSystem" name="test_hybrid_system_classical_only" time="0.001" /><testcase classname="tests.quantum_consciousness.test_hybrid_cognition.TestHybridCognitionSystem" name="test_solve_classical_optimization" time="0.002" /><testcase classname="tests.quantum_consciousness.test_hybrid_cognition.TestHybridCognitionSystem" name="test_solve_quantum_optimization" time="0.005" /><testcase classname="tests.quantum_consciousness.test_hybrid_cognition.TestHybridCognitionSystem" name="test_solve_hybrid_optimization" time="0.012" /><testcase classname="tests.quantum_consciousness.test_hybrid_cognition.TestHybridCognitionSystem" name="test_auto_strategy_selection_small_problem" time="0.003" /><testcase classname="tests.quantum_consciousness.test_hybrid_cognition.TestHybridCognitionSystem" name="test_auto_strategy_selection_large_problem" time="0.016" /><testcase classname="tests.quantum_consciousness.test_hybrid_cognition.TestHybridCognitionSystem" name="test_compare_strategies" time="0.018" /><testcase classname="tests.quantum_consciousness.test_hybrid_cognition.TestHybridCognitionSystem" name="test_compare_specific_strategies" time="0.011" /><testcase classname="tests.quantum_consciousness.test_hybrid_cognition.TestHybridCognitionSystem" name="test_metrics_history" time="0.011" /><testcase classname="tests.quantum_consciousness.test_hybrid_cognition.TestHybridCognitionSystem" name="test_get_metrics_summary" time="0.004" /><testcase classname="tests.quantum_consciousness.test_hybrid_cognition.TestHybridCognitionSystem" name="test_get_metrics_summary_empty" time="0.002" /><testcase classname="tests.quantum_consciousness.test_qpu_interface.TestBackendInfo" name="test_backend_info_creation" time="0.001" /><testcase classname="tests.quantum_consciousness.test_qpu_interface.TestBackendInfo" name="test_backend_info_str" time="0.001" /><testcase classname="tests.quantum_consciousness.test_qpu_interface.TestSimulatorBackend" name="test_simulator_initialization" time="0.001" /><testcase classname="tests.quantum_consciousness.test_qpu_interface.TestSimulatorBackend" name="test_simulator_is_available" time="0.002" /><testcase classname="tests.quantum_consciousness.test_qpu_interface.TestSimulatorBackend" name="test_simulator_get_info" time="0.002" /><testcase classname="tests.quantum_consciousness.test_qpu_interface.TestSimulatorBackend" name="test_simulator_execute_simple_circuit" time="0.006" /><testcase classname="tests.quantum_consciousness.test_qpu_interface.TestSimulatorBackend" name="test_simulator_execute_with_measurement" time="0.005" /><testcase classname="tests.quantum_consciousness.test_qpu_interface.TestIBMQBackend" name="test_ibmq_initialization_without_token" time="0.001" /><testcase classname="tests.quantum_consciousness.test_qpu_interface.TestIBMQBackend" name="test_ibmq_is_available_without_token" time="0.001" /><testcase classname="tests.quantum_consciousness.test_qpu_interface.TestIBMQBackend" name="test_ibmq_get_info_not_connected" time="0.001" /><testcase classname="tests.quantum_consciousness.test_qpu_interface.TestIBMQBackend" name="test_ibmq_execute_fallback_to_simulator" time="0.004" /><testcase classname="tests.quantum_consciousness.test_qpu_interface.TestQPUInterface" name="test_qpu_interface_initialization" time="0.003" /><testcase classname="tests.quantum_consciousness.test_qpu_interface.TestQPUInterface" name="test_qpu_interface_list_backends" time="0.001" /><testcase classname="tests.quantum_consciousness.test_qpu_interface.TestQPUInterface" name="test_qpu_interface_get_active_backend_info" time="0.001" /><testcase classname="tests.quantum_consciousness.test_qpu_interface.TestQPUInterface" name="test_qpu_interface_execute" time="0.004" /><testcase classname="tests.quantum_consciousness.test_qpu_interface.TestQPUInterface" name="test_qpu_interface_switch_backend" time="0.002" /><testcase classname="tests.quantum_consciousness.test_qpu_interface.TestQPUInterface" name="test_qpu_interface_switch_to_unavailable_backend" time="0.002" /><testcase classname="tests.quantum_consciousness.test_qpu_interface.TestQPUInterface" name="test_qpu_interface_with_ibmq_token" time="2.081" /><testcase classname="tests.quantum_consciousness.test_qpu_interface.TestQPUInterface" name="test_qpu_interface_execute_specific_backend" time="0.004" /><testcase classname="tests.quantum_consciousness.test_quantum_cognition.TestQuantumState" name="test_quantum_state_initialization" time="0.001" /><testcase classname="tests.quantum_consciousness.test_quantum_cognition.TestQuantumState" name="test_quantum_state_with_custom_statevector" time="0.001" /><testcase classname="tests.quantum_consciousness.test_quantum_cognition.TestQuantumState" name="test_quantum_state_measure" time="0.002" /><testcase classname="tests.quantum_consciousness.test_quantum_cognition.TestQuantumState" name="test_quantum_state_measure_superposition" time="0.006" /><testcase classname="tests.quantum_consciousness.test_quantum_cognition.TestQuantumCognitionEngine" name="test_engine_initialization" time="0.001" /><testcase classname="tests.quantum_consciousness.test_quantum_cognition.TestQuantumCognitionEngine" name="test_create_superposition" time="0.003" /><testcase classname="tests.quantum_consciousness.test_quantum_cognition.TestQuantumCognitionEngine" name="test_create_superposition_specific_qubits" time="0.002" /><testcase classname="tests.quantum_consciousness.test_quantum_cognition.TestQuantumCognitionEngine" name="test_create_entanglement" time="0.002" /><testcase classname="tests.quantum_consciousness.test_quantum_cognition.TestQuantumCognitionEngine" name="test_get_statevector" time="0.003" /><testcase classname="tests.quantum_consciousness.test_quantum_cognition.TestQuantumCognitionEngine" name="test_measure_circuit" time="0.006" /><testcase classname="tests.quantum_consciousness.test_quantum_cognition.TestQuantumCognitionEngine" name="test_engine_without_qiskit" time="0.001" /><testcase classname="tests.quantum_consciousness.test_quantum_cognition.TestSuperpositionDecision" name="test_superposition_decision_creation" time="0.001" /><testcase classname="tests.quantum_consciousness.test_quantum_cognition.TestSuperpositionDecision" name="test_superposition_decision_collapse" time="0.001" /><testcase classname="tests.quantum_consciousness.test_quantum_cognition.TestSuperpositionDecision" name="test_superposition_decision_collapse_multiple_times" time="0.006" /><testcase classname="tests.quantum_consciousness.test_quantum_cognition.TestQuantumDecisionMaker" name="test_decision_maker_initialization" time="0.002" /><testcase classname="tests.quantum_consciousness.test_quantum_cognition.TestQuantumDecisionMaker" name="test_make_decision" time="0.003" /><testcase classname="tests.quantum_consciousness.test_quantum_cognition.TestQuantumDecisionMaker" name="test_make_decision_too_many_options" time="0.003" /><testcase classname="tests.quantum_consciousness.test_quantum_cognition.TestQuantumDecisionMaker" name="test_make_decision_single_option" time="0.003" /><testcase classname="tests.quantum_consciousness.test_quantum_cognition.TestQuantumDecisionMaker" name="test_demonstrate_entanglement" time="0.006" /><testcase classname="tests.quantum_consciousness.test_quantum_cognition.TestQuantumDecisionMaker" name="test_decision_maker_without_qiskit" time="0.004" /><testcase classname="tests.quantum_consciousness.test_quantum_memory.TestQuantumMemoryCell" name="test_memory_cell_initialization" time="0.001" /><testcase classname="tests.quantum_consciousness.test_quantum_memory.TestQuantumMemoryCell" name="test_memory_cell_encode_single_value" time="0.001" /><testcase classname="tests.quantum_consciousness.test_quantum_memory.TestQuantumMemoryCell" name="test_memory_cell_encode_array" time="0.001" /><testcase classname="tests.quantum_consciousness.test_quantum_memory.TestQuantumMemoryCell" name="test_memory_cell_decode" time="0.002" /><testcase classname="tests.quantum_consciousness.test_quantum_memory.TestQuantumMemoryCell" name="test_memory_cell_fidelity_identical" time="0.001" /><testcase classname="tests.quantum_consciousness.test_quantum_memory.TestQuantumMemoryCell" name="test_memory_cell_fidelity_different" time="0.002" /><testcase classname="tests.quantum_consciousness.test_quantum_memory.TestQuantumMemoryCell" name="test_memory_cell_without_encoding" time="0.002" /><testcase classname="tests.quantum_consciousness.test_quantum_memory.TestQuantumMemorySystem" name="test_memory_system_initialization" time="0.002" /><testcase classname="tests.quantum_consciousness.test_quantum_memory.TestQuantumMemorySystem" name="test_memory_system_store" time="0.002" /><testcase classname="tests.quantum_consciousness.test_quantum_memory.TestQuantumMemorySystem" name="test_memory_system_store_multiple" time="0.002" /><testcase classname="tests.quantum_consciousness.test_quantum_memory.TestQuantumMemorySystem" name="test_memory_system_retrieve" time="0.002" /><testcase classname="tests.quantum_consciousness.test_quantum_memory.TestQuantumMemorySystem" name="test_memory_system_retrieve_invalid_index" time="0.001" /><testcase classname="tests.quantum_consciousness.test_quantum_memory.TestQuantumMemorySystem" name="test_memory_system_capacity_limit" time="0.003" /><testcase classname="tests.quantum_consciousness.test_quantum_memory.TestQuantumMemorySystem" name="test_memory_system_search_similar" time="0.003" /><testcase classname="tests.quantum_consciousness.test_quantum_memory.TestQuantumMemorySystem" name="test_memory_system_clear" time="0.002" /><testcase classname="tests.quantum_consciousness.test_quantum_memory.TestQLearningState" name="test_qlearning_state_creation" time="0.001" /><testcase classname="tests.quantum_consciousness.test_quantum_memory.TestHybridQLearning" name="test_hybrid_qlearning_initialization" time="0.002" /><testcase classname="tests.quantum_consciousness.test_quantum_memory.TestHybridQLearning" name="test_hybrid_qlearning_classical_only" time="0.001" /><testcase classname="tests.quantum_consciousness.test_quantum_memory.TestHybridQLearning" name="test_select_action" time="0.005" /><testcase classname="tests.quantum_consciousness.test_quantum_memory.TestHybridQLearning" name="test_update_q_value" time="0.002" /><testcase classname="tests.quantum_consciousness.test_quantum_memory.TestHybridQLearning" name="test_multiple_updates" time="0.003" /><testcase classname="tests.quantum_consciousness.test_quantum_memory.TestHybridQLearning" name="test_get_q_value_nonexistent" time="0.001" /><testcase classname="tests.quantum_consciousness.test_quantum_memory.TestQuantumMemoryComparison" name="test_comparison_creation" time="0.001" /><testcase classname="tests.quantum_consciousness.test_quantum_memory.TestQuantumMemoryComparison" name="test_comparison_summary" time="0.002" /><testcase classname="tests.scaling.test_distributed_transactions.TestTransactionParticipant" name="test_initialization" time="0.002" /><testcase classname="tests.scaling.test_distributed_transactions.TestTransactionParticipant" name="test_to_dict" time="0.001" /><testcase classname="tests.scaling.test_distributed_transactions.TestDistributedTransaction" name="test_initialization" time="0.001" /><testcase classname="tests.scaling.test_distributed_transactions.TestDistributedTransaction" name="test_add_participant" time="0.001" /><testcase classname="tests.scaling.test_distributed_transactions.TestDistributedTransaction" name="test_all_prepared" time="0.001" /><testcase classname="tests.scaling.test_distributed_transactions.TestDistributedTransaction" name="test_not_all_prepared" time="0.001" /><testcase classname="tests.scaling.test_distributed_transactions.TestDistributedTransaction" name="test_any_failed" time="0.001" /><testcase classname="tests.scaling.test_distributed_transactions.TestTwoPhaseCommitCoordinator" name="test_initialization" time="0.006" /><testcase classname="tests.scaling.test_distributed_transactions.TestTwoPhaseCommitCoordinator" name="test_begin_transaction" time="0.007" /><testcase classname="tests.scaling.test_distributed_transactions.TestTwoPhaseCommitCoordinator" name="test_execute_successful_transaction" time="0.047" /><testcase classname="tests.scaling.test_distributed_transactions.TestTwoPhaseCommitCoordinator" name="test_execute_failed_transaction" time="0.045" /><testcase classname="tests.scaling.test_distributed_transactions.TestTwoPhaseCommitCoordinator" name="test_get_transaction" time="0.008" /><testcase classname="tests.scaling.test_distributed_transactions.TestTwoPhaseCommitCoordinator" name="test_get_active_transactions" time="0.008" /><testcase classname="tests.scaling.test_distributed_transactions.TestSagaCoordinator" name="test_initialization" time="0.007" /><testcase classname="tests.scaling.test_distributed_transactions.TestSagaCoordinator" name="test_create_saga" time="0.007" /><testcase classname="tests.scaling.test_distributed_transactions.TestSagaCoordinator" name="test_execute_successful_saga" time="0.006" /><testcase classname="tests.scaling.test_distributed_transactions.TestSagaCoordinator" name="test_execute_failed_saga_with_compensation" time="0.007" /><testcase classname="tests.scaling.test_distributed_transactions.TestSagaCoordinator" name="test_get_saga_status" time="0.005" /><testcase classname="tests.scaling.test_distributed_transactions.TestSagaCoordinator" name="test_saga_not_found" time="0.007" /><testcase classname="tests.scaling.test_distributed_transactions.TestSagaStep" name="test_initialization" time="0.001" /><testcase classname="tests.scaling.test_intelligent_load_balancer" name="test_node_performance_metrics_creation" time="0.001" /><testcase classname="tests.scaling.test_intelligent_load_balancer" name="test_node_performance_metrics_update" time="0.001" /><testcase classname="tests.scaling.test_intelligent_load_balancer" name="test_node_performance_metrics_average_time" time="0.001" /><testcase classname="tests.scaling.test_intelligent_load_balancer" name="test_node_performance_metrics_variance" time="0.002" /><testcase classname="tests.scaling.test_intelligent_load_balancer" name="test_node_performance_metrics_prediction" time="0.001" /><testcase classname="tests.scaling.test_intelligent_load_balancer" name="test_intelligent_load_balancer_creation" time="0.001" /><testcase classname="tests.scaling.test_intelligent_load_balancer" name="test_record_task_completion" time="0.001" /><testcase classname="tests.scaling.test_intelligent_load_balancer" name="test_predict_node_workload_no_data" time="0.001" /><testcase classname="tests.scaling.test_intelligent_load_balancer" name="test_predict_node_workload_with_data" time="0.001" /><testcase classname="tests.scaling.test_intelligent_load_balancer" name="test_calculate_node_score" time="0.003" /><testcase classname="tests.scaling.test_intelligent_load_balancer" name="test_select_node_no_nodes" time="0.001" /><testcase classname="tests.scaling.test_intelligent_load_balancer" name="test_select_node_least_loaded" time="0.001" /><testcase classname="tests.scaling.test_intelligent_load_balancer" name="test_select_node_round_robin" time="0.001" /><testcase classname="tests.scaling.test_intelligent_load_balancer" name="test_select_node_ml_predicted_insufficient_data" time="0.001" /><testcase classname="tests.scaling.test_intelligent_load_balancer" name="test_select_node_ml_predicted_with_data" time="0.002" /><testcase classname="tests.scaling.test_intelligent_load_balancer" name="test_select_node_weighted_least_loaded" time="0.002" /><testcase classname="tests.scaling.test_intelligent_load_balancer" name="test_select_node_with_capability_filtering" time="0.001" /><testcase classname="tests.scaling.test_intelligent_load_balancer" name="test_get_cluster_predictions" time="0.001" /><testcase classname="tests.scaling.test_intelligent_load_balancer" name="test_get_performance_summary_no_data" time="0.001" /><testcase classname="tests.scaling.test_intelligent_load_balancer" name="test_get_performance_summary_with_data" time="0.002" /><testcase classname="tests.scaling.test_intelligent_load_balancer" name="test_optimize_strategy" time="0.001" /><testcase classname="tests.scaling.test_intelligent_load_balancer" name="test_node_selection_all_nodes_busy" time="0.002" /><testcase classname="tests.scaling.test_intelligent_load_balancer" name="test_node_selection_offline_nodes" time="0.001" /><testcase classname="tests.scaling.test_intelligent_load_balancer" name="test_maxlen_deque_limits" time="0.002" /><testcase classname="tests.scaling.test_intelligent_load_balancer" name="test_task_history_maxlen" time="0.013" /><testcase classname="tests.scaling.test_node_failure_recovery" name="test_raft_state_creation" time="0.001" /><testcase classname="tests.scaling.test_node_failure_recovery" name="test_raft_state_to_dict" time="0.001" /><testcase classname="tests.scaling.test_node_failure_recovery" name="test_log_entry_creation" time="0.001" /><testcase classname="tests.scaling.test_node_failure_recovery" name="test_log_entry_to_dict" time="0.001" /><testcase classname="tests.scaling.test_node_failure_recovery" name="test_raft_node_creation" time="0.002" /><testcase classname="tests.scaling.test_node_failure_recovery" name="test_raft_node_initial_state" time="0.001" /><testcase classname="tests.scaling.test_node_failure_recovery" name="test_raft_node_start_stop" time="0.009" /><testcase classname="tests.scaling.test_node_failure_recovery" name="test_apply_command_set" time="0.008" /><testcase classname="tests.scaling.test_node_failure_recovery" name="test_apply_command_delete" time="0.008" /><testcase classname="tests.scaling.test_node_failure_recovery" name="test_become_leader" time="0.009" /><testcase classname="tests.scaling.test_node_failure_recovery" name="test_append_entry_as_leader" time="0.011" /><testcase classname="tests.scaling.test_node_failure_recovery" name="test_append_entry_as_follower" time="0.008" /><testcase classname="tests.scaling.test_node_failure_recovery" name="test_submit_command_as_leader" time="0.007" /><testcase classname="tests.scaling.test_node_failure_recovery" name="test_submit_command_as_follower" time="0.007" /><testcase classname="tests.scaling.test_node_failure_recovery" name="test_handle_append_entries_success" time="0.007" /><testcase classname="tests.scaling.test_node_failure_recovery" name="test_handle_append_entries_old_term" time="0.006" /><testcase classname="tests.scaling.test_node_failure_recovery" name="test_handle_append_entries_updates_term" time="0.005" /><testcase classname="tests.scaling.test_node_failure_recovery" name="test_election_timeout_randomization" time="0.007" /><testcase classname="tests.scaling.test_node_failure_recovery" name="test_failover_coordinator_creation" time="0.005" /><testcase classname="tests.scaling.test_node_failure_recovery" name="test_failover_coordinator_start_stop" time="0.008" /><testcase classname="tests.scaling.test_node_failure_recovery" name="test_failover_coordinator_get_status" time="0.005" /><testcase classname="tests.scaling.test_node_failure_recovery" name="test_handle_node_failure" time="0.010" /><testcase classname="tests.scaling.test_node_failure_recovery" name="test_handle_node_recovery" time="0.008" /><testcase classname="tests.scaling.test_node_failure_recovery" name="test_leader_initialization" time="0.008" /><testcase classname="tests.scaling.test_node_failure_recovery" name="test_multiple_log_entries" time="0.007" /><testcase classname="tests.scaling.test_node_failure_recovery" name="test_state_machine_consistency" time="0.006" /><testcase classname="tests.scaling.test_node_failure_recovery" name="test_commit_index_update" time="0.012" /><testcase classname="tests.scaling.test_node_failure_recovery" name="test_node_role_transitions" time="0.006" /><testcase classname="tests.scaling.test_node_failure_recovery" name="test_log_entry_types" time="0.008" /><testcase classname="tests.scaling.test_redis_cluster_manager.TestClusterNode" name="test_cluster_node_initialization" time="0.001" /><testcase classname="tests.scaling.test_redis_cluster_manager.TestClusterNode" name="test_is_master_true" time="0.001" /><testcase classname="tests.scaling.test_redis_cluster_manager.TestClusterNode" name="test_is_master_false" time="0.001" /><testcase classname="tests.scaling.test_redis_cluster_manager.TestClusterNode" name="test_cluster_node_with_master_id" time="0.001" /><testcase classname="tests.scaling.test_redis_cluster_manager.TestClusterNode" name="test_cluster_node_empty_slots" time="0.001" /><testcase classname="tests.scaling.test_redis_cluster_manager.TestClusterState" name="test_cluster_state_values" time="0.001" /><testcase classname="tests.scaling.test_redis_cluster_manager.TestClusterState" name="test_cluster_state_comparison" time="0.001" /><testcase classname="tests.scaling.test_redis_cluster_manager.TestClusterHealth" name="test_cluster_health_initialization" time="0.001" /><testcase classname="tests.scaling.test_redis_cluster_manager.TestClusterHealth" name="test_is_healthy_true" time="0.001" /><testcase classname="tests.scaling.test_redis_cluster_manager.TestClusterHealth" name="test_is_healthy_wrong_state" time="0.001" /><testcase classname="tests.scaling.test_redis_cluster_manager.TestClusterHealth" name="test_is_healthy_missing_slots" time="0.001" /><testcase classname="tests.scaling.test_redis_cluster_manager.TestClusterHealth" name="test_is_healthy_failed_slots" time="0.001" /><testcase classname="tests.scaling.test_redis_cluster_manager.TestRedisClusterManager" name="test_initialization_success" time="0.001" /><testcase classname="tests.scaling.test_redis_cluster_manager.TestRedisClusterManager" name="test_initialization_with_mock" time="0.003" /><testcase classname="tests.scaling.test_redis_cluster_manager.TestRedisClusterManager" name="test_get_nonexistent_key" time="0.003" /><testcase classname="tests.scaling.test_redis_cluster_manager.TestRedisClusterManager" name="test_set_and_get" time="0.004" /><testcase classname="tests.scaling.test_redis_cluster_manager.TestRedisClusterManager" name="test_set_with_ttl" time="0.003" /><testcase classname="tests.scaling.test_redis_cluster_manager.TestRedisClusterManager" name="test_delete_key" time="0.003" /><testcase classname="tests.scaling.test_redis_cluster_manager.TestRedisClusterManager" name="test_exists_key" time="0.003" /><testcase classname="tests.scaling.test_redis_cluster_manager.TestRedisClusterManager" name="test_health_check" time="0.004" /><testcase classname="tests.scaling.test_redis_cluster_manager.TestRedisClusterManager" name="test_health_check_failure" time="0.005" /><testcase classname="tests.scaling.test_redis_cluster_manager.TestRedisClusterManager" name="test_multiple_nodes" time="0.003" /><testcase classname="tests.scaling.test_redis_cluster_manager.TestRedisClusterManager" name="test_flush_all" time="0.003" /><testcase classname="tests.scaling.test_redis_cluster_manager.TestRedisClusterManagerWithoutRedis" name="test_initialization_without_redis" time="0.001"><skipped type="pytest.skip" message="Redis is available">/home/fahbrain/projects/omnimind/tests/scaling/test_redis_cluster_manager.py:340: Redis is available</skipped></testcase><testcase classname="tests.scaling.test_redis_cluster_manager.TestRedisClusterManagerWithoutRedis" name="test_operations_without_redis" time="0.000"><skipped type="pytest.skip" message="Redis is available">/home/fahbrain/projects/omnimind/tests/scaling/test_redis_cluster_manager.py:348: Redis is available</skipped></testcase><testcase classname="tests.scaling.test_redis_cluster_manager.TestRedisClusterManagerWithoutRedis" name="test_connection_error_handling" time="0.002" /><testcase classname="tests.scaling.test_redis_cluster_manager.TestRedisClusterManagerWithoutRedis" name="test_timeout_error_handling" time="0.004" /><testcase classname="tests.scaling.test_redis_cluster_manager.TestRedisClusterManagerAdvanced" name="test_max_connections_parameter" time="0.002" /><testcase classname="tests.scaling.test_redis_cluster_manager.TestRedisClusterManagerAdvanced" name="test_sentinel_configuration" time="0.002" /><testcase classname="tests.scaling.test_redis_cluster_manager.TestRedisClusterManagerAdvanced" name="test_statistics_tracking" time="0.004" /><testcase classname="tests.security.test_dlp.TestDLPPolicy" name="test_dlp_policy_initialization" time="0.002" /><testcase classname="tests.security.test_dlp.TestDLPPolicy" name="test_dlp_policy_pattern_compilation" time="0.004" /><testcase classname="tests.security.test_dlp.TestDLPPolicy" name="test_dlp_policy_case_insensitive" time="0.001" /><testcase classname="tests.security.test_dlp.TestDLPViolation" name="test_dlp_violation_initialization" time="0.001" /><testcase classname="tests.security.test_dlp.TestDLPViolation" name="test_dlp_violation_with_details" time="0.002" /><testcase classname="tests.security.test_dlp.TestDLPViolationError" name="test_dlp_violation_error" time="0.002" /><testcase classname="tests.security.test_dlp.TestDLPValidator" name="test_initialization_with_defaults" time="0.013" /><testcase classname="tests.security.test_dlp.TestDLPValidator" name="test_initialization_with_custom_policy_file" time="0.013" /><testcase classname="tests.security.test_dlp.TestDLPValidator" name="test_initialization_missing_policy_file" time="0.003" /><testcase classname="tests.security.test_dlp.TestDLPValidator" name="test_validate_no_violation" time="0.010" /><testcase classname="tests.security.test_dlp.TestDLPValidator" name="test_validate_empty_payload" time="0.008" /><testcase classname="tests.security.test_dlp.TestDLPValidator" name="test_validate_credentials_violation" time="0.011" /><testcase classname="tests.security.test_dlp.TestDLPValidator" name="test_validate_password_violation" time="0.010" /><testcase classname="tests.security.test_dlp.TestDLPValidator" name="test_validate_token_violation" time="0.010" /><testcase classname="tests.security.test_dlp.TestDLPValidator" name="test_validate_internal_ip_violation" time="0.009" /><testcase classname="tests.security.test_dlp.TestDLPValidator" name="test_validate_10_network_ip" time="0.010" /><testcase classname="tests.security.test_dlp.TestDLPValidator" name="test_validate_172_network_ip" time="0.010" /><testcase classname="tests.security.test_dlp.TestDLPValidator" name="test_validate_logs_violation" time="0.009" /><testcase classname="tests.security.test_dlp.TestDLPValidator" name="test_enforce_no_violation" time="0.010" /><testcase classname="tests.security.test_dlp.TestDLPValidator" name="test_enforce_alert_violation" time="0.011" /><testcase classname="tests.security.test_dlp.TestDLPValidator" name="test_enforce_block_violation_raises" time="0.010" /><testcase classname="tests.security.test_dlp.TestDLPValidator" name="test_validate_multiple_violations_first_match" time="0.013" /><testcase classname="tests.security.test_dlp.TestDLPValidator" name="test_validate_case_insensitive" time="0.010" /><testcase classname="tests.security.test_dlp.TestDLPValidator" name="test_validate_with_details" time="0.010" /><testcase classname="tests.security.test_dlp.TestDLPValidator" name="test_load_policies_invalid_yaml" time="0.003" /><testcase classname="tests.security.test_dlp.TestDLPValidator" name="test_load_policies_not_list" time="0.003" /><testcase classname="tests.security.test_dlp.TestDLPValidator" name="test_default_policies_coverage" time="0.018" /><testcase classname="tests.security.test_dlp.TestDLPValidator" name="test_default_policies_ip_coverage" time="0.012" /><testcase classname="tests.security.test_dlp.TestDLPValidator" name="test_snippet_extraction" time="0.009" /><testcase classname="tests.security.test_forensics_system.TestEvidenceType" name="test_evidence_type_values" time="0.001" /><testcase classname="tests.security.test_forensics_system.TestIncidentSeverity" name="test_incident_severity_values" time="0.002" /><testcase classname="tests.security.test_forensics_system.TestIncidentStatus" name="test_incident_status_values" time="0.002" /><testcase classname="tests.security.test_forensics_system.TestEvidenceItem" name="test_evidence_item_initialization" time="0.002" /><testcase classname="tests.security.test_forensics_system.TestEvidenceItem" name="test_evidence_item_with_metadata" time="0.002" /><testcase classname="tests.security.test_forensics_system.TestEvidenceItem" name="test_evidence_item_with_integrity_hash" time="0.001" /><testcase classname="tests.security.test_forensics_system.TestIncident" name="test_incident_initialization" time="0.002" /><testcase classname="tests.security.test_forensics_system.TestIncident" name="test_incident_with_evidence" time="0.001" /><testcase classname="tests.security.test_forensics_system.TestIncident" name="test_incident_with_recommendations" time="0.001" /><testcase classname="tests.security.test_forensics_system.TestForensicsReport" name="test_report_initialization" time="0.001" /><testcase classname="tests.security.test_forensics_system.TestForensicsReport" name="test_report_with_execution_time" time="0.001" /><testcase classname="tests.security.test_forensics_system.TestEvidenceCollector" name="test_collector_initialization" time="0.004" /><testcase classname="tests.security.test_forensics_system.TestEvidenceCollector" name="test_collect_log_evidence" time="0.005" /><testcase classname="tests.security.test_forensics_system.TestEvidenceCollector" name="test_collect_from_nonexistent_log" time="0.005" /><testcase classname="tests.security.test_forensics_system.TestEvidenceCollector" name="test_collect_process_evidence" time="0.040" /><testcase classname="tests.security.test_forensics_system.TestEvidenceCollector" name="test_collect_file_system_evidence" time="0.004" /><testcase classname="tests.security.test_forensics_system.TestIncidentAnalyzer" name="test_analyzer_initialization" time="0.001" /><testcase classname="tests.security.test_forensics_system.TestIncidentAnalyzer" name="test_analyze_incident" time="0.001" /><testcase classname="tests.security.test_forensics_system.TestIncidentAnalyzer" name="test_generate_timeline" time="0.001" /><testcase classname="tests.security.test_forensics_system.TestIncidentAnalyzer" name="test_assess_risk" time="0.001" /><testcase classname="tests.security.test_forensics_system.TestForensicsSystem" name="test_system_initialization" time="0.023" /><testcase classname="tests.security.test_forensics_system.TestForensicsSystem" name="test_create_incident" time="0.005" /><testcase classname="tests.security.test_forensics_system.TestForensicsSystem" name="test_generate_report" time="0.007" /><testcase classname="tests.security.test_forensics_system.TestLogAnalyzer" name="test_analyzer_initialization" time="0.002" /><testcase classname="tests.security.test_forensics_system.TestLogAnalyzer" name="test_analyze_logs_with_security_events" time="0.016" /><testcase classname="tests.security.test_forensics_system.TestLogAnalyzer" name="test_analyze_logs_empty" time="0.002" /><testcase classname="tests.security.test_forensics_system.TestLogAnalyzer" name="test_analyze_logs_with_threat_indicators" time="0.002" /><testcase classname="tests.security.test_forensics_system.TestLogAnalyzer" name="test_correlate_events_empty" time="0.003" /><testcase classname="tests.security.test_forensics_system.TestLogAnalyzer" name="test_correlate_events_single" time="0.002" /><testcase classname="tests.security.test_forensics_system.TestLogAnalyzer" name="test_correlate_events_multiple_same_pattern" time="0.002" /><testcase classname="tests.security.test_forensics_system.TestEvidenceCollectorExtended" name="test_collect_network_evidence" time="0.004" /><testcase classname="tests.security.test_forensics_system.TestEvidenceCollectorExtended" name="test_collect_network_evidence_fallback" time="0.006" /><testcase classname="tests.security.test_forensics_system.TestEvidenceCollectorExtended" name="test_collect_network_evidence_error" time="0.004" /><testcase classname="tests.security.test_forensics_system.TestEvidenceCollectorExtended" name="test_collect_system_metrics" time="0.004" /><testcase classname="tests.security.test_forensics_system.TestEvidenceCollectorExtended" name="test_collect_system_metrics_error" time="0.005" /><testcase classname="tests.security.test_forensics_system.TestEvidenceCollectorExtended" name="test_save_evidence" time="0.004" /><testcase classname="tests.security.test_forensics_system.TestEvidenceCollectorExtended" name="test_save_evidence_error" time="0.006" /><testcase classname="tests.security.test_forensics_system.TestEvidenceCollectorExtended" name="test_collect_log_evidence_with_pattern_match" time="0.007" /><testcase classname="tests.security.test_forensics_system.TestEvidenceCollectorExtended" name="test_collect_log_evidence_error_handling" time="0.008" /><testcase classname="tests.security.test_forensics_system.TestEvidenceCollectorExtended" name="test_collect_file_system_evidence_directory" time="0.006" /><testcase classname="tests.security.test_forensics_system.TestEvidenceCollectorExtended" name="test_collect_file_system_evidence_error" time="0.007" /><testcase classname="tests.security.test_forensics_system.TestForensicsSystemExtended" name="test_collect_evidence_log_type" time="0.012" /><testcase classname="tests.security.test_forensics_system.TestForensicsSystemExtended" name="test_collect_evidence_network_type" time="0.013" /><testcase classname="tests.security.test_forensics_system.TestForensicsSystemExtended" name="test_collect_evidence_process_type" time="0.011" /><testcase classname="tests.security.test_forensics_system.TestForensicsSystemExtended" name="test_collect_evidence_filesystem_type" time="0.012" /><testcase classname="tests.security.test_forensics_system.TestForensicsSystemExtended" name="test_collect_evidence_metrics_type" time="0.013" /><testcase classname="tests.security.test_forensics_system.TestForensicsSystemExtended" name="test_analyze_incident" time="0.015" /><testcase classname="tests.security.test_forensics_system.TestForensicsSystemExtended" name="test_get_incident_status" time="0.011" /><testcase classname="tests.security.test_forensics_system.TestForensicsSystemExtended" name="test_get_incident_status_not_found" time="0.007" /><testcase classname="tests.security.test_forensics_system.TestForensicsSystemExtended" name="test_list_incidents_all" time="0.025" /><testcase classname="tests.security.test_forensics_system.TestForensicsSystemExtended" name="test_list_incidents_by_severity" time="0.019" /><testcase classname="tests.security.test_forensics_system.TestForensicsSystemExtended" name="test_list_incidents_by_status" time="0.014" /><testcase classname="tests.security.test_integrity_validator.TestIntegrityValidatorInit" name="test_init_default" time="0.002" /><testcase classname="tests.security.test_integrity_validator.TestIntegrityValidatorInit" name="test_init_custom_directories" time="0.002" /><testcase classname="tests.security.test_integrity_validator.TestFileHashValidation" name="test_compute_file_hash" time="0.004" /><testcase classname="tests.security.test_integrity_validator.TestFileHashValidation" name="test_validate_file_intact" time="0.004" /><testcase classname="tests.security.test_integrity_validator.TestFileHashValidation" name="test_validate_file_modified" time="0.005" /><testcase classname="tests.security.test_integrity_validator.TestFileHashValidation" name="test_validate_file_missing" time="0.005" /><testcase classname="tests.security.test_integrity_validator.TestDirectoryScan" name="test_scan_directory_basic" time="0.015" /><testcase classname="tests.security.test_integrity_validator.TestBaselineManagement" name="test_generate_baseline" time="0.009" /><testcase classname="tests.security.test_integrity_validator.TestComplianceReporting" name="test_generate_compliance_report" time="0.010" /><testcase classname="tests.security.test_network_sensors.TestThreatSeverity" name="test_threat_severity_values" time="0.002" /><testcase classname="tests.security.test_network_sensors.TestNetworkHost" name="test_network_host_initialization" time="0.002" /><testcase classname="tests.security.test_network_sensors.TestNetworkHost" name="test_network_host_with_full_data" time="0.002" /><testcase classname="tests.security.test_network_sensors.TestNetworkAnomaly" name="test_network_anomaly_initialization" time="0.002" /><testcase classname="tests.security.test_network_sensors.TestNetworkAnomaly" name="test_network_anomaly_with_details" time="0.002" /><testcase classname="tests.security.test_network_sensors.TestNetworkSensorGanglia" name="test_initialization" time="0.011" /><testcase classname="tests.security.test_network_sensors.TestNetworkSensorGanglia" name="test_check_nmap_available_true" time="0.012" /><testcase classname="tests.security.test_network_sensors.TestNetworkSensorGanglia" name="test_check_nmap_available_false" time="0.013" /><testcase classname="tests.security.test_network_sensors.TestNetworkSensorGanglia" name="test_scan_network_nmap_not_available" time="0.011" /><testcase classname="tests.security.test_network_sensors.TestNetworkSensorGanglia" name="test_scan_network_basic" time="0.016" /><testcase classname="tests.security.test_network_sensors.TestNetworkSensorGanglia" name="test_scan_network_timeout" time="0.012" /><testcase classname="tests.security.test_network_sensors.TestNetworkSensorGanglia" name="test_parse_nmap_output_single_host" time="0.015" /><testcase classname="tests.security.test_network_sensors.TestNetworkSensorGanglia" name="test_parse_nmap_output_with_hostname" time="0.013" /><testcase classname="tests.security.test_network_sensors.TestNetworkSensorGanglia" name="test_parse_nmap_output_with_mac" time="0.013" /><testcase classname="tests.security.test_network_sensors.TestNetworkSensorGanglia" name="test_parse_nmap_output_with_os" time="0.012" /><testcase classname="tests.security.test_network_sensors.TestNetworkSensorGanglia" name="test_parse_nmap_output_multiple_hosts" time="0.010" /><testcase classname="tests.security.test_network_sensors.TestNetworkSensorGanglia" name="test_host_to_dict" time="0.012" /><testcase classname="tests.security.test_network_sensors.TestNetworkSensorGanglia" name="test_detect_anomalies_new_host" time="0.015" /><testcase classname="tests.security.test_network_sensors.TestNetworkSensorGanglia" name="test_detect_anomalies_new_ports" time="0.014" /><testcase classname="tests.security.test_network_sensors.TestNetworkSensorGanglia" name="test_detect_anomalies_suspicious_ports" time="0.013" /><testcase classname="tests.security.test_network_sensors.TestNetworkSensorGanglia" name="test_detect_anomalies_suspicious_service" time="0.013" /><testcase classname="tests.security.test_network_sensors.TestNetworkSensorGanglia" name="test_get_network_health_no_hosts" time="0.014" /><testcase classname="tests.security.test_network_sensors.TestNetworkSensorGanglia" name="test_get_network_health_healthy_network" time="0.011" /><testcase classname="tests.security.test_network_sensors.TestNetworkSensorGanglia" name="test_get_network_health_suspicious_ports" time="0.009" /><testcase classname="tests.security.test_network_sensors.TestNetworkSensorGanglia" name="test_get_network_health_too_many_ports" time="0.012" /><testcase classname="tests.security.test_network_sensors.TestNetworkSensorGanglia" name="test_establish_baseline_success" time="0.015" /><testcase classname="tests.security.test_network_sensors.TestNetworkSensorGanglia" name="test_establish_baseline_failure" time="0.011" /><testcase classname="tests.security.test_network_sensors.TestConvenienceFunctions" name="test_scan_local_network" time="0.002" /><testcase classname="tests.security.test_network_sensors.TestConvenienceFunctions" name="test_detect_network_anomalies" time="0.002" /><testcase classname="tests.security.test_security_monitor.TestAnomalyType" name="test_anomaly_type_values" time="0.001" /><testcase classname="tests.security.test_security_monitor.TestThreatLevel" name="test_threat_level_values" time="0.002" /><testcase classname="tests.security.test_security_monitor.TestSecurityEvent" name="test_security_event_initialization" time="0.001" /><testcase classname="tests.security.test_security_monitor.TestSecurityEvent" name="test_security_event_with_process_info" time="0.001" /><testcase classname="tests.security.test_security_monitor.TestSecurityEvent" name="test_security_event_with_evidence" time="0.001" /><testcase classname="tests.security.test_security_monitor.TestProcessSnapshot" name="test_process_snapshot_initialization" time="0.002" /><testcase classname="tests.security.test_security_monitor.TestProcessSnapshot" name="test_process_snapshot_with_connections" time="0.002" /><testcase classname="tests.security.test_security_monitor.TestProcessSnapshot" name="test_process_snapshot_with_open_files" time="0.001" /><testcase classname="tests.security.test_security_monitor.TestSecurityMonitor" name="test_monitor_initialization" time="0.004" /><testcase classname="tests.security.test_security_monitor.TestSecurityMonitor" name="test_monitor_with_custom_interval" time="0.006" /><testcase classname="tests.security.test_security_monitor.TestSecurityMonitor" name="test_get_running_processes" time="0.006" /><testcase classname="tests.security.test_security_monitor.TestSecurityMonitor" name="test_detect_suspicious_process_by_cpu" time="0.006" /><testcase classname="tests.security.test_security_monitor.TestSecurityMonitor" name="test_detect_suspicious_process_by_name" time="0.005" /><testcase classname="tests.security.test_security_monitor.TestSecurityMonitor" name="test_create_security_event" time="0.006" /><testcase classname="tests.security.test_security_monitor.TestSecurityMonitor" name="test_monitor_system_resources" time="0.007" /><testcase classname="tests.security.test_security_monitor.TestSecurityMonitor" name="test_detect_high_cpu_anomaly" time="0.006" /><testcase classname="tests.security.test_security_monitor.TestSecurityMonitor" name="test_detect_high_memory_anomaly" time="0.005" /><testcase classname="tests.security.test_security_monitor.TestSecurityMonitor" name="test_log_security_event" time="0.005" /><testcase classname="tests.security.test_security_monitor.TestSecurityMonitor" name="test_get_baseline_processes" time="0.006" /><testcase classname="tests.security.test_security_monitor.TestSecurityMonitorEdgeCases" name="test_monitor_with_no_processes" time="0.004" /><testcase classname="tests.security.test_security_monitor.TestSecurityMonitorEdgeCases" name="test_handle_process_access_denied" time="0.012" /><testcase classname="tests.security.test_security_monitor.TestSecurityMonitorEdgeCases" name="test_event_history_max_size" time="0.009" /><testcase classname="tests.security.test_security_monitor.TestSecurityMonitorAdvanced" name="test_get_monitoring_status" time="0.004" /><testcase classname="tests.security.test_security_monitor.TestSecurityMonitorAdvanced" name="test_get_recent_events" time="0.008" /><testcase classname="tests.security.test_security_monitor.TestSecurityMonitorAdvanced" name="test_stop_monitoring" time="0.005" /><testcase classname="tests.security.test_security_monitor.TestSecurityMonitorAdvanced" name="test_calculate_file_hash" time="0.006" /><testcase classname="tests.security.test_security_monitor.TestSecurityMonitorAdvanced" name="test_calculate_file_hash_nonexistent" time="0.005" /><testcase classname="tests.security.test_security_monitor.TestSecurityMonitorAdvanced" name="test_calculate_process_threat_level" time="0.004" /><testcase classname="tests.security.test_security_monitor.TestSecurityMonitorAdvanced" name="test_calculate_process_threat_level_high" time="0.005" /><testcase classname="tests.security.test_security_monitor.TestSecurityMonitorAdvanced" name="test_is_suspicious_connection" time="0.003" /><testcase classname="tests.security.test_security_monitor.TestSecurityMonitorAdvanced" name="test_is_suspicious_connection_high_port" time="0.006" /><testcase classname="tests.security.test_security_monitor.TestSecurityMonitorAdvanced" name="test_is_suspicious_connection_no_remote" time="0.005" /><testcase classname="tests.security.test_security_monitor.TestSecurityMonitorAdvanced" name="test_monitor_processes" time="0.013" /><testcase classname="tests.security.test_security_monitor.TestSecurityMonitorAdvanced" name="test_monitor_network" time="0.012" /><testcase classname="tests.security.test_security_monitor.TestSecurityMonitorAdvanced" name="test_monitor_file_system" time="0.011" /><testcase classname="tests.security.test_security_monitor.TestSecurityMonitorAdvanced" name="test_monitor_system_resources" time="0.012" /><testcase classname="tests.security.test_security_monitor.TestSecurityMonitorAdvanced" name="test_handle_security_event" time="0.010" /><testcase classname="tests.security.test_security_monitor.TestSecurityMonitorAdvanced" name="test_get_network_connections" time="0.007" /><testcase classname="tests.security.test_security_monitor.TestSecurityMonitorAdvanced" name="test_snapshot_network" time="0.004" /><testcase classname="tests.security.test_security_monitor.TestSecurityMonitorAdvanced" name="test_establish_file_baseline" time="0.010" /><testcase classname="tests.security.test_security_monitor.TestSecurityMonitorIntegration" name="test_get_process_snapshot" time="0.008" /><testcase classname="tests.security.test_security_monitor.TestSecurityMonitorIntegration" name="test_is_suspicious_process_by_connections" time="0.005" /><testcase classname="tests.security.test_security_monitor.TestSecurityMonitorIntegration" name="test_is_suspicious_process_root_unknown" time="0.003" /><testcase classname="tests.security.test_security_monitor.TestSecurityMonitorIntegration" name="test_is_suspicious_process_recent_high_usage" time="0.003" /><testcase classname="tests.security.test_security_orchestrator.TestSecurityStatus" name="test_security_status_values" time="0.002" /><testcase classname="tests.security.test_security_orchestrator.TestSecurityReport" name="test_security_report_initialization" time="0.001" /><testcase classname="tests.security.test_security_orchestrator.TestSecurityOrchestrator" name="test_initialization" time="0.134" /><testcase classname="tests.security.test_security_orchestrator.TestSecurityOrchestrator" name="test_calculate_risk_score_low_risk" time="0.135" /><testcase classname="tests.security.test_security_orchestrator.TestSecurityOrchestrator" name="test_calculate_risk_score_network_issues" time="0.134" /><testcase classname="tests.security.test_security_orchestrator.TestSecurityOrchestrator" name="test_calculate_risk_score_with_anomalies" time="0.132" /><testcase classname="tests.security.test_security_orchestrator.TestSecurityOrchestrator" name="test_calculate_risk_score_critical_web_vulnerabilities" time="0.133" /><testcase classname="tests.security.test_security_orchestrator.TestSecurityOrchestrator" name="test_calculate_risk_score_with_security_events" time="0.132" /><testcase classname="tests.security.test_security_orchestrator.TestSecurityOrchestrator" name="test_calculate_risk_score_max_capping" time="0.134" /><testcase classname="tests.security.test_security_orchestrator.TestSecurityOrchestrator" name="test_determine_status_secure" time="0.132" /><testcase classname="tests.security.test_security_orchestrator.TestSecurityOrchestrator" name="test_determine_status_warning" time="0.135" /><testcase classname="tests.security.test_security_orchestrator.TestSecurityOrchestrator" name="test_determine_status_compromised" time="0.130" /><testcase classname="tests.security.test_security_orchestrator.TestSecurityOrchestrator" name="test_determine_status_critical" time="0.129" /><testcase classname="tests.security.test_security_orchestrator.TestSecurityOrchestrator" name="test_generate_recommendations_no_issues" time="0.132" /><testcase classname="tests.security.test_security_orchestrator.TestSecurityOrchestrator" name="test_generate_recommendations_with_anomalies" time="0.134" /><testcase classname="tests.security.test_security_orchestrator.TestSecurityOrchestrator" name="test_generate_recommendations_critical_web_vuln" time="0.137" /><testcase classname="tests.security.test_security_orchestrator.TestSecurityOrchestrator" name="test_generate_recommendations_with_security_events" time="0.134" /><testcase classname="tests.security.test_security_orchestrator.TestSecurityOrchestrator" name="test_run_full_security_audit_basic" time="0.144" /><testcase classname="tests.security.test_security_orchestrator.TestSecurityOrchestrator" name="test_run_full_security_audit_with_web_targets" time="0.134" /><testcase classname="tests.security.test_security_orchestrator.TestSecurityOrchestrator" name="test_run_full_security_audit_creates_critical_alert" time="0.134" /><testcase classname="tests.security.test_security_orchestrator.TestSecurityOrchestrator" name="test_start_continuous_monitoring" time="0.345" /><testcase classname="tests.security.test_security_orchestrator.TestSecurityOrchestrator" name="test_stop_continuous_monitoring" time="0.139" /><testcase classname="tests.security.test_security_orchestrator.TestSecurityOrchestrator" name="test_monitor_network" time="0.134" /><testcase classname="tests.security.test_security_orchestrator.TestSecurityOrchestrator" name="test_monitor_web_applications" time="0.138" /><testcase classname="tests.security.test_security_orchestrator.TestSecurityOrchestrator" name="test_monitor_system_security_no_agent" time="0.137" /><testcase classname="tests.security.test_security_orchestrator.TestConvenienceFunctions" name="test_run_security_audit" time="0.002" /><testcase classname="tests.security.test_web_scanner.TestVulnerabilityType" name="test_vulnerability_type_values" time="0.001" /><testcase classname="tests.security.test_web_scanner.TestVulnerabilitySeverity" name="test_severity_levels" time="0.001" /><testcase classname="tests.security.test_web_scanner.TestWebVulnerability" name="test_vulnerability_initialization" time="0.001" /><testcase classname="tests.security.test_web_scanner.TestWebVulnerability" name="test_vulnerability_with_evidence" time="0.001" /><testcase classname="tests.security.test_web_scanner.TestWebVulnerability" name="test_vulnerability_timestamp_auto_generated" time="0.001" /><testcase classname="tests.security.test_web_scanner.TestWebScannerBrain" name="test_scanner_initialization" time="0.129" /><testcase classname="tests.security.test_web_scanner.TestWebScannerBrain" name="test_check_nikto_available" time="0.003" /><testcase classname="tests.security.test_web_scanner.TestWebScannerBrain" name="test_nikto_not_available" time="0.005" /><testcase classname="tests.security.test_web_scanner.TestWebScannerBrain" name="test_scan_url_basic" time="0.128" /><testcase classname="tests.security.test_web_scanner.TestWebScannerBrain" name="test_scan_security_headers" time="0.126" /><testcase classname="tests.security.test_web_scanner.TestWebScannerBrain" name="test_detect_missing_security_headers" time="0.131" /><testcase classname="tests.security.test_web_scanner.TestWebScannerBrain" name="test_detect_xss_vulnerability" time="0.126" /><testcase classname="tests.security.test_web_scanner.TestWebScannerBrain" name="test_scan_with_timeout" time="0.129" /><testcase classname="tests.security.test_web_scanner.TestWebScannerBrain" name="test_scan_with_connection_error" time="0.138" /><testcase classname="tests.security.test_web_scanner.TestWebScannerBrain" name="test_nikto_scan" time="0.004" /><testcase classname="tests.security.test_web_scanner.TestWebScannerBrain" name="test_validate_url" time="0.130" /><testcase classname="tests.security.test_web_scanner.TestWebScannerBrain" name="test_ssl_certificate_check" time="0.128" /><testcase classname="tests.security.test_web_scanner.TestWebScannerBrain" name="test_comprehensive_scan" time="2.363" /><testcase classname="tests.security.test_web_scanner.TestWebScannerBrain" name="test_generate_report" time="0.137" /><testcase classname="tests.security.test_web_scanner.TestWebScannerEdgeCases" name="test_scan_localhost" time="0.127" /><testcase classname="tests.security.test_web_scanner.TestWebScannerEdgeCases" name="test_scan_non_http_url" time="0.132" /><testcase classname="tests.security.test_web_scanner.TestWebScannerEdgeCases" name="test_scan_malformed_response" time="0.130" /><testcase classname="tests.swarm.test_ant_colony.TestACOConfig" name="test_default_config" time="0.002" /><testcase classname="tests.swarm.test_ant_colony.TestACOConfig" name="test_custom_config" time="0.001" /><testcase classname="tests.swarm.test_ant_colony.TestACOConfig" name="test_invalid_num_ants" time="0.004" /><testcase classname="tests.swarm.test_ant_colony.TestACOConfig" name="test_invalid_alpha" time="0.003" /><testcase classname="tests.swarm.test_ant_colony.TestACOConfig" name="test_invalid_evaporation_rate" time="0.004" /><testcase classname="tests.swarm.test_ant_colony.TestAnt" name="test_ant_initialization" time="0.001" /><testcase classname="tests.swarm.test_ant_colony.TestAntColonyOptimizer" name="test_initialization" time="0.002" /><testcase classname="tests.swarm.test_ant_colony.TestAntColonyOptimizer" name="test_pheromone_initialization" time="0.002" /><testcase classname="tests.swarm.test_ant_colony.TestAntColonyOptimizer" name="test_optimize_small_tsp" time="0.019" /><testcase classname="tests.swarm.test_ant_colony.TestAntColonyOptimizer" name="test_symmetric_triangle" time="0.045" /><testcase classname="tests.swarm.test_ant_colony.TestAntColonyOptimizer" name="test_pheromone_evaporation" time="0.003" /><testcase classname="tests.swarm.test_ant_colony.TestAntColonyOptimizer" name="test_improves_over_iterations" time="0.054" /><testcase classname="tests.swarm.test_ant_colony.TestAntColonyOptimizer" name="test_elite_ants_deposit_more" time="0.010" /><testcase classname="tests.swarm.test_ant_colony.TestAntColonyOptimizer" name="test_local_search_disabled" time="0.015" /><testcase classname="tests.swarm.test_ant_colony.TestAntColonyOptimizer" name="test_local_search_enabled" time="0.015" /><testcase classname="tests.swarm.test_ant_colony.TestAntColonyOptimizer" name="test_reset" time="0.005" /><testcase classname="tests.swarm.test_ant_colony.TestACOIntegration" name="test_100_ants_scalability" time="0.188" /><testcase classname="tests.swarm.test_ant_colony.TestACOIntegration" name="test_larger_tsp_instance" time="0.440" /><testcase classname="tests.swarm.test_emergence_detector.TestEmergenceConfig" name="test_default_config" time="0.002" /><testcase classname="tests.swarm.test_emergence_detector.TestEmergenceConfig" name="test_invalid_detection_interval" time="0.006" /><testcase classname="tests.swarm.test_emergence_detector.TestEmergenceConfig" name="test_invalid_min_pattern_size" time="0.006" /><testcase classname="tests.swarm.test_emergence_detector.TestEmergenceDetector" name="test_initialization" time="0.001" /><testcase classname="tests.swarm.test_emergence_detector.TestEmergenceDetector" name="test_detect_no_patterns_insufficient_agents" time="0.001" /><testcase classname="tests.swarm.test_emergence_detector.TestEmergenceDetector" name="test_detect_clustering" time="0.002" /><testcase classname="tests.swarm.test_emergence_detector.TestEmergenceDetector" name="test_detect_synchronization" time="0.002" /><testcase classname="tests.swarm.test_emergence_detector.TestEmergenceDetector" name="test_detect_specialization" time="0.002" /><testcase classname="tests.swarm.test_emergence_detector.TestEmergenceDetector" name="test_pattern_history" time="0.003" /><testcase classname="tests.swarm.test_emergence_detector.TestEmergenceDetector" name="test_get_pattern_summary" time="0.004" /><testcase classname="tests.swarm.test_emergence_detector.TestEmergenceDetector" name="test_clear_history" time="0.003" /><testcase classname="tests.swarm.test_emergence_detector.TestEmergenceDetector" name="test_multiple_pattern_types" time="0.002" /><testcase classname="tests.swarm.test_emergence_detector.TestEmergenceIntegration" name="test_detect_patterns_in_pso_swarm" time="0.020" /><testcase classname="tests.swarm.test_emergence_detector.TestEmergenceIntegration" name="test_detect_patterns_no_emergence" time="0.006" /><testcase classname="tests.swarm.test_particle_swarm.TestPSOConfig" name="test_default_config" time="0.002" /><testcase classname="tests.swarm.test_particle_swarm.TestPSOConfig" name="test_custom_config" time="0.002" /><testcase classname="tests.swarm.test_particle_swarm.TestPSOConfig" name="test_invalid_num_particles" time="0.005" /><testcase classname="tests.swarm.test_particle_swarm.TestPSOConfig" name="test_invalid_inertia" time="0.006" /><testcase classname="tests.swarm.test_particle_swarm.TestPSOConfig" name="test_invalid_max_velocity" time="0.006" /><testcase classname="tests.swarm.test_particle_swarm.TestParticle" name="test_particle_initialization" time="0.003" /><testcase classname="tests.swarm.test_particle_swarm.TestParticle" name="test_particle_update_best" time="0.003" /><testcase classname="tests.swarm.test_particle_swarm.TestParticle" name="test_particle_no_update_when_worse" time="0.001" /><testcase classname="tests.swarm.test_particle_swarm.TestParticleSwarmOptimizer" name="test_initialization" time="0.003" /><testcase classname="tests.swarm.test_particle_swarm.TestParticleSwarmOptimizer" name="test_particles_initialized_correctly" time="0.002" /><testcase classname="tests.swarm.test_particle_swarm.TestParticleSwarmOptimizer" name="test_optimize_simple_quadratic" time="0.014" /><testcase classname="tests.swarm.test_particle_swarm.TestParticleSwarmOptimizer" name="test_optimize_sphere_function" time="0.032" /><testcase classname="tests.swarm.test_particle_swarm.TestParticleSwarmOptimizer" name="test_global_best_updates" time="0.002" /><testcase classname="tests.swarm.test_particle_swarm.TestParticleSwarmOptimizer" name="test_convergence_detection" time="0.002" /><testcase classname="tests.swarm.test_particle_swarm.TestParticleSwarmOptimizer" name="test_get_swarm_state" time="0.001" /><testcase classname="tests.swarm.test_particle_swarm.TestParticleSwarmOptimizer" name="test_reset" time="0.003" /><testcase classname="tests.swarm.test_particle_swarm.TestPSOIntegration" name="test_100_particles_scalability" time="0.093" /><testcase classname="tests.swarm.test_particle_swarm.TestPSOIntegration" name="test_high_dimension_optimization" time="0.152" /><testcase classname="tests.swarm.test_swarm_integration.TestSwarmIntegration" name="test_full_pso_workflow" time="0.058" /><testcase classname="tests.swarm.test_swarm_integration.TestSwarmIntegration" name="test_full_aco_workflow" time="0.148" /><testcase classname="tests.swarm.test_swarm_integration.TestSwarmIntegration" name="test_emergence_detection_workflow" time="0.006" /><testcase classname="tests.swarm.test_swarm_integration.TestSwarmIntegration" name="test_swarm_manager_full_workflow" time="0.102" /><testcase classname="tests.swarm.test_swarm_integration.TestSwarmIntegration" name="test_scalability_100_agents" time="0.143" /><testcase classname="tests.swarm.test_swarm_integration.TestSwarmIntegration" name="test_scalability_500_agents" time="1.399" /><testcase classname="tests.swarm.test_swarm_integration.TestSwarmIntegration" name="test_pso_with_emergence_detection" time="0.024" /><testcase classname="tests.swarm.test_swarm_integration.TestSwarmIntegration" name="test_multi_run_consistency" time="0.046" /><testcase classname="tests.swarm.test_swarm_integration.TestSwarmBenchmarks" name="test_pso_convergence_speed" time="0.135" /><testcase classname="tests.swarm.test_swarm_integration.TestSwarmBenchmarks" name="test_aco_solution_quality" time="0.108" /><testcase classname="tests.swarm.test_swarm_manager.TestSwarmManager" name="test_initialization" time="0.001" /><testcase classname="tests.swarm.test_swarm_manager.TestSwarmManager" name="test_initialization_with_custom_config" time="0.001" /><testcase classname="tests.swarm.test_swarm_manager.TestSwarmManager" name="test_optimize_continuous_simple" time="0.022" /><testcase classname="tests.swarm.test_swarm_manager.TestSwarmManager" name="test_optimize_continuous_high_dimension" time="0.070" /><testcase classname="tests.swarm.test_swarm_manager.TestSwarmManager" name="test_optimize_continuous_validates_max_agents" time="0.003" /><testcase classname="tests.swarm.test_swarm_manager.TestSwarmManager" name="test_optimize_combinatorial_simple" time="0.033" /><testcase classname="tests.swarm.test_swarm_manager.TestSwarmManager" name="test_optimize_combinatorial_validates_max_agents" time="0.001" /><testcase classname="tests.swarm.test_swarm_manager.TestSwarmManager" name="test_get_swarm_state" time="0.005" /><testcase classname="tests.swarm.test_swarm_manager.TestSwarmManager" name="test_get_metrics_summary_empty" time="0.001" /><testcase classname="tests.swarm.test_swarm_manager.TestSwarmManager" name="test_get_metrics_summary_after_runs" time="0.017" /><testcase classname="tests.swarm.test_swarm_manager.TestSwarmManager" name="test_reset" time="0.005" /><testcase classname="tests.swarm.test_swarm_manager.TestSwarmManagerIntegration" name="test_100_particles_pso" time="0.102" /><testcase classname="tests.swarm.test_swarm_manager.TestSwarmManagerIntegration" name="test_100_ants_aco" time="0.226" /><testcase classname="tests.swarm.test_swarm_manager.TestSwarmManagerIntegration" name="test_emergence_detection_in_pso" time="0.032" /><testcase classname="tests.swarm.test_swarm_manager.TestSwarmManagerIntegration" name="test_sequential_optimizations" time="0.026" /><testcase classname="tests.swarm.test_swarm_manager.TestSwarmManagerIntegration" name="test_memory_warning_on_large_swarm" time="0.188" /><testcase classname="tests.test_advanced_workflow" name="test_workflow_elevates_score" time="0.350" /><testcase classname="tests.test_advanced_workflow" name="test_workflow_respects_iteration_limit" time="0.359" /><testcase classname="tests.test_agent_monitor" name="test_agent_registration" time="0.005" /><testcase classname="tests.test_agent_monitor" name="test_agent_status_update" time="0.007" /><testcase classname="tests.test_agent_monitor" name="test_task_completion_tracking" time="0.006" /><testcase classname="tests.test_agent_monitor" name="test_health_score_calculation" time="0.007" /><testcase classname="tests.test_agent_monitor" name="test_throughput_calculation" time="0.005" /><testcase classname="tests.test_agent_monitor" name="test_task_history" time="0.007" /><testcase classname="tests.test_agent_monitor" name="test_get_all_metrics" time="0.005" /><testcase classname="tests.test_agent_monitor" name="test_monitoring_lifecycle" time="0.514" /><testcase classname="tests.test_agent_monitor" name="test_metrics_not_found" time="0.013" /><testcase classname="tests.test_agent_monitor" name="test_error_rate_calculation" time="0.009" /><testcase classname="tests.test_agent_protocol.TestAgentMessage" name="test_message_creation" time="0.001" /><testcase classname="tests.test_agent_protocol.TestAgentMessage" name="test_message_serialization" time="0.002" /><testcase classname="tests.test_agent_protocol.TestAgentMessage" name="test_message_deserialization" time="0.001" /><testcase classname="tests.test_agent_protocol.TestAgentMessageBus" name="test_register_agent" time="0.009" /><testcase classname="tests.test_agent_protocol.TestAgentMessageBus" name="test_unregister_agent" time="0.010" /><testcase classname="tests.test_agent_protocol.TestAgentMessageBus" name="test_subscribe" time="0.009" /><testcase classname="tests.test_agent_protocol.TestAgentMessageBus" name="test_send_and_receive_message" time="0.009" /><testcase classname="tests.test_agent_protocol.TestAgentMessageBus" name="test_send_and_wait" time="0.124" /><testcase classname="tests.test_agent_protocol.TestAgentMessageBus" name="test_broadcast" time="0.123" /><testcase classname="tests.test_agent_protocol.TestAgentMessageBus" name="test_timeout_on_receive" time="0.119" /><testcase classname="tests.test_agent_protocol.TestAgentMessageBus" name="test_conflict_resolution" time="0.017" /><testcase classname="tests.test_agent_protocol.TestAgentMessageBus" name="test_get_queue_size" time="0.008" /><testcase classname="tests.test_agent_protocol.TestAgentMessageBus" name="test_get_stats" time="0.009" /><testcase classname="tests.test_agentic_ide.TestAgenticIDE" name="test_initialization" time="0.003" /><testcase classname="tests.test_agentic_ide.TestAgenticIDE" name="test_mode_switching" time="0.003" /><testcase classname="tests.test_agentic_ide.TestAgenticIDE" name="test_create_task" time="0.003" /><testcase classname="tests.test_agentic_ide.TestAgenticIDE" name="test_execute_task" time="0.003" /><testcase classname="tests.test_agentic_ide.TestAgenticIDE" name="test_verify_artifact" time="0.002" /><testcase classname="tests.test_agentic_ide.TestAgenticIDE" name="test_provide_feedback" time="0.003" /><testcase classname="tests.test_agentic_ide.TestAgenticIDE" name="test_get_insights" time="0.003" /><testcase classname="tests.test_agentic_ide.TestBrowserVerifier" name="test_initialization" time="0.002" /><testcase classname="tests.test_agentic_ide.TestBrowserVerifier" name="test_verify_web_app" time="0.002" /><testcase classname="tests.test_agentic_ide.TestSelfImprovementLoop" name="test_initialization" time="0.001" /><testcase classname="tests.test_agentic_ide.TestSelfImprovementLoop" name="test_process_feedback" time="0.002" /><testcase classname="tests.test_agentic_ide.TestSelfImprovementLoop" name="test_get_insights" time="0.001" /><testcase classname="tests.test_agentic_ide.TestModelSelector" name="test_initialization" time="0.001" /><testcase classname="tests.test_agentic_ide.TestModelSelector" name="test_select_model" time="0.001" /><testcase classname="tests.test_agentic_ide.TestModelSelector" name="test_update_performance" time="0.001" /><testcase classname="tests.test_agentic_ide.TestVerifiableArtifact" name="test_creation" time="0.001" /><testcase classname="tests.test_agentic_ide.TestAgentTask" name="test_creation" time="0.001" /><testcase classname="tests.test_agents_core_integration" name="test_react_agent_performs_file_and_shell_ops" time="0.078" /><testcase classname="tests.test_agents_core_integration" name="test_orchestrator_parses_and_executes_plan" time="0.236" /><testcase classname="tests.test_agents_core_integration" name="test_debug_agent_limits_actions" time="0.084" /><testcase classname="tests.test_agents_phase8" name="test_orchestrator_creates_specialist_agents" time="1.449" /><testcase classname="tests.test_agents_phase8" name="test_code_agent_writes_and_records" time="0.414" /><testcase classname="tests.test_agents_phase8" name="test_architect_restrictions_and_writing" time="0.410" /><testcase classname="tests.test_agents_phase8" name="test_reviewer_scores_code" time="0.391" /><testcase classname="tests.test_agents_phase8_additional" name="test_architect_writes_documentation" time="0.071" /><testcase classname="tests.test_agents_phase8_additional" name="test_code_agent_records_history" time="0.092" /><testcase classname="tests.test_api_documentation" name="test_doc_generator_initialization" time="0.003" /><testcase classname="tests.test_api_documentation" name="test_schemas_initialized" time="0.004" /><testcase classname="tests.test_api_documentation" name="test_endpoints_initialized" time="0.003" /><testcase classname="tests.test_api_documentation" name="test_add_endpoint" time="0.003" /><testcase classname="tests.test_api_documentation" name="test_generate_openapi_spec" time="0.004" /><testcase classname="tests.test_api_documentation" name="test_export_openapi_json" time="0.020" /><testcase classname="tests.test_api_documentation" name="test_generate_markdown_docs" time="0.004" /><testcase classname="tests.test_api_documentation" name="test_generate_python_sdk" time="0.004" /><testcase classname="tests.test_api_documentation" name="test_generate_javascript_sdk" time="0.004" /><testcase classname="tests.test_api_documentation" name="test_generate_postman_collection" time="0.008" /><testcase classname="tests.test_api_documentation" name="test_generate_all_documentation" time="0.025" /><testcase classname="tests.test_api_documentation" name="test_api_endpoint_to_openapi" time="0.001" /><testcase classname="tests.test_api_documentation" name="test_openapi_spec_schemas" time="0.005" /><testcase classname="tests.test_api_documentation" name="test_openapi_spec_security_schemes" time="0.003" /><testcase classname="tests.test_api_documentation" name="test_openapi_spec_servers" time="0.003" /><testcase classname="tests.test_api_documentation" name="test_python_sdk_has_all_methods" time="0.004" /><testcase classname="tests.test_api_documentation" name="test_javascript_sdk_has_all_methods" time="0.004" /><testcase classname="tests.test_api_documentation" name="test_postman_collection_structure" time="0.009" /><testcase classname="tests.test_api_documentation" name="test_unsupported_sdk_language_raises_error" time="0.006" /><testcase classname="tests.test_architecture_bekenstein.TestBekensteinArchitect" name="test_initialization" time="0.001" /><testcase classname="tests.test_architecture_bekenstein.TestBekensteinArchitect" name="test_compute_max_parameters_basic" time="0.001" /><testcase classname="tests.test_architecture_bekenstein.TestBekensteinArchitect" name="test_compute_max_parameters_scaling" time="0.001" /><testcase classname="tests.test_architecture_bekenstein.TestBekensteinArchitect" name="test_compute_max_parameters_spatial_extent" time="0.002" /><testcase classname="tests.test_architecture_bekenstein.TestBekensteinArchitect" name="test_recommend_architecture_basic" time="0.001" /><testcase classname="tests.test_architecture_bekenstein.TestBekensteinArchitect" name="test_recommend_architecture_zero_params" time="0.001" /><testcase classname="tests.test_architecture_bekenstein.TestBekensteinArchitect" name="test_recommend_architecture_large_params" time="0.001" /><testcase classname="tests.test_architecture_bekenstein.TestBekensteinArchitect" name="test_recommend_architecture_scaling" time="0.001" /><testcase classname="tests.test_architecture_bekenstein.TestBekensteinArchitect" name="test_physical_constants_are_realistic" time="0.001" /><testcase classname="tests.test_ast_parser.TestASTParser" name="test_validate_syntax_valid_code" time="0.002" /><testcase classname="tests.test_ast_parser.TestASTParser" name="test_validate_syntax_invalid_code" time="0.001" /><testcase classname="tests.test_ast_parser.TestASTParser" name="test_parse_source_simple" time="0.002" /><testcase classname="tests.test_ast_parser.TestASTParser" name="test_extract_imports" time="0.001" /><testcase classname="tests.test_ast_parser.TestASTParser" name="test_find_function_calls" time="0.001" /><testcase classname="tests.test_ast_parser.TestASTParser" name="test_generate_skeleton" time="0.001" /><testcase classname="tests.test_ast_parser.TestASTParser" name="test_analyze_security_issues_eval" time="0.002" /><testcase classname="tests.test_ast_parser.TestASTParser" name="test_analyze_security_issues_safe" time="0.001" /><testcase classname="tests.test_ast_parser.TestASTParser" name="test_calculate_complexity" time="0.002" /><testcase classname="tests.test_ast_parser.TestASTParser" name="test_parse_file_nonexistent" time="0.001" /><testcase classname="tests.test_ast_parser.TestASTParser" name="test_dependencies_extraction" time="0.001" /><testcase classname="tests.test_ast_parser.TestASTParser" name="test_decorators_extraction" time="0.003" /><testcase classname="tests.test_audit.TestImmutableAuditSystem" name="test_initialization" time="0.002" /><testcase classname="tests.test_audit.TestImmutableAuditSystem" name="test_hash_content" time="0.002" /><testcase classname="tests.test_audit.TestImmutableAuditSystem" name="test_log_action_single" time="0.002" /><testcase classname="tests.test_audit.TestImmutableAuditSystem" name="test_log_action_chain" time="0.004" /><testcase classname="tests.test_audit.TestImmutableAuditSystem" name="test_verify_chain_integrity_valid" time="0.003" /><testcase classname="tests.test_audit.TestImmutableAuditSystem" name="test_verify_chain_integrity_corrupted" time="0.003" /><testcase classname="tests.test_audit.TestImmutableAuditSystem" name="test_file_xattr_operations" time="0.007" /><testcase classname="tests.test_audit.TestImmutableAuditSystem" name="test_file_integrity_modified" time="0.006" /><testcase classname="tests.test_audit.TestImmutableAuditSystem" name="test_get_audit_summary" time="0.003" /><testcase classname="tests.test_audit.TestImmutableAuditSystem" name="test_thread_safety" time="0.021" /><testcase classname="tests.test_audit.TestImmutableAuditSystem" name="test_security_log" time="0.002" /><testcase classname="tests.test_audit.TestImmutableAuditSystem" name="test_categories" time="0.004" /><testcase classname="tests.test_audit.TestModuleInterface" name="test_imports" time="0.001" /><testcase classname="tests.test_audit.TestModuleInterface" name="test_singleton_pattern" time="0.001" /><testcase classname="tests.test_audit_enhancements.TestComplianceReporter" name="test_compliance_reporter_initialization" time="0.003" /><testcase classname="tests.test_audit_enhancements.TestComplianceReporter" name="test_generate_lgpd_report" time="0.006" /><testcase classname="tests.test_audit_enhancements.TestComplianceReporter" name="test_generate_gdpr_report" time="0.005" /><testcase classname="tests.test_audit_enhancements.TestComplianceReporter" name="test_export_audit_trail_json" time="0.005" /><testcase classname="tests.test_audit_enhancements.TestComplianceReporter" name="test_export_audit_trail_csv" time="0.005" /><testcase classname="tests.test_audit_enhancements.TestComplianceReporter" name="test_compliance_checks_valid_chain" time="0.005" /><testcase classname="tests.test_audit_enhancements.TestRetentionPolicyManager" name="test_retention_manager_initialization" time="0.002" /><testcase classname="tests.test_audit_enhancements.TestRetentionPolicyManager" name="test_default_retention_policies" time="0.004" /><testcase classname="tests.test_audit_enhancements.TestRetentionPolicyManager" name="test_set_retention_period" time="0.003" /><testcase classname="tests.test_audit_enhancements.TestRetentionPolicyManager" name="test_archive_old_data_dry_run" time="0.008" /><testcase classname="tests.test_audit_enhancements.TestRetentionPolicyManager" name="test_generate_retention_report" time="0.010" /><testcase classname="tests.test_audit_enhancements.TestRetentionPolicyManager" name="test_purge_requires_confirmation" time="0.004" /><testcase classname="tests.test_audit_enhancements.TestAlertingSystem" name="test_alerting_system_initialization" time="0.002" /><testcase classname="tests.test_audit_enhancements.TestAlertingSystem" name="test_create_alert" time="0.003" /><testcase classname="tests.test_audit_enhancements.TestAlertingSystem" name="test_acknowledge_alert" time="0.003" /><testcase classname="tests.test_audit_enhancements.TestAlertingSystem" name="test_resolve_alert" time="0.005" /><testcase classname="tests.test_audit_enhancements.TestAlertingSystem" name="test_get_active_alerts" time="0.004" /><testcase classname="tests.test_audit_enhancements.TestAlertingSystem" name="test_get_statistics" time="0.003" /><testcase classname="tests.test_audit_enhancements.TestAlertingSystem" name="test_alert_subscription" time="0.004" /><testcase classname="tests.test_audit_enhancements.TestAuditLogAnalyzer" name="test_analyzer_initialization" time="0.005" /><testcase classname="tests.test_audit_enhancements.TestAuditLogAnalyzer" name="test_query_all_events" time="0.005" /><testcase classname="tests.test_audit_enhancements.TestAuditLogAnalyzer" name="test_query_with_filter" time="0.005" /><testcase classname="tests.test_audit_enhancements.TestAuditLogAnalyzer" name="test_query_with_date_range" time="0.005" /><testcase classname="tests.test_audit_enhancements.TestAuditLogAnalyzer" name="test_detect_patterns" time="0.006" /><testcase classname="tests.test_audit_enhancements.TestAuditLogAnalyzer" name="test_generate_statistics" time="0.006" /><testcase classname="tests.test_audit_enhancements.TestAuditLogAnalyzer" name="test_forensic_search" time="0.007" /><testcase classname="tests.test_audit_enhancements.TestAuditLogAnalyzer" name="test_get_event_timeline" time="0.004" /><testcase classname="tests.test_audit_enhancements.TestIntegration" name="test_full_compliance_workflow" time="0.007" /><testcase classname="tests.test_audit_enhancements.TestIntegration" name="test_alert_on_compliance_issue" time="0.004" /><testcase classname="tests.test_bekenstein_capacity.TestBekensteinConstants" name="test_physical_constants_defined" time="0.001" /><testcase classname="tests.test_bekenstein_capacity.TestBekensteinConstants" name="test_hbar_value" time="0.001" /><testcase classname="tests.test_bekenstein_capacity.TestBekensteinConstants" name="test_speed_of_light_value" time="0.001" /><testcase classname="tests.test_bekenstein_capacity.TestBekensteinConstants" name="test_ln2_value" time="0.002" /><testcase classname="tests.test_bekenstein_capacity.TestBekensteinArchitect" name="test_initialization" time="0.002" /><testcase classname="tests.test_bekenstein_capacity.TestBekensteinArchitect" name="test_compute_max_parameters_positive_inputs" time="0.002" /><testcase classname="tests.test_bekenstein_capacity.TestBekensteinArchitect" name="test_compute_max_parameters_zero_budget" time="0.002" /><testcase classname="tests.test_bekenstein_capacity.TestBekensteinArchitect" name="test_compute_max_parameters_zero_extent" time="0.001" /><testcase classname="tests.test_bekenstein_capacity.TestBekensteinArchitect" name="test_compute_max_parameters_scaling" time="0.003" /><testcase classname="tests.test_bekenstein_capacity.TestBekensteinArchitect" name="test_compute_max_parameters_large_values" time="0.002" /><testcase classname="tests.test_bekenstein_capacity.TestBekensteinArchitect" name="test_compute_max_parameters_small_values" time="0.002" /><testcase classname="tests.test_bekenstein_capacity.TestBekensteinArchitect" name="test_recommend_architecture_positive_params" time="0.002" /><testcase classname="tests.test_bekenstein_capacity.TestBekensteinArchitect" name="test_recommend_architecture_zero_params" time="0.002" /><testcase classname="tests.test_bekenstein_capacity.TestBekensteinArchitect" name="test_recommend_architecture_small_params" time="0.002" /><testcase classname="tests.test_bekenstein_capacity.TestBekensteinArchitect" name="test_recommend_architecture_large_params" time="0.002" /><testcase classname="tests.test_bekenstein_capacity.TestBekensteinArchitect" name="test_recommend_architecture_consistency" time="0.002" /><testcase classname="tests.test_bekenstein_capacity.TestBekensteinArchitect" name="test_recommend_architecture_num_layers_scaling" time="0.002" /><testcase classname="tests.test_bekenstein_capacity.TestBekensteinArchitect" name="test_recommend_architecture_returns_dict" time="0.002" /><testcase classname="tests.test_bekenstein_capacity.TestBekensteinArchitect" name="test_compute_max_parameters_deterministic" time="0.002" /><testcase classname="tests.test_bekenstein_capacity.TestBekensteinArchitect" name="test_recommend_architecture_deterministic" time="0.002" /><testcase classname="tests.test_bekenstein_capacity.TestBekensteinIntegration" name="test_full_workflow" time="0.001" /><testcase classname="tests.test_bekenstein_capacity.TestBekensteinIntegration" name="test_multiple_recommendations" time="0.002" /><testcase classname="tests.test_bekenstein_capacity.TestBekensteinEdgeCases" name="test_negative_budget" time="0.001" /><testcase classname="tests.test_bekenstein_capacity.TestBekensteinEdgeCases" name="test_negative_extent" time="0.001" /><testcase classname="tests.test_bekenstein_capacity.TestBekensteinEdgeCases" name="test_very_small_target" time="0.001" /><testcase classname="tests.test_bekenstein_capacity.TestBekensteinEdgeCases" name="test_power_of_two_targets" time="0.001" /><testcase classname="tests.test_canonical_logger.TestCanonicalLogger" name="test_initialization" time="0.003" /><testcase classname="tests.test_canonical_logger.TestCanonicalLogger" name="test_initialization_creates_files" time="0.003" /><testcase classname="tests.test_canonical_logger.TestCanonicalLogger" name="test_log_action_single" time="0.004" /><testcase classname="tests.test_canonical_logger.TestCanonicalLogger" name="test_log_action_with_details" time="0.004" /><testcase classname="tests.test_canonical_logger.TestCanonicalLogger" name="test_log_action_chain" time="0.007" /><testcase classname="tests.test_canonical_logger.TestCanonicalLogger" name="test_validate_integrity_valid" time="0.010" /><testcase classname="tests.test_canonical_logger.TestCanonicalLogger" name="test_validate_integrity_corrupted" time="0.008" /><testcase classname="tests.test_canonical_logger.TestCanonicalLogger" name="test_validate_integrity_empty_log" time="0.005" /><testcase classname="tests.test_canonical_logger.TestCanonicalLogger" name="test_get_metrics" time="0.004" /><testcase classname="tests.test_canonical_logger.TestCanonicalLogger" name="test_update_metrics" time="0.005" /><testcase classname="tests.test_canonical_logger.TestCanonicalLogger" name="test_update_md_file" time="0.006" /><testcase classname="tests.test_canonical_logger.TestCanonicalLogger" name="test_hash_chain_consistency" time="0.009" /><testcase classname="tests.test_canonical_logger.TestCanonicalLogger" name="test_timestamp_format" time="0.006" /><testcase classname="tests.test_canonical_logger.TestCanonicalLogger" name="test_system_integrity_updates" time="0.008" /><testcase classname="tests.test_canonical_logger.TestCanonicalLogger" name="test_automatic_actions_empty_list" time="0.005" /><testcase classname="tests.test_canonical_logger.TestCanonicalLogger" name="test_previous_hash_initialization" time="0.007" /><testcase classname="tests.test_canonical_logger.TestCanonicalLoggerGlobalInstance" name="test_global_instance_exists" time="0.001" /><testcase classname="tests.test_canonical_logger.TestCanonicalLoggerGlobalInstance" name="test_global_instance_uses_cwd" time="0.002" /><testcase classname="tests.test_chaos_engineering" name="test_chaos_monkey_initialization" time="0.001" /><testcase classname="tests.test_chaos_engineering" name="test_register_experiment" time="0.003" /><testcase classname="tests.test_chaos_engineering" name="test_start_stop_experiment" time="0.117" /><testcase classname="tests.test_chaos_engineering" name="test_inject_failure_when_disabled" time="0.002" /><testcase classname="tests.test_chaos_engineering" name="test_inject_latency_failure" time="0.105" /><testcase classname="tests.test_chaos_engineering" name="test_inject_exception_failure" time="0.003" /><testcase classname="tests.test_chaos_engineering" name="test_inject_timeout_failure" time="0.005" /><testcase classname="tests.test_chaos_engineering" name="test_failure_logging" time="0.004" /><testcase classname="tests.test_chaos_engineering" name="test_failure_report" time="0.005" /><testcase classname="tests.test_chaos_engineering" name="test_probability_filtering" time="0.002" /><testcase classname="tests.test_chaos_engineering" name="test_component_filtering" time="0.002" /><testcase classname="tests.test_chaos_engineering" name="test_chaos_aware_decorator" time="0.002" /><testcase classname="tests.test_chaos_engineering" name="test_pre_defined_experiments" time="0.001" /><testcase classname="tests.test_collective_intelligence.TestSharedExperience" name="test_initialization_default" time="0.002" /><testcase classname="tests.test_collective_intelligence.TestSharedExperience" name="test_initialization_with_values" time="0.001" /><testcase classname="tests.test_collective_intelligence.TestSharedExperience" name="test_timestamp_is_set" time="0.001" /><testcase classname="tests.test_collective_intelligence.TestKnowledgeBase" name="test_initialization" time="0.001" /><testcase classname="tests.test_collective_intelligence.TestKnowledgeBase" name="test_add_experience" time="0.001" /><testcase classname="tests.test_collective_intelligence.TestKnowledgeBase" name="test_add_fact" time="0.001" /><testcase classname="tests.test_collective_intelligence.TestKnowledgeBase" name="test_get_experiences_all" time="0.001" /><testcase classname="tests.test_collective_intelligence.TestKnowledgeBase" name="test_get_experiences_filtered" time="0.002" /><testcase classname="tests.test_collective_intelligence.TestConsensusLearning" name="test_initialization" time="0.001" /><testcase classname="tests.test_collective_intelligence.TestConsensusLearning" name="test_initialization_different_num_agents" time="0.001" /><testcase classname="tests.test_collective_intelligence.TestDistributedProblem" name="test_initialization" time="0.001" /><testcase classname="tests.test_collective_intelligence.TestDistributedProblem" name="test_initialization_with_data" time="0.001" /><testcase classname="tests.test_collective_intelligence.TestDistributedSolver" name="test_initialization" time="0.001" /><testcase classname="tests.test_collective_intelligence.TestDistributedSolver" name="test_solve_problem" time="0.001" /><testcase classname="tests.test_collective_intelligence.TestEmergentPattern" name="test_initialization" time="0.002" /><testcase classname="tests.test_collective_intelligence.TestEmergentPattern" name="test_initialization_with_participants" time="0.001" /><testcase classname="tests.test_collective_intelligence.TestEmergenceDetector" name="test_initialization" time="0.001" /><testcase classname="tests.test_collective_intelligence.TestEmergenceDetector" name="test_detect" time="0.001" /><testcase classname="tests.test_collective_intelligence.TestSwarmAgent" name="test_initialization" time="0.001" /><testcase classname="tests.test_collective_intelligence.TestSwarmAgent" name="test_initialization_with_position" time="0.001" /><testcase classname="tests.test_collective_intelligence.TestSwarmCoordinator" name="test_initialization" time="0.001" /><testcase classname="tests.test_collective_intelligence.TestParticleSwarmOptimizer" name="test_initialization" time="0.002" /><testcase classname="tests.test_collective_intelligence.TestParticleSwarmOptimizer" name="test_initialization_different_sizes" time="0.004" /><testcase classname="tests.test_collective_intelligence.TestCollectiveIntelligenceIntegration" name="test_knowledge_base_with_multiple_experiences" time="0.001" /><testcase classname="tests.test_collective_intelligence.TestCollectiveIntelligenceIntegration" name="test_distributed_solver_with_problem" time="0.001" /><testcase classname="tests.test_collective_intelligence.TestCollectiveIntelligenceIntegration" name="test_swarm_manager_initialization" time="0.002" /><testcase classname="tests.test_collective_intelligence.TestConsensusLearningAdvanced" name="test_share_experience" time="0.001" /><testcase classname="tests.test_collective_intelligence.TestConsensusLearningAdvanced" name="test_get_consensus_model" time="0.001" /><testcase classname="tests.test_collective_intelligence.TestConsensusLearningAdvanced" name="test_update_agent_model" time="0.001" /><testcase classname="tests.test_collective_intelligence.TestFederatedLearning" name="test_initialize_global_model" time="0.001" /><testcase classname="tests.test_collective_intelligence.TestFederatedLearning" name="test_get_global_model" time="0.001" /><testcase classname="tests.test_collective_intelligence.TestFederatedLearning" name="test_submit_local_update" time="0.001" /><testcase classname="tests.test_collective_intelligence.TestFederatedLearning" name="test_aggregate_updates" time="0.002" /><testcase classname="tests.test_collective_intelligence.TestCollectiveLearner" name="test_learn_from_experience" time="0.001" /><testcase classname="tests.test_collective_intelligence.TestCollectiveLearner" name="test_update_model" time="0.001" /><testcase classname="tests.test_collective_intelligence.TestCollectiveLearner" name="test_get_collective_model" time="0.001" /><testcase classname="tests.test_collective_intelligence.TestCollectiveLearner" name="test_synchronize" time="0.001" /><testcase classname="tests.test_collective_intelligence.TestMultiAgentTrainer" name="test_train_episode" time="0.001" /><testcase classname="tests.test_collective_intelligence.TestMultiAgentTrainer" name="test_get_metrics" time="0.001" /><testcase classname="tests.test_common_types.TestJSONTypes" name="test_json_dict_type_alias" time="0.001" /><testcase classname="tests.test_common_types.TestJSONTypes" name="test_json_list_type_alias" time="0.001" /><testcase classname="tests.test_common_types.TestJSONTypes" name="test_json_value_type_alias" time="0.001" /><testcase classname="tests.test_common_types.TestJSONTypes" name="test_json_dict_empty" time="0.001" /><testcase classname="tests.test_common_types.TestJSONTypes" name="test_json_list_empty" time="0.001" /><testcase classname="tests.test_common_types.TestJSONTypes" name="test_json_dict_nested" time="0.001" /><testcase classname="tests.test_common_types.TestJSONTypes" name="test_json_list_mixed_types" time="0.001" /><testcase classname="tests.test_common_types.TestIDTypes" name="test_id_type_alias" time="0.001" /><testcase classname="tests.test_common_types.TestIDTypes" name="test_node_id_type_alias" time="0.001" /><testcase classname="tests.test_common_types.TestIDTypes" name="test_task_id_type_alias" time="0.001" /><testcase classname="tests.test_common_types.TestIDTypes" name="test_agent_id_type_alias" time="0.001" /><testcase classname="tests.test_common_types.TestIDTypes" name="test_session_id_type_alias" time="0.001" /><testcase classname="tests.test_common_types.TestIDTypes" name="test_id_types_empty_string" time="0.001" /><testcase classname="tests.test_common_types.TestIDTypes" name="test_id_types_special_characters" time="0.001" /><testcase classname="tests.test_common_types.TestIDTypes" name="test_id_types_numeric_strings" time="0.001" /><testcase classname="tests.test_common_types.TestDataStructureTypes" name="test_metadata_type_alias" time="0.001" /><testcase classname="tests.test_common_types.TestDataStructureTypes" name="test_config_type_alias" time="0.001" /><testcase classname="tests.test_common_types.TestDataStructureTypes" name="test_parameters_type_alias" time="0.001" /><testcase classname="tests.test_common_types.TestDataStructureTypes" name="test_headers_type_alias" time="0.001" /><testcase classname="tests.test_common_types.TestDataStructureTypes" name="test_metadata_empty" time="0.001" /><testcase classname="tests.test_common_types.TestDataStructureTypes" name="test_config_nested" time="0.001" /><testcase classname="tests.test_common_types.TestDataStructureTypes" name="test_parameters_various_types" time="0.001" /><testcase classname="tests.test_common_types.TestDataStructureTypes" name="test_headers_standard_http" time="0.001" /><testcase classname="tests.test_common_types.TestTypeEdgeCases" name="test_json_value_complex_nesting" time="0.001" /><testcase classname="tests.test_common_types.TestTypeEdgeCases" name="test_json_dict_with_special_keys" time="0.001" /><testcase classname="tests.test_common_types.TestTypeEdgeCases" name="test_json_list_deeply_nested" time="0.001" /><testcase classname="tests.test_common_types.TestTypeEdgeCases" name="test_all_types_can_be_used_in_function_signatures" time="0.001" /><testcase classname="tests.test_common_types.TestModuleImports" name="test_all_types_importable" time="0.001" /><testcase classname="tests.test_common_types.TestModuleImports" name="test_types_module_attributes" time="0.001" /><testcase classname="tests.test_compliance_gdpr.TestEnums" name="test_data_processing_purpose_values" time="0.001" /><testcase classname="tests.test_compliance_gdpr.TestEnums" name="test_data_category_values" time="0.001" /><testcase classname="tests.test_compliance_gdpr.TestEnums" name="test_consent_status_values" time="0.001" /><testcase classname="tests.test_compliance_gdpr.TestDataSubject" name="test_initialization" time="0.001" /><testcase classname="tests.test_compliance_gdpr.TestDataSubject" name="test_grant_consent" time="0.002" /><testcase classname="tests.test_compliance_gdpr.TestDataSubject" name="test_withdraw_consent" time="0.002" /><testcase classname="tests.test_compliance_gdpr.TestDataSubject" name="test_withdraw_nonexistent_consent" time="0.001" /><testcase classname="tests.test_compliance_gdpr.TestDataSubject" name="test_has_consent_valid" time="0.002" /><testcase classname="tests.test_compliance_gdpr.TestDataSubject" name="test_has_consent_wrong_purpose" time="0.002" /><testcase classname="tests.test_compliance_gdpr.TestDataSubject" name="test_has_consent_wrong_category" time="0.002" /><testcase classname="tests.test_compliance_gdpr.TestDataSubject" name="test_has_consent_withdrawn" time="0.002" /><testcase classname="tests.test_compliance_gdpr.TestDataSubject" name="test_consent_expiration" time="0.002" /><testcase classname="tests.test_compliance_gdpr.TestDataProcessingRecord" name="test_initialization" time="0.001" /><testcase classname="tests.test_compliance_gdpr.TestDataProcessingRecord" name="test_record_processing" time="0.002" /><testcase classname="tests.test_compliance_gdpr.TestDataProcessingRecord" name="test_unique_record_ids" time="0.012" /><testcase classname="tests.test_compliance_gdpr.TestGDPRController" name="test_initialization" time="0.001" /><testcase classname="tests.test_compliance_gdpr.TestGDPRController" name="test_register_data_subject" time="0.001" /><testcase classname="tests.test_compliance_gdpr.TestGDPRController" name="test_register_duplicate_subject" time="0.001" /><testcase classname="tests.test_compliance_gdpr.TestGDPRController" name="test_process_data_with_consent" time="0.002" /><testcase classname="tests.test_compliance_gdpr.TestGDPRController" name="test_retention_schedule" time="0.001" /><testcase classname="tests.test_compliance_gdpr.TestGDPRController" name="test_get_subject_via_dict" time="0.001" /><testcase classname="tests.test_compliance_gdpr.TestGDPRController" name="test_get_nonexistent_subject_via_dict" time="0.001" /><testcase classname="tests.test_compliance_gdpr.TestGDPRController" name="test_compliance_report" time="0.001" /><testcase classname="tests.test_config_validator" name="test_validator_initialization" time="0.004" /><testcase classname="tests.test_config_validator" name="test_validate_config_basic" time="0.005" /><testcase classname="tests.test_config_validator" name="test_validate_port_range" time="0.004" /><testcase classname="tests.test_config_validator" name="test_validate_url_format" time="0.003" /><testcase classname="tests.test_config_validator" name="test_validate_dependencies" time="0.005" /><testcase classname="tests.test_config_validator" name="test_production_environment_validation" time="0.003" /><testcase classname="tests.test_config_validator" name="test_auto_fix_application" time="0.004" /><testcase classname="tests.test_config_validator" name="test_configuration_suggestions" time="0.005" /><testcase classname="tests.test_config_validator" name="test_config_migration" time="0.004" /><testcase classname="tests.test_config_validator" name="test_validation_result_to_dict" time="0.004" /><testcase classname="tests.test_config_validator" name="test_validation_issue_to_dict" time="0.001" /><testcase classname="tests.test_config_validator" name="test_export_validation_report" time="0.005" /><testcase classname="tests.test_config_validator" name="test_conflicting_options" time="0.004" /><testcase classname="tests.test_config_validator" name="test_type_conversion" time="0.003" /><testcase classname="tests.test_config_validator" name="test_development_environment_validation" time="0.004" /><testcase classname="tests.test_config_validator" name="test_schema_loading_nonexistent_dir" time="0.003" /><testcase classname="tests.test_config_validator" name="test_schema_loading_invalid_json" time="0.003" /><testcase classname="tests.test_config_validator" name="test_validate_schema_required_properties" time="0.005" /><testcase classname="tests.test_config_validator" name="test_validate_schema_unknown_properties" time="0.004" /><testcase classname="tests.test_config_validator" name="test_validate_schema_type_mismatch" time="0.003" /><testcase classname="tests.test_config_validator" name="test_check_type_method" time="0.005" /><testcase classname="tests.test_config_validator" name="test_convert_type_method" time="0.004" /><testcase classname="tests.test_config_validator" name="test_get_default_value_method" time="0.003" /><testcase classname="tests.test_config_validator" name="test_health_checks" time="0.102" /><testcase classname="tests.test_config_validator" name="test_check_port_availability" time="0.004" /><testcase classname="tests.test_config_validator" name="test_check_file_paths" time="0.004" /><testcase classname="tests.test_config_validator" name="test_validate_config_no_schema" time="0.004" /><testcase classname="tests.test_config_validator" name="test_validation_result_add_issue" time="0.001" /><testcase classname="tests.test_config_validator" name="test_validation_result_to_dict_full" time="0.001" /><testcase classname="tests.test_config_validator" name="test_staging_environment" time="0.004" /><testcase classname="tests.test_config_validator" name="test_test_environment" time="0.006" /><testcase classname="tests.test_daemon.TestSystemMetrics" name="test_is_idle_when_low_cpu_and_memory" time="0.001" /><testcase classname="tests.test_daemon.TestSystemMetrics" name="test_not_idle_when_high_cpu" time="0.001" /><testcase classname="tests.test_daemon.TestSystemMetrics" name="test_not_idle_when_user_active" time="0.001" /><testcase classname="tests.test_daemon.TestSystemMetrics" name="test_is_sleep_time_during_night" time="0.001" /><testcase classname="tests.test_daemon.TestSystemMetrics" name="test_not_sleep_time_during_day" time="0.002" /><testcase classname="tests.test_daemon.TestDaemonTask" name="test_task_creation" time="0.001" /><testcase classname="tests.test_daemon.TestDaemonTask" name="test_task_with_schedule" time="0.001" /><testcase classname="tests.test_daemon.TestDaemonTask" name="test_task_with_repeat_interval" time="0.001" /><testcase classname="tests.test_daemon.TestOmniMindDaemon" name="test_daemon_initialization" time="0.002" /><testcase classname="tests.test_daemon.TestOmniMindDaemon" name="test_register_task" time="0.002" /><testcase classname="tests.test_daemon.TestOmniMindDaemon" name="test_collect_system_metrics" time="0.005" /><testcase classname="tests.test_daemon.TestOmniMindDaemon" name="test_get_next_task_no_eligible" time="0.001" /><testcase classname="tests.test_daemon.TestOmniMindDaemon" name="test_get_next_task_critical_priority" time="0.002" /><testcase classname="tests.test_daemon.TestOmniMindDaemon" name="test_execute_task_success" time="0.008" /><testcase classname="tests.test_daemon.TestOmniMindDaemon" name="test_execute_task_timeout" time="1.009" /><testcase classname="tests.test_daemon.TestOmniMindDaemon" name="test_get_status" time="0.001" /><testcase classname="tests.test_daemon.TestDefaultTasks" name="test_create_default_tasks" time="0.001" /><testcase classname="tests.test_daemon.TestDefaultTasks" name="test_default_tasks_have_priorities" time="0.001" /><testcase classname="tests.test_daemon.TestDefaultTasks" name="test_default_tasks_have_repeat_intervals" time="0.002" /><testcase classname="tests.test_dashboard_e2e" name="test_dashboard_requires_auth" time="1.628" /><testcase classname="tests.test_dashboard_e2e" name="test_orchestrate_and_metrics" time="2.173" /><testcase classname="tests.test_dashboard_e2e" name="test_observability_endpoint" time="0.721" /><testcase classname="tests.test_dbus.TestLoadPsutil" name="test_load_psutil_success" time="0.002" /><testcase classname="tests.test_dbus.TestLoadPsutil" name="test_load_psutil_import_error" time="0.002" /><testcase classname="tests.test_dbus.TestDBusSessionController" name="test_initialization_default_bus" time="0.003" /><testcase classname="tests.test_dbus.TestDBusSessionController" name="test_initialization_custom_bus" time="0.002" /><testcase classname="tests.test_dbus.TestDBusSessionController" name="test_control_media_player_play" time="0.007" /><testcase classname="tests.test_dbus.TestDBusSessionController" name="test_control_media_player_pause" time="0.006" /><testcase classname="tests.test_dbus.TestDBusSessionController" name="test_control_media_player_next" time="0.006" /><testcase classname="tests.test_dbus.TestDBusSessionController" name="test_control_media_player_previous" time="0.006" /><testcase classname="tests.test_dbus.TestDBusSessionController" name="test_control_media_player_stop" time="0.006" /><testcase classname="tests.test_dbus.TestDBusSessionController" name="test_control_media_player_playpause" time="0.005" /><testcase classname="tests.test_dbus.TestDBusSessionController" name="test_control_media_player_unsupported_action" time="0.002" /><testcase classname="tests.test_dbus.TestDBusSessionController" name="test_control_media_player_dbus_exception" time="0.005" /><testcase classname="tests.test_dbus.TestDBusSessionController" name="test_control_media_player_attribute_error" time="0.001" /><testcase classname="tests.test_dbus.TestDBusSessionController" name="test_list_media_players" time="0.004" /><testcase classname="tests.test_dbus.TestDBusSessionController" name="test_list_media_players_dbus_exception" time="0.004" /><testcase classname="tests.test_dbus.TestDBusSessionController" name="test_action_case_insensitive" time="0.005" /><testcase classname="tests.test_dbus.TestDBusSystemController" name="test_initialization_default_bus" time="0.002" /><testcase classname="tests.test_dbus.TestDBusSystemController" name="test_initialization_custom_bus" time="0.001" /><testcase classname="tests.test_dbus.TestDBusSystemController" name="test_get_network_status_success" time="0.005" /><testcase classname="tests.test_dbus.TestDBusSystemController" name="test_get_network_status_dbus_exception" time="0.004" /><testcase classname="tests.test_dbus.TestDBusSystemController" name="test_get_power_status_success" time="0.003" /><testcase classname="tests.test_dbus.TestDBusSystemController" name="test_get_power_status_dbus_exception" time="0.005" /><testcase classname="tests.test_dbus.TestDBusSystemController" name="test_get_disk_usage_success" time="0.004" /><testcase classname="tests.test_dbus.TestDBusSystemController" name="test_get_disk_usage_psutil_not_available" time="0.002" /><testcase classname="tests.test_dbus.TestDBusSystemController" name="test_get_battery_info_success" time="0.007" /><testcase classname="tests.test_dbus.TestDBusSystemController" name="test_get_battery_info_no_battery" time="0.003" /><testcase classname="tests.test_dbus.TestDBusSystemController" name="test_get_network_interfaces_success" time="0.004" /><testcase classname="tests.test_dbus.TestDBusSystemController" name="test_get_network_interfaces_psutil_not_available" time="0.003" /><testcase classname="tests.test_dbus.TestDBusSystemController" name="test_network_states_mapping" time="0.001" /><testcase classname="tests.test_dbus.TestDBusSystemController" name="test_connectivity_mapping" time="0.001" /><testcase classname="tests.test_dlp_validator" name="test_dlp_blocks_secrets" time="0.009" /><testcase classname="tests.test_dlp_validator" name="test_dlp_alerts_internal_network" time="0.009" /><testcase classname="tests.test_economics_marketplace.TestRevenueDistribution" name="test_initialization_default" time="0.001" /><testcase classname="tests.test_economics_marketplace.TestRevenueDistribution" name="test_initialization_custom" time="0.001" /><testcase classname="tests.test_economics_marketplace.TestRevenueDistribution" name="test_validation_sum_to_one" time="0.002" /><testcase classname="tests.test_economics_marketplace.TestRevenueDistribution" name="test_distribute_revenue" time="0.001" /><testcase classname="tests.test_economics_marketplace.TestRevenueDistribution" name="test_distribute_various_amounts" time="0.001" /><testcase classname="tests.test_economics_marketplace.TestPublicationRequest" name="test_initialization" time="0.002" /><testcase classname="tests.test_economics_marketplace.TestPublicationRequest" name="test_to_dict" time="0.001" /><testcase classname="tests.test_economics_marketplace.TestMarketplaceAgent" name="test_initialization_default" time="0.002" /><testcase classname="tests.test_economics_marketplace.TestMarketplaceAgent" name="test_initialization_custom" time="0.002" /><testcase classname="tests.test_economics_marketplace.TestMarketplaceAgent" name="test_evaluate_tool_quality_high" time="0.002" /><testcase classname="tests.test_economics_marketplace.TestMarketplaceAgent" name="test_evaluate_tool_quality_low" time="0.002" /><testcase classname="tests.test_economics_marketplace.TestMarketplaceAgent" name="test_generate_docs" time="0.003" /><testcase classname="tests.test_economics_marketplace.TestMarketplaceAgent" name="test_suggest_pricing_basic" time="0.002" /><testcase classname="tests.test_economics_marketplace.TestMarketplaceAgent" name="test_suggest_pricing_high_quality" time="0.002" /><testcase classname="tests.test_economics_marketplace.TestMarketplaceAgent" name="test_suggest_pricing_complexity" time="0.002" /><testcase classname="tests.test_economics_marketplace.TestMarketplaceAgent" name="test_request_human_approval_high_quality" time="0.010" /><testcase classname="tests.test_economics_marketplace.TestMarketplaceAgent" name="test_request_human_approval_low_quality" time="0.009" /><testcase classname="tests.test_economics_marketplace.TestMarketplaceAgent" name="test_publish_to_platforms_success" time="0.008" /><testcase classname="tests.test_economics_marketplace.TestMarketplaceAgent" name="test_publish_to_platforms_not_approved" time="0.010" /><testcase classname="tests.test_economics_marketplace.TestMarketplaceAgent" name="test_publish_tool_high_quality" time="0.012" /><testcase classname="tests.test_economics_marketplace.TestMarketplaceAgent" name="test_publish_tool_low_quality_no_improvement" time="0.008" /><testcase classname="tests.test_economics_marketplace.TestMarketplaceAgent" name="test_state_persistence" time="0.004" /><testcase classname="tests.test_embodied_cognition.TestSensoryIntegration" name="test_initialization" time="0.002" /><testcase classname="tests.test_embodied_cognition.TestSensoryIntegration" name="test_visual_processing" time="2.487" /><testcase classname="tests.test_embodied_cognition.TestSensoryIntegration" name="test_audio_processing" time="0.002" /><testcase classname="tests.test_embodied_cognition.TestSensoryIntegration" name="test_proprioception_update" time="0.002" /><testcase classname="tests.test_embodied_cognition.TestSensoryIntegration" name="test_multimodal_integration" time="0.413" /><testcase classname="tests.test_embodied_cognition.TestSensoryIntegration" name="test_sensory_summary" time="0.267" /><testcase classname="tests.test_embodied_cognition.TestSomaticLoop" name="test_initialization" time="0.001" /><testcase classname="tests.test_embodied_cognition.TestSomaticLoop" name="test_decision_with_agreement" time="0.001" /><testcase classname="tests.test_embodied_cognition.TestSomaticLoop" name="test_decision_with_disagreement" time="0.001" /><testcase classname="tests.test_embodied_cognition.TestSomaticLoop" name="test_decision_with_mixed_signals" time="0.002" /><testcase classname="tests.test_embodied_cognition.TestSomaticLoop" name="test_emotional_influence_on_future" time="0.001" /><testcase classname="tests.test_embodied_cognition.TestSomaticLoop" name="test_emotional_consolidation" time="0.001" /><testcase classname="tests.test_embodied_cognition.TestSomaticLoop" name="test_emotional_state_string" time="0.001" /><testcase classname="tests.test_embodied_cognition.TestMotorController" name="test_initialization" time="0.001" /><testcase classname="tests.test_embodied_cognition.TestMotorController" name="test_action_planning" time="0.001" /><testcase classname="tests.test_embodied_cognition.TestMotorController" name="test_single_action_execution" time="0.002" /><testcase classname="tests.test_embodied_cognition.TestMotorController" name="test_full_goal_execution" time="0.001" /><testcase classname="tests.test_embodied_cognition.TestMotorController" name="test_goal_execution_with_context" time="0.001" /><testcase classname="tests.test_embodied_cognition.TestMotorController" name="test_execution_history" time="0.002" /><testcase classname="tests.test_embodied_cognition.TestProprioception" name="test_initialization" time="0.001" /><testcase classname="tests.test_embodied_cognition.TestProprioception" name="test_state_update" time="0.103" /><testcase classname="tests.test_embodied_cognition.TestProprioception" name="test_resource_health_check" time="0.103" /><testcase classname="tests.test_embodied_cognition.TestProprioception" name="test_state_awareness_narration" time="0.102" /><testcase classname="tests.test_embodied_cognition.TestProprioception" name="test_anomaly_detection" time="1.520" /><testcase classname="tests.test_embodied_cognition.TestProprioception" name="test_state_history_summary" time="1.013" /><testcase classname="tests.test_embodied_cognition.TestProprioception" name="test_custom_state_variable" time="0.003" /><testcase classname="tests.test_embodied_cognition.TestEmbodiedIntegration" name="test_sensory_to_somatic_pipeline" time="0.366" /><testcase classname="tests.test_embodied_cognition.TestEmbodiedIntegration" name="test_goal_to_action_with_feedback" time="0.103" /><testcase classname="tests.test_embodied_cognition.TestEmbodiedIntegration" name="test_full_embodied_cycle" time="0.465" /><testcase classname="tests.test_enhanced_agents_integration.TestCodeAgentIntegration" name="test_code_agent_ast_integration" time="0.440" /><testcase classname="tests.test_enhanced_agents_integration.TestCodeAgentIntegration" name="test_code_agent_syntax_validation" time="0.430" /><testcase classname="tests.test_enhanced_agents_integration.TestCodeAgentIntegration" name="test_code_agent_security_analysis" time="0.401" /><testcase classname="tests.test_enhanced_agents_integration.TestCodeAgentIntegration" name="test_code_agent_skeleton_generation" time="0.453" /><testcase classname="tests.test_enhanced_agents_integration.TestArchitectAgentIntegration" name="test_architect_dependency_analysis" time="0.407" /><testcase classname="tests.test_enhanced_agents_integration.TestArchitectAgentIntegration" name="test_architect_diagram_generation" time="0.390" /><testcase classname="tests.test_enhanced_agents_integration.TestArchitectAgentIntegration" name="test_architect_spec_generation" time="0.374" /><testcase classname="tests.test_enhanced_agents_integration.TestAgentCommunicationIntegration" name="test_code_agent_communication" time="0.379" /><testcase classname="tests.test_enhanced_agents_integration.TestAgentCommunicationIntegration" name="test_multi_agent_coordination" time="0.794" /><testcase classname="tests.test_enhanced_integrations.TestCircuitBreaker" name="test_circuit_breaker_initialization" time="0.001" /><testcase classname="tests.test_enhanced_integrations.TestCircuitBreaker" name="test_circuit_opens_on_failures" time="0.001" /><testcase classname="tests.test_enhanced_integrations.TestCircuitBreaker" name="test_circuit_open_rejects_calls" time="0.001" /><testcase classname="tests.test_enhanced_integrations.TestCircuitBreaker" name="test_circuit_half_open_after_timeout" time="0.153" /><testcase classname="tests.test_enhanced_integrations.TestCircuitBreaker" name="test_circuit_reset" time="0.004" /><testcase classname="tests.test_enhanced_integrations.TestEnhancedMCPClient" name="test_client_initialization" time="0.003" /><testcase classname="tests.test_enhanced_integrations.TestEnhancedMCPClient" name="test_successful_request" time="0.006" /><testcase classname="tests.test_enhanced_integrations.TestEnhancedMCPClient" name="test_get_stats" time="0.003" /><testcase classname="tests.test_enhanced_integrations.TestEnhancedMCPClient" name="test_reset_circuit_breaker" time="0.005" /><testcase classname="tests.test_enhanced_integrations.TestOAuth2Client" name="test_config_creation" time="0.002" /><testcase classname="tests.test_enhanced_integrations.TestOAuth2Client" name="test_token_creation" time="0.002" /><testcase classname="tests.test_enhanced_integrations.TestOAuth2Client" name="test_token_expiration" time="0.002" /><testcase classname="tests.test_enhanced_integrations.TestOAuth2Client" name="test_token_serialization" time="0.001" /><testcase classname="tests.test_enhanced_integrations.TestOAuth2Client" name="test_get_authorization_url" time="0.002" /><testcase classname="tests.test_enhanced_integrations.TestOAuth2Client" name="test_get_authorization_url_without_pkce" time="0.001" /><testcase classname="tests.test_enhanced_integrations.TestOAuth2Client" name="test_get_token_info_no_token" time="0.002" /><testcase classname="tests.test_enhanced_integrations.TestWebhookFramework" name="test_webhook_config_creation" time="0.001" /><testcase classname="tests.test_enhanced_integrations.TestWebhookFramework" name="test_webhook_event_creation" time="0.001" /><testcase classname="tests.test_enhanced_integrations.TestWebhookFramework" name="test_webhook_event_serialization" time="0.001" /><testcase classname="tests.test_enhanced_integrations.TestWebhookFramework" name="test_webhook_receiver_initialization" time="0.001" /><testcase classname="tests.test_enhanced_integrations.TestWebhookFramework" name="test_webhook_receiver_event_handler" time="0.006" /><testcase classname="tests.test_enhanced_integrations.TestWebhookFramework" name="test_webhook_receiver_missing_signature" time="0.003" /><testcase classname="tests.test_enhanced_integrations.TestWebhookFramework" name="test_webhook_sender_initialization" time="0.002" /><testcase classname="tests.test_enhanced_integrations.TestWebhookFramework" name="test_webhook_sender_stats" time="0.001" /><testcase classname="tests.test_enhanced_integrations.TestWebhookFramework" name="test_webhook_event_type_enum" time="0.001" /><testcase classname="tests.test_enhanced_observability.TestOpenTelemetryIntegration" name="test_config_creation" time="0.002" /><testcase classname="tests.test_enhanced_observability.TestOpenTelemetryIntegration" name="test_integration_initialization" time="0.001" /><testcase classname="tests.test_enhanced_observability.TestOpenTelemetryIntegration" name="test_integration_lifecycle" time="0.061" /><testcase classname="tests.test_enhanced_observability.TestOpenTelemetryIntegration" name="test_get_status" time="0.008" /><testcase classname="tests.test_enhanced_observability.TestOpenTelemetryIntegration" name="test_tracer_before_initialization" time="0.002" /><testcase classname="tests.test_enhanced_observability.TestPerformanceAnalyzer" name="test_analyzer_initialization" time="0.002" /><testcase classname="tests.test_enhanced_observability.TestPerformanceAnalyzer" name="test_analyze_empty_samples" time="0.001" /><testcase classname="tests.test_enhanced_observability.TestPerformanceAnalyzer" name="test_analyze_with_samples" time="0.002" /><testcase classname="tests.test_enhanced_observability.TestPerformanceAnalyzer" name="test_categorize_io_bottleneck" time="0.002" /><testcase classname="tests.test_enhanced_observability.TestPerformanceAnalyzer" name="test_categorize_network_bottleneck" time="0.001" /><testcase classname="tests.test_enhanced_observability.TestPerformanceAnalyzer" name="test_determine_severity_critical" time="0.003" /><testcase classname="tests.test_enhanced_observability.TestPerformanceAnalyzer" name="test_determine_severity_low" time="0.002" /><testcase classname="tests.test_enhanced_observability.TestPerformanceAnalyzer" name="test_save_report" time="0.005" /><testcase classname="tests.test_enhanced_observability.TestPerformanceAnalyzer" name="test_report_to_dict" time="0.003" /><testcase classname="tests.test_enhanced_observability.TestPerformanceAnalyzer" name="test_bottleneck_to_dict" time="0.002" /><testcase classname="tests.test_ewc" name="test_fisher_information_computation" time="0.001" /><testcase classname="tests.test_ewc" name="test_penalty_loss" time="0.002" /><testcase classname="tests.test_ewc" name="test_weight_protection" time="0.002" /><testcase classname="tests.test_firecracker_sandbox" name="test_sandbox_disabled_without_artifacts" time="0.005" /><testcase classname="tests.test_firecracker_sandbox" name="test_sandbox_executes_with_dummy_images" time="0.015" /><testcase classname="tests.test_forensics_system_comprehensive.TestEvidenceType" name="test_evidence_types_exist" time="0.001" /><testcase classname="tests.test_forensics_system_comprehensive.TestIncidentSeverity" name="test_incident_severities_exist" time="0.001" /><testcase classname="tests.test_forensics_system_comprehensive.TestIncidentStatus" name="test_incident_statuses_exist" time="0.002" /><testcase classname="tests.test_forensics_system_comprehensive.TestEvidenceItem" name="test_evidence_item_creation" time="0.001" /><testcase classname="tests.test_forensics_system_comprehensive.TestEvidenceItem" name="test_evidence_item_default_values" time="0.001" /><testcase classname="tests.test_forensics_system_comprehensive.TestIncident" name="test_incident_creation" time="0.001" /><testcase classname="tests.test_forensics_system_comprehensive.TestIncident" name="test_incident_with_evidence" time="0.002" /><testcase classname="tests.test_forensics_system_comprehensive.TestForensicsReport" name="test_forensics_report_creation" time="0.002" /><testcase classname="tests.test_forensics_system_comprehensive.TestEvidenceCollector" name="test_initialization" time="0.004" /><testcase classname="tests.test_forensics_system_comprehensive.TestEvidenceCollector" name="test_evidence_directory_creation" time="0.003" /><testcase classname="tests.test_forensics_system_comprehensive.TestEvidenceCollector" name="test_collect_log_evidence_nonexistent_file" time="0.004" /><testcase classname="tests.test_forensics_system_comprehensive.TestEvidenceCollector" name="test_collect_log_evidence_with_pattern" time="0.005" /><testcase classname="tests.test_forensics_system_comprehensive.TestEvidenceCollector" name="test_collect_log_evidence_no_pattern" time="0.003" /><testcase classname="tests.test_forensics_system_comprehensive.TestEvidenceCollector" name="test_collect_file_system_evidence_nonexistent" time="0.004" /><testcase classname="tests.test_forensics_system_comprehensive.TestEvidenceCollector" name="test_collect_file_system_evidence_file" time="0.004" /><testcase classname="tests.test_forensics_system_comprehensive.TestForensicsSystemIntegration" name="test_end_to_end_evidence_collection" time="0.006" /><testcase classname="tests.test_free_energy_lacanian.TestActiveInferenceAgent" name="test_initialization" time="0.007" /><testcase classname="tests.test_free_energy_lacanian.TestActiveInferenceAgent" name="test_encode" time="0.019" /><testcase classname="tests.test_free_energy_lacanian.TestActiveInferenceAgent" name="test_reparameterize" time="0.012" /><testcase classname="tests.test_free_energy_lacanian.TestActiveInferenceAgent" name="test_decode" time="0.013" /><testcase classname="tests.test_free_energy_lacanian.TestActiveInferenceAgent" name="test_forward" time="0.019" /><testcase classname="tests.test_free_energy_lacanian.TestActiveInferenceAgent" name="test_compute_free_energy" time="0.015" /><testcase classname="tests.test_free_energy_lacanian.TestActiveInferenceAgent" name="test_compute_desire" time="0.014" /><testcase classname="tests.test_free_energy_lacanian.TestLacanianFreeEnergySystem" name="test_initialization" time="0.017" /><testcase classname="tests.test_free_energy_lacanian.TestLacanianFreeEnergySystem" name="test_update_big_other" time="0.027" /><testcase classname="tests.test_free_energy_lacanian.TestLacanianFreeEnergySystem" name="test_compute_synchronization" time="0.027" /><testcase classname="tests.test_free_energy_lacanian.TestLacanianFreeEnergySystem" name="test_collective_inference" time="0.047" /><testcase classname="tests.test_free_energy_lacanian.TestInferenceLevel" name="test_enum_values" time="0.001" /><testcase classname="tests.test_free_energy_lacanian.TestFreeEnergyState" name="test_creation" time="0.001" /><testcase classname="tests.test_free_energy_lacanian.TestDesireVector" name="test_creation" time="0.001" /><testcase classname="tests.test_freudian_metapsychology.TestAction" name="test_creation" time="0.001" /><testcase classname="tests.test_freudian_metapsychology.TestIdAgent" name="test_initialization" time="0.511" /><testcase classname="tests.test_freudian_metapsychology.TestIdAgent" name="test_evaluate_action" time="0.431" /><testcase classname="tests.test_freudian_metapsychology.TestIdAgent" name="test_update" time="0.437" /><testcase classname="tests.test_freudian_metapsychology.TestIdAgent" name="test_impulse_strength" time="0.440" /><testcase classname="tests.test_freudian_metapsychology.TestEgoAgent" name="test_initialization" time="0.001" /><testcase classname="tests.test_freudian_metapsychology.TestEgoAgent" name="test_evaluate_action" time="0.001" /><testcase classname="tests.test_freudian_metapsychology.TestEgoAgent" name="test_reality_testing" time="0.001" /><testcase classname="tests.test_freudian_metapsychology.TestEgoAgent" name="test_select_defense_mechanism" time="0.001" /><testcase classname="tests.test_freudian_metapsychology.TestSuperegoAgent" name="test_initialization" time="0.001" /><testcase classname="tests.test_freudian_metapsychology.TestSuperegoAgent" name="test_evaluate_action" time="0.001" /><testcase classname="tests.test_freudian_metapsychology.TestSuperegoAgent" name="test_generate_guilt" time="0.001" /><testcase classname="tests.test_freudian_metapsychology.TestSuperegoAgent" name="test_approve_action" time="0.001" /><testcase classname="tests.test_freudian_metapsychology.TestFreudianMind" name="test_initialization" time="0.432" /><testcase classname="tests.test_freudian_metapsychology.TestFreudianMind" name="test_evaluate_conflict" time="0.441" /><testcase classname="tests.test_freudian_metapsychology.TestFreudianMind" name="test_resolve_conflict" time="3.945" /><testcase classname="tests.test_freudian_metapsychology.TestFreudianMind" name="test_act" time="3.730" /><testcase classname="tests.test_freudian_metapsychology.TestFreudianMind" name="test_psychic_state_update" time="2.575" /><testcase classname="tests.test_freudian_metapsychology.TestDefenseMechanism" name="test_enum_values" time="0.001" /><testcase classname="tests.test_freudian_metapsychology.TestPsychicPrinciple" name="test_enum_values" time="0.001" /><testcase classname="tests.test_gdpr_compliance.TestGDPRCompliance" name="test_register_data_subject" time="0.001" /><testcase classname="tests.test_gdpr_compliance.TestGDPRCompliance" name="test_grant_consent" time="0.001" /><testcase classname="tests.test_gdpr_compliance.TestGDPRCompliance" name="test_has_consent" time="0.001" /><testcase classname="tests.test_gdpr_compliance.TestGDPRCompliance" name="test_withdraw_consent" time="0.002" /><testcase classname="tests.test_gdpr_compliance.TestGDPRCompliance" name="test_data_processing" time="0.002" /><testcase classname="tests.test_gdpr_compliance.TestGDPRCompliance" name="test_data_processing_without_consent" time="0.001" /><testcase classname="tests.test_gdpr_compliance.TestGDPRCompliance" name="test_right_of_access" time="0.002" /><testcase classname="tests.test_gdpr_compliance.TestGDPRCompliance" name="test_right_to_erasure" time="0.001" /><testcase classname="tests.test_gdpr_compliance.TestGDPRCompliance" name="test_data_retention_enforcement" time="0.002" /><testcase classname="tests.test_geo_distributed_backup" name="test_backup_manager_initialization" time="0.004" /><testcase classname="tests.test_geo_distributed_backup" name="test_default_locations_initialized" time="0.005" /><testcase classname="tests.test_geo_distributed_backup" name="test_add_backup_location" time="0.006" /><testcase classname="tests.test_geo_distributed_backup" name="test_create_full_backup" time="0.008" /><testcase classname="tests.test_geo_distributed_backup" name="test_backup_excludes_patterns" time="0.006" /><testcase classname="tests.test_geo_distributed_backup" name="test_calculate_backup_checksum" time="0.005" /><testcase classname="tests.test_geo_distributed_backup" name="test_verify_backup_integrity" time="0.010" /><testcase classname="tests.test_geo_distributed_backup" name="test_verify_cross_region_consistency" time="0.009" /><testcase classname="tests.test_geo_distributed_backup" name="test_create_restore_point" time="0.008" /><testcase classname="tests.test_geo_distributed_backup" name="test_list_restore_points" time="0.009" /><testcase classname="tests.test_geo_distributed_backup" name="test_restore_from_point" time="0.010" /><testcase classname="tests.test_geo_distributed_backup" name="test_cleanup_old_backups" time="0.012" /><testcase classname="tests.test_geo_distributed_backup" name="test_get_backup_status" time="0.010" /><testcase classname="tests.test_geo_distributed_backup" name="test_backup_location_to_dict" time="0.001" /><testcase classname="tests.test_geo_distributed_backup" name="test_backup_manifest_to_dict" time="0.009" /><testcase classname="tests.test_geo_distributed_backup" name="test_restore_point_to_dict" time="0.009" /><testcase classname="tests.test_geo_distributed_backup" name="test_multiple_regions_backup" time="0.062" /><testcase classname="tests.test_geo_distributed_backup" name="test_backup_with_errors" time="0.013" /><testcase classname="tests.test_graphql_supabase" name="test_fetch_page" time="0.006" /><testcase classname="tests.test_graphql_supabase" name="test_empty_collection" time="0.004" /><testcase classname="tests.test_graphql_supabase" name="test_graphql_error" time="0.005" /><testcase classname="tests.test_graphql_supabase" name="test_iterate_collection" time="0.003" /><testcase classname="tests.test_graphql_supabase" name="test_collect_nodes" time="0.003" /><testcase classname="tests.test_hsm_manager.TestHSMManager" name="test_hsm_initialization" time="0.071" /><testcase classname="tests.test_hsm_manager.TestHSMManager" name="test_generate_key_rsa" time="0.068" /><testcase classname="tests.test_hsm_manager.TestHSMManager" name="test_generate_key_aes" time="0.073" /><testcase classname="tests.test_hsm_manager.TestHSMManager" name="test_generate_key_invalid_algorithm" time="0.071" /><testcase classname="tests.test_hsm_manager.TestHSMManager" name="test_sign_and_verify_data" time="0.073" /><testcase classname="tests.test_hsm_manager.TestHSMManager" name="test_sign_usage_limits" time="0.069" /><testcase classname="tests.test_hsm_manager.TestHSMManager" name="test_encrypt_decrypt_data" time="0.066" /><testcase classname="tests.test_hsm_manager.TestHSMManager" name="test_get_key_info" time="0.071" /><testcase classname="tests.test_hsm_manager.TestHSMManager" name="test_list_keys" time="0.070" /><testcase classname="tests.test_hsm_manager.TestHSMManager" name="test_destroy_key" time="0.069" /><testcase classname="tests.test_hsm_manager.TestHSMManager" name="test_hsm_status" time="0.073" /><testcase classname="tests.test_hsm_manager.TestHSMManager" name="test_key_backup_restore" time="0.147" /><testcase classname="tests.test_icac" name="test_icac_initialization" time="0.001" /><testcase classname="tests.test_icac" name="test_detect_dissonance_no_conflict" time="0.001" /><testcase classname="tests.test_icac" name="test_detect_dissonance_with_conflict" time="0.001" /><testcase classname="tests.test_icac" name="test_trigger_correction" time="0.001" /><testcase classname="tests.test_identity_signature.TestWorkSignature" name="test_initialization" time="0.001" /><testcase classname="tests.test_identity_signature.TestWorkSignature" name="test_to_dict" time="0.002" /><testcase classname="tests.test_identity_signature.TestReputationScore" name="test_initialization" time="0.001" /><testcase classname="tests.test_identity_signature.TestReputationScore" name="test_update_from_successful_task" time="0.001" /><testcase classname="tests.test_identity_signature.TestReputationScore" name="test_update_from_failed_task" time="0.001" /><testcase classname="tests.test_identity_signature.TestReputationScore" name="test_update_multiple_tasks" time="0.001" /><testcase classname="tests.test_identity_signature.TestReputationScore" name="test_exponential_moving_average" time="0.001" /><testcase classname="tests.test_identity_signature.TestReputationScore" name="test_overall_score_calculation" time="0.002" /><testcase classname="tests.test_identity_signature.TestReputationScore" name="test_to_dict" time="0.001" /><testcase classname="tests.test_identity_signature.TestAgentIdentity" name="test_initialization_default" time="0.002" /><testcase classname="tests.test_identity_signature.TestAgentIdentity" name="test_initialization_custom" time="0.002" /><testcase classname="tests.test_identity_signature.TestAgentIdentity" name="test_generate_agent_id" time="0.002" /><testcase classname="tests.test_identity_signature.TestAgentIdentity" name="test_sign_work" time="0.004" /><testcase classname="tests.test_identity_signature.TestAgentIdentity" name="test_sign_work_hash_consistency" time="0.003" /><testcase classname="tests.test_identity_signature.TestAgentIdentity" name="test_verify_signature_valid" time="0.003" /><testcase classname="tests.test_identity_signature.TestAgentIdentity" name="test_verify_signature_invalid" time="0.004" /><testcase classname="tests.test_identity_signature.TestAgentIdentity" name="test_update_reputation" time="0.003" /><testcase classname="tests.test_identity_signature.TestAgentIdentity" name="test_get_identity_info" time="0.003" /><testcase classname="tests.test_identity_signature.TestAgentIdentity" name="test_state_persistence" time="0.003" /><testcase classname="tests.test_identity_signature.TestAgentIdentity" name="test_signature_audit_log" time="0.005" /><testcase classname="tests.test_identity_signature.TestAgentIdentity" name="test_multiple_signatures_tracking" time="0.005" /><testcase classname="tests.test_init_modules.TestAutopoieticInit" name="test_module_importable" time="0.001" /><testcase classname="tests.test_init_modules.TestAutopoieticInit" name="test_version_defined" time="0.001" /><testcase classname="tests.test_init_modules.TestAutopoieticInit" name="test_version_format" time="0.001" /><testcase classname="tests.test_init_modules.TestAutopoieticInit" name="test_author_defined" time="0.001" /><testcase classname="tests.test_init_modules.TestAutopoieticInit" name="test_all_defined" time="0.001" /><testcase classname="tests.test_init_modules.TestAutopoieticInit" name="test_all_contains_expected_exports" time="0.001" /><testcase classname="tests.test_init_modules.TestAutopoieticInit" name="test_all_list_not_empty" time="0.002" /><testcase classname="tests.test_init_modules.TestAutopoieticInit" name="test_module_docstring" time="0.002" /><testcase classname="tests.test_init_modules.TestAutopoieticInit" name="test_module_attributes" time="0.001" /><testcase classname="tests.test_init_modules.TestAutopoieticInit" name="test_version_is_string" time="0.001" /><testcase classname="tests.test_init_modules.TestAutopoieticInit" name="test_author_is_string" time="0.001" /><testcase classname="tests.test_init_modules.TestAutopoieticInit" name="test_all_is_list" time="0.001" /><testcase classname="tests.test_init_modules.TestAutopoieticInit" name="test_all_items_are_strings" time="0.002" /><testcase classname="tests.test_init_modules.TestKernelAIInit" name="test_module_importable" time="0.003" /><testcase classname="tests.test_init_modules.TestKernelAIInit" name="test_version_defined" time="0.001" /><testcase classname="tests.test_init_modules.TestKernelAIInit" name="test_version_format" time="0.001" /><testcase classname="tests.test_init_modules.TestKernelAIInit" name="test_author_defined" time="0.001" /><testcase classname="tests.test_init_modules.TestKernelAIInit" name="test_all_defined" time="0.002" /><testcase classname="tests.test_init_modules.TestKernelAIInit" name="test_all_contains_expected_exports" time="0.001" /><testcase classname="tests.test_init_modules.TestKernelAIInit" name="test_all_list_not_empty" time="0.001" /><testcase classname="tests.test_init_modules.TestKernelAIInit" name="test_module_docstring" time="0.001" /><testcase classname="tests.test_init_modules.TestKernelAIInit" name="test_module_docstring_contains_warning" time="0.001" /><testcase classname="tests.test_init_modules.TestKernelAIInit" name="test_module_attributes" time="0.001" /><testcase classname="tests.test_init_modules.TestKernelAIInit" name="test_version_is_string" time="0.002" /><testcase classname="tests.test_init_modules.TestKernelAIInit" name="test_author_is_string" time="0.001" /><testcase classname="tests.test_init_modules.TestKernelAIInit" name="test_all_is_list" time="0.001" /><testcase classname="tests.test_init_modules.TestKernelAIInit" name="test_all_items_are_strings" time="0.001" /><testcase classname="tests.test_init_modules.TestInitModulesComparison" name="test_both_modules_have_same_metadata_structure" time="0.001" /><testcase classname="tests.test_init_modules.TestInitModulesComparison" name="test_version_numbers_are_valid" time="0.001" /><testcase classname="tests.test_init_modules.TestInitModulesComparison" name="test_authors_are_consistent" time="0.002" /><testcase classname="tests.test_init_modules.TestInitModulesComparison" name="test_all_exports_are_unique" time="0.001" /><testcase classname="tests.test_mcp" name="test_mcp_read_write_round_trip" time="0.522" /><testcase classname="tests.test_mcp" name="test_mcp_path_validation" time="0.506" /><testcase classname="tests.test_mcp" name="test_mcp_extension_blacklist" time="0.507" /><testcase classname="tests.test_mcp_agentic_client.TestMCPSecurityLevel" name="test_enum_values" time="0.003" /><testcase classname="tests.test_mcp_agentic_client.TestMCPToolCategory" name="test_enum_values" time="0.002" /><testcase classname="tests.test_mcp_agentic_client.TestMCPTool" name="test_creation" time="0.002" /><testcase classname="tests.test_mcp_agentic_client.TestCodeExecutionContext" name="test_creation" time="0.002" /><testcase classname="tests.test_mcp_agentic_client.TestMCPSecurityFramework" name="test_initialization" time="0.002" /><testcase classname="tests.test_mcp_agentic_client.TestMCPSecurityFramework" name="test_validate_code_safety_safe" time="0.001" /><testcase classname="tests.test_mcp_agentic_client.TestMCPSecurityFramework" name="test_validate_code_safety_dangerous_import" time="0.002" /><testcase classname="tests.test_mcp_agentic_client.TestMCPSecurityFramework" name="test_validate_code_safety_file_access" time="0.001" /><testcase classname="tests.test_mcp_agentic_client.TestMCPSecurityFramework" name="test_sandbox_execute_safe" time="0.003" /><testcase classname="tests.test_mcp_agentic_client.TestMCPSecurityFramework" name="test_sandbox_execute_unsafe" time="0.001" /><testcase classname="tests.test_mcp_agentic_client.TestMCPSecurityFramework" name="test_rate_limit" time="0.001" /><testcase classname="tests.test_mcp_agentic_client.TestMCPSecurityFramework" name="test_audit_log" time="0.002" /><testcase classname="tests.test_mcp_agentic_client.TestMCPAgenticClient" name="test_initialization" time="0.001" /><testcase classname="tests.test_mcp_agentic_client.TestMCPAgenticClient" name="test_register_tool" time="0.001" /><testcase classname="tests.test_mcp_agentic_client.TestMCPAgenticClient" name="test_execute_agentic_code_simple" time="0.002" /><testcase classname="tests.test_mcp_agentic_client.TestMCPAgenticClient" name="test_execute_agentic_code_with_tool" time="0.002" /><testcase classname="tests.test_mcp_agentic_client.TestMCPAgenticClient" name="test_execute_agentic_code_dangerous" time="0.001" /><testcase classname="tests.test_mcp_agentic_client.TestMCPAgenticClient" name="test_get_context_for_ide" time="0.001" /><testcase classname="tests.test_mcp_agentic_client.TestMCPAgenticClient" name="test_get_audit_trail" time="0.002" /><testcase classname="tests.test_mcp_agentic_client.TestAuditLogEntry" name="test_creation" time="0.002" /><testcase classname="tests.test_mcp_data_protection.TestSensitivePattern" name="test_pattern_creation" time="0.003" /><testcase classname="tests.test_mcp_data_protection.TestMCPDataProtection" name="test_initialization" time="0.012" /><testcase classname="tests.test_mcp_data_protection.TestMCPDataProtection" name="test_hash_data" time="0.010" /><testcase classname="tests.test_mcp_data_protection.TestMCPDataProtection" name="test_mask_data" time="0.010" /><testcase classname="tests.test_mcp_data_protection.TestMCPDataProtection" name="test_detect_api_key" time="0.012" /><testcase classname="tests.test_mcp_data_protection.TestMCPDataProtection" name="test_detect_password" time="0.011" /><testcase classname="tests.test_mcp_data_protection.TestMCPDataProtection" name="test_detect_email" time="0.011" /><testcase classname="tests.test_mcp_data_protection.TestMCPDataProtection" name="test_detect_private_ip" time="0.011" /><testcase classname="tests.test_mcp_data_protection.TestMCPDataProtection" name="test_protect_content_with_api_key" time="0.014" /><testcase classname="tests.test_mcp_data_protection.TestMCPDataProtection" name="test_protect_content_with_password" time="0.014" /><testcase classname="tests.test_mcp_data_protection.TestMCPDataProtection" name="test_sanitize_dict_removes_sensitive_fields" time="0.013" /><testcase classname="tests.test_mcp_data_protection.TestMCPDataProtection" name="test_sanitize_dict_nested" time="0.014" /><testcase classname="tests.test_mcp_data_protection.TestMCPDataProtection" name="test_sanitize_path_absolute_to_relative" time="0.014" /><testcase classname="tests.test_mcp_data_protection.TestMCPDataProtection" name="test_sanitize_for_mcp_string" time="0.014" /><testcase classname="tests.test_mcp_data_protection.TestMCPDataProtection" name="test_sanitize_for_mcp_dict" time="0.013" /><testcase classname="tests.test_mcp_data_protection.TestMCPDataProtection" name="test_sanitize_for_mcp_list" time="0.013" /><testcase classname="tests.test_mcp_data_protection.TestMCPDataProtection" name="test_cache_enabled" time="0.011" /><testcase classname="tests.test_mcp_data_protection.TestMCPDataProtection" name="test_cache_disabled" time="0.011" /><testcase classname="tests.test_mcp_data_protection.TestMCPDataProtection" name="test_statistics" time="0.013" /><testcase classname="tests.test_mcp_data_protection.TestMCPDataProtection" name="test_clear_cache" time="0.012" /><testcase classname="tests.test_mcp_data_protection.TestMCPDataProtection" name="test_add_custom_pattern" time="0.015" /><testcase classname="tests.test_mcp_data_protection.TestGlobalProtection" name="test_get_data_protection" time="0.014" /><testcase classname="tests.test_mcp_data_protection.TestGlobalProtection" name="test_protect_for_mcp" time="0.002" /><testcase classname="tests.test_mcp_orchestrator.TestMCPServerConfig" name="test_server_config_creation" time="0.001" /><testcase classname="tests.test_mcp_orchestrator.TestMCPServerStatus" name="test_server_status_creation" time="0.001" /><testcase classname="tests.test_mcp_orchestrator.TestMCPOrchestrator" name="test_orchestrator_initialization" time="0.003" /><testcase classname="tests.test_mcp_orchestrator.TestMCPOrchestrator" name="test_orchestrator_missing_config" time="0.002" /><testcase classname="tests.test_mcp_orchestrator.TestMCPOrchestrator" name="test_load_server_configs" time="0.004" /><testcase classname="tests.test_mcp_orchestrator.TestMCPOrchestrator" name="test_get_server_status" time="0.003" /><testcase classname="tests.test_mcp_orchestrator.TestMCPOrchestrator" name="test_get_server_status_not_found" time="0.004" /><testcase classname="tests.test_mcp_orchestrator.TestMCPOrchestrator" name="test_get_all_statuses" time="0.004" /><testcase classname="tests.test_mcp_orchestrator.TestMCPOrchestrator" name="test_start_server" time="0.505" /><testcase classname="tests.test_mcp_orchestrator.TestMCPOrchestrator" name="test_start_disabled_server" time="0.009" /><testcase classname="tests.test_mcp_orchestrator.TestMCPOrchestrator" name="test_start_server_already_running" time="0.512" /><testcase classname="tests.test_mcp_orchestrator.TestMCPOrchestrator" name="test_stop_server" time="0.512" /><testcase classname="tests.test_mcp_orchestrator.TestMCPOrchestrator" name="test_stop_server_not_running" time="0.005" /><testcase classname="tests.test_mcp_orchestrator.TestMCPOrchestrator" name="test_restart_server" time="2.011" /><testcase classname="tests.test_mcp_orchestrator.TestMCPOrchestrator" name="test_check_server_health" time="0.513" /><testcase classname="tests.test_mcp_orchestrator.TestMCPOrchestrator" name="test_check_server_health_not_running" time="0.004" /><testcase classname="tests.test_mcp_orchestrator.TestMCPOrchestrator" name="test_export_metrics" time="0.004" /><testcase classname="tests.test_mcp_orchestrator.TestMCPOrchestrator" name="test_context_manager" time="0.515" /><testcase classname="tests.test_mcp_orchestrator.TestMCPOrchestrator" name="test_start_all_servers" time="0.512" /><testcase classname="tests.test_mcp_orchestrator.TestMCPOrchestrator" name="test_stop_all_servers" time="0.516" /><testcase classname="tests.test_memory_onboarding" name="test_supabase_onboarding_processes_nodes" time="0.005" /><testcase classname="tests.test_memory_onboarding" name="test_supabase_onboarding_handles_error" time="0.003" /><testcase classname="tests.test_memory_phase8" name="test_store_and_retrieve_episode" time="0.007" /><testcase classname="tests.test_memory_phase8" name="test_consolidate_memory_noop" time="0.002" /><testcase classname="tests.test_memory_phase8" name="test_consolidate_memory_deduplicates" time="0.003" /><testcase classname="tests.test_meta_learning_black_hole.TestMetaKnowledge" name="test_initialization" time="0.001" /><testcase classname="tests.test_meta_learning_black_hole.TestBlackHoleMetaLearner" name="test_initialization_default" time="0.001" /><testcase classname="tests.test_meta_learning_black_hole.TestBlackHoleMetaLearner" name="test_initialization_custom_density" time="0.001" /><testcase classname="tests.test_meta_learning_black_hole.TestBlackHoleMetaLearner" name="test_check_collapse_condition_below_threshold" time="0.001" /><testcase classname="tests.test_meta_learning_black_hole.TestBlackHoleMetaLearner" name="test_check_collapse_condition_zero_volume" time="0.001" /><testcase classname="tests.test_meta_learning_black_hole.TestBlackHoleMetaLearner" name="test_check_collapse_condition_near_zero_volume" time="0.001" /><testcase classname="tests.test_meta_learning_black_hole.TestBlackHoleMetaLearner" name="test_collapse_to_meta_level" time="0.001" /><testcase classname="tests.test_meta_learning_black_hole.TestBlackHoleMetaLearner" name="test_collapse_to_meta_level_empty_knowledge" time="0.001" /><testcase classname="tests.test_meta_learning_black_hole.TestBlackHoleMetaLearner" name="test_extract_axioms_internal" time="0.001" /><testcase classname="tests.test_meta_learning_black_hole.TestBlackHoleMetaLearner" name="test_generate_theorems_internal" time="0.002" /><testcase classname="tests.test_meta_learning_black_hole.TestBlackHoleMetaLearner" name="test_define_boundary_internal" time="0.001" /><testcase classname="tests.test_meta_learning_black_hole.TestBlackHoleMetaLearner" name="test_define_boundary_scaling" time="0.001" /><testcase classname="tests.test_meta_learning_black_hole.TestBlackHoleMetaLearner" name="test_multiple_collapses" time="0.001" /><testcase classname="tests.test_meta_learning_black_hole.TestBlackHoleMetaLearner" name="test_knowledge_density_calculation" time="0.001" /><testcase classname="tests.test_meta_learning_black_hole.TestBlackHoleMetaLearner" name="test_schwarzschild_radius_calculation" time="0.001" /><testcase classname="tests.test_meta_learning_black_hole.TestBlackHoleMetaLearner" name="test_meta_level_hierarchy" time="0.001" /><testcase classname="tests.test_meta_learning_black_hole.TestBlackHoleMetaLearner" name="test_information_compression" time="0.001" /><testcase classname="tests.test_meta_learning_black_hole.TestBlackHoleMetaLearner" name="test_hawking_radiation_generation" time="0.001" /><testcase classname="tests.test_meta_learning_black_hole.TestBlackHoleMetaLearner" name="test_get_statistics" time="0.001" /><testcase classname="tests.test_metrics_collector" name="test_record_successful_request" time="0.001" /><testcase classname="tests.test_metrics_collector" name="test_record_failed_request" time="0.001" /><testcase classname="tests.test_metrics_collector" name="test_latency_tracking" time="0.001" /><testcase classname="tests.test_metrics_collector" name="test_success_rate_calculation" time="0.002" /><testcase classname="tests.test_metrics_collector" name="test_get_all_metrics" time="0.001" /><testcase classname="tests.test_metrics_collector" name="test_recent_requests" time="0.001" /><testcase classname="tests.test_metrics_collector" name="test_error_summary" time="0.001" /><testcase classname="tests.test_metrics_collector" name="test_request_history_limit" time="0.001" /><testcase classname="tests.test_metrics_collector" name="test_endpoint_not_found" time="0.001" /><testcase classname="tests.test_metrics_collector" name="test_multiple_methods_same_path" time="0.002" /><testcase classname="tests.test_metrics_collector" name="test_metrics_lifecycle" time="0.007" /><testcase classname="tests.test_multi_node_scaling" name="test_node_info_creation" time="0.001" /><testcase classname="tests.test_multi_node_scaling" name="test_node_load_factor" time="0.002" /><testcase classname="tests.test_multi_node_scaling" name="test_node_can_accept_task" time="0.001" /><testcase classname="tests.test_multi_node_scaling" name="test_node_to_dict" time="0.001" /><testcase classname="tests.test_multi_node_scaling" name="test_distributed_task_creation" time="0.001" /><testcase classname="tests.test_multi_node_scaling" name="test_distributed_task_to_dict" time="0.001" /><testcase classname="tests.test_multi_node_scaling" name="test_load_balancer_least_loaded" time="0.001" /><testcase classname="tests.test_multi_node_scaling" name="test_load_balancer_round_robin" time="0.001" /><testcase classname="tests.test_multi_node_scaling" name="test_load_balancer_capability_filtering" time="0.001" /><testcase classname="tests.test_multi_node_scaling" name="test_cluster_coordinator_initialization" time="0.006" /><testcase classname="tests.test_multi_node_scaling" name="test_cluster_coordinator_register_node" time="0.006" /><testcase classname="tests.test_multi_node_scaling" name="test_cluster_coordinator_unregister_node" time="0.005" /><testcase classname="tests.test_multi_node_scaling" name="test_cluster_coordinator_submit_task" time="0.005" /><testcase classname="tests.test_multi_node_scaling" name="test_cluster_coordinator_complete_task" time="0.006" /><testcase classname="tests.test_multi_node_scaling" name="test_cluster_coordinator_complete_task_with_error" time="0.005" /><testcase classname="tests.test_multi_node_scaling" name="test_cluster_coordinator_get_cluster_status" time="0.007" /><testcase classname="tests.test_multi_node_scaling" name="test_cluster_coordinator_heartbeat" time="0.318" /><testcase classname="tests.test_multi_node_scaling" name="test_cluster_coordinator_update_heartbeat" time="0.540" /><testcase classname="tests.test_multi_node_scaling" name="test_submit_task_no_available_nodes" time="0.016" /><testcase classname="tests.test_multi_node_scaling" name="test_load_balancer_no_available_nodes" time="0.007" /><testcase classname="tests.test_multi_tenant_isolation.TestResourceQuota" name="test_quota_initialization" time="0.002" /><testcase classname="tests.test_multi_tenant_isolation.TestResourceQuota" name="test_quota_exceeded" time="0.001" /><testcase classname="tests.test_multi_tenant_isolation.TestResourceQuota" name="test_quota_available" time="0.001" /><testcase classname="tests.test_multi_tenant_isolation.TestResourceQuota" name="test_quota_usage_percentage" time="0.002" /><testcase classname="tests.test_multi_tenant_isolation.TestTenantConfig" name="test_tenant_config_initialization" time="0.001" /><testcase classname="tests.test_multi_tenant_isolation.TestTenantConfig" name="test_tenant_config_to_dict" time="0.002" /><testcase classname="tests.test_multi_tenant_isolation.TestMultiTenantIsolationManager" name="test_manager_initialization" time="0.003" /><testcase classname="tests.test_multi_tenant_isolation.TestMultiTenantIsolationManager" name="test_create_tenant" time="0.005" /><testcase classname="tests.test_multi_tenant_isolation.TestMultiTenantIsolationManager" name="test_create_tenant_with_custom_quotas" time="0.005" /><testcase classname="tests.test_multi_tenant_isolation.TestMultiTenantIsolationManager" name="test_get_tenant" time="0.004" /><testcase classname="tests.test_multi_tenant_isolation.TestMultiTenantIsolationManager" name="test_update_tenant_status" time="0.010" /><testcase classname="tests.test_multi_tenant_isolation.TestMultiTenantIsolationManager" name="test_check_quota" time="0.007" /><testcase classname="tests.test_multi_tenant_isolation.TestMultiTenantIsolationManager" name="test_consume_quota" time="0.011" /><testcase classname="tests.test_multi_tenant_isolation.TestMultiTenantIsolationManager" name="test_release_quota" time="0.012" /><testcase classname="tests.test_multi_tenant_isolation.TestMultiTenantIsolationManager" name="test_get_tenant_encryption_key" time="0.008" /><testcase classname="tests.test_multi_tenant_isolation.TestMultiTenantIsolationManager" name="test_get_tenant_audit_system" time="0.008" /><testcase classname="tests.test_multi_tenant_isolation.TestMultiTenantIsolationManager" name="test_list_tenants" time="0.024" /><testcase classname="tests.test_multi_tenant_isolation.TestMultiTenantIsolationManager" name="test_get_quota_summary" time="0.012" /><testcase classname="tests.test_multi_tenant_isolation.TestMultiTenantIsolationManager" name="test_enforce_tenant_isolation" time="0.009" /><testcase classname="tests.test_multi_tenant_isolation.TestMultiTenantIsolationManager" name="test_persistence" time="0.008" /><testcase classname="tests.test_multi_tenant_isolation.TestIntegration" name="test_multi_tenant_workflow" time="0.021" /><testcase classname="tests.test_multi_tenant_isolation.TestIntegration" name="test_quota_enforcement_across_resources" time="0.014" /><testcase classname="tests.test_observability.TestDistributedTracing" name="test_trace_config_creation" time="0.002" /><testcase classname="tests.test_observability.TestDistributedTracing" name="test_tracer_initialization" time="0.002" /><testcase classname="tests.test_observability.TestDistributedTracing" name="test_create_span_context" time="0.003" /><testcase classname="tests.test_observability.TestDistributedTracing" name="test_start_span" time="0.003" /><testcase classname="tests.test_observability.TestDistributedTracing" name="test_trace_context_manager" time="0.003" /><testcase classname="tests.test_observability.TestDistributedTracing" name="test_trace_error_handling" time="0.003" /><testcase classname="tests.test_observability.TestDistributedTracing" name="test_span_attributes" time="0.002" /><testcase classname="tests.test_observability.TestDistributedTracing" name="test_span_events" time="0.002" /><testcase classname="tests.test_observability.TestDistributedTracing" name="test_export_traces" time="0.020" /><testcase classname="tests.test_observability.TestDistributedTracing" name="test_disabled_tracing" time="0.003" /><testcase classname="tests.test_observability.TestMetricsExporter" name="test_metrics_config_creation" time="0.003" /><testcase classname="tests.test_observability.TestMetricsExporter" name="test_exporter_initialization" time="0.003" /><testcase classname="tests.test_observability.TestMetricsExporter" name="test_register_metric" time="0.002" /><testcase classname="tests.test_observability.TestMetricsExporter" name="test_record_counter" time="0.002" /><testcase classname="tests.test_observability.TestMetricsExporter" name="test_record_gauge" time="0.002" /><testcase classname="tests.test_observability.TestMetricsExporter" name="test_record_histogram" time="0.002" /><testcase classname="tests.test_observability.TestMetricsExporter" name="test_ml_metrics" time="0.003" /><testcase classname="tests.test_observability.TestMetricsExporter" name="test_prometheus_export" time="0.002" /><testcase classname="tests.test_observability.TestMetricsExporter" name="test_json_export" time="0.002" /><testcase classname="tests.test_observability.TestMetricsExporter" name="test_metric_labels" time="0.002" /><testcase classname="tests.test_observability.TestLogAggregator" name="test_log_config_creation" time="0.001" /><testcase classname="tests.test_observability.TestLogAggregator" name="test_aggregator_initialization" time="0.022" /><testcase classname="tests.test_observability.TestLogAggregator" name="test_log_entry" time="0.002" /><testcase classname="tests.test_observability.TestLogAggregator" name="test_log_pattern_detection" time="0.002" /><testcase classname="tests.test_observability.TestLogAggregator" name="test_custom_pattern" time="0.005" /><testcase classname="tests.test_observability.TestLogAggregator" name="test_log_analytics" time="0.002" /><testcase classname="tests.test_observability.TestLogAggregator" name="test_log_export" time="0.003" /><testcase classname="tests.test_observability.TestProfilingTools" name="test_profiling_config_creation" time="0.001" /><testcase classname="tests.test_observability.TestProfilingTools" name="test_profiler_initialization" time="0.002" /><testcase classname="tests.test_observability.TestProfilingTools" name="test_profile_decorator" time="0.013" /><testcase classname="tests.test_observability.TestProfilingTools" name="test_start_stop_profiling" time="0.016" /><testcase classname="tests.test_observability.TestProfilingTools" name="test_top_functions" time="0.023" /><testcase classname="tests.test_observability.TestProfilingTools" name="test_flamegraph_generation" time="0.013" /><testcase classname="tests.test_observability.TestProfilingTools" name="test_flamegraph_json_export" time="0.003" /><testcase classname="tests.test_observability_tracing.TestSpanContext" name="test_initialization" time="0.002" /><testcase classname="tests.test_observability_tracing.TestSpanContext" name="test_to_dict" time="0.001" /><testcase classname="tests.test_observability_tracing.TestSpanContext" name="test_from_dict" time="0.001" /><testcase classname="tests.test_observability_tracing.TestSpanContext" name="test_roundtrip_serialization" time="0.001" /><testcase classname="tests.test_observability_tracing.TestSpan" name="test_initialization" time="0.003" /><testcase classname="tests.test_observability_tracing.TestSpan" name="test_set_attribute" time="0.001" /><testcase classname="tests.test_observability_tracing.TestSpan" name="test_set_multiple_attributes" time="0.001" /><testcase classname="tests.test_observability_tracing.TestSpan" name="test_add_event" time="0.001" /><testcase classname="tests.test_observability_tracing.TestSpan" name="test_set_status" time="0.001" /><testcase classname="tests.test_observability_tracing.TestSpan" name="test_set_error_status" time="0.002" /><testcase classname="tests.test_observability_tracing.TestSpan" name="test_end_span" time="0.012" /><testcase classname="tests.test_observability_tracing.TestSpan" name="test_to_dict" time="0.002" /><testcase classname="tests.test_observability_tracing.TestDistributedTracer" name="test_initialization" time="0.001" /><testcase classname="tests.test_observability_tracing.TestDistributedTracer" name="test_start_span" time="0.002" /><testcase classname="tests.test_observability_tracing.TestDistributedTracer" name="test_start_child_span" time="0.002" /><testcase classname="tests.test_observability_tracing.TestDistributedTracer" name="test_get_trace_by_id" time="0.003" /><testcase classname="tests.test_observability_tracing.TestDistributedTracer" name="test_span_kinds" time="0.003" /><testcase classname="tests.test_observability_tracing.TestDistributedTracer" name="test_span_hierarchy" time="0.003" /><testcase classname="tests.test_observability_tracing.TestDistributedTracer" name="test_create_context" time="0.002" /><testcase classname="tests.test_performance_tracker" name="test_start_task" time="0.002" /><testcase classname="tests.test_performance_tracker" name="test_complete_task" time="0.101" /><testcase classname="tests.test_performance_tracker" name="test_add_checkpoint" time="0.002" /><testcase classname="tests.test_performance_tracker" name="test_record_operations" time="0.001" /><testcase classname="tests.test_performance_tracker" name="test_get_active_tasks" time="0.001" /><testcase classname="tests.test_performance_tracker" name="test_get_completed_tasks" time="0.002" /><testcase classname="tests.test_performance_tracker" name="test_performance_summary" time="0.303" /><testcase classname="tests.test_performance_tracker" name="test_task_not_found" time="0.005" /><testcase classname="tests.test_performance_tracker" name="test_complete_unknown_task" time="0.004" /><testcase classname="tests.test_performance_tracker" name="test_checkpoint_unknown_task" time="0.003" /><testcase classname="tests.test_performance_tracker" name="test_completed_tasks_limit" time="0.003" /><testcase classname="tests.test_performance_tracker" name="test_elapsed_time_calculation" time="0.102" /><testcase classname="tests.test_performance_tracker" name="test_checkpoint_elapsed_time" time="0.104" /><testcase classname="tests.test_performance_tracker" name="test_tracker_lifecycle" time="0.524" /><testcase classname="tests.test_performance_tracker" name="test_mixed_success_failure_summary" time="0.005" /><testcase classname="tests.test_phase16_full_integration.TestPhase16FullIntegration" name="test_initialization" time="0.006" /><testcase classname="tests.test_phase16_full_integration.TestPhase16FullIntegration" name="test_full_cognitive_cycle" time="60.695" /><testcase classname="tests.test_phase16_full_integration.TestPhase16FullIntegration" name="test_creative_goal_execution" time="0.006" /><testcase classname="tests.test_phase16_full_integration.TestPhase16FullIntegration" name="test_existential_processing" time="51.636" /><testcase classname="tests.test_phase16_full_integration.TestPhase16FullIntegration" name="test_narrative_integration" time="0.105" /><testcase classname="tests.test_phase16_integration.TestPhase16Integration" name="test_initialization" time="0.004" /><testcase classname="tests.test_phase16_integration.TestPhase16Integration" name="test_perceive_world" time="0.547" /><testcase classname="tests.test_phase16_integration.TestPhase16Integration" name="test_perceive_with_audio" time="0.488" /><testcase classname="tests.test_phase16_integration.TestPhase16Integration" name="test_reason_about_situation" time="5.514" /><testcase classname="tests.test_phase16_integration.TestPhase16Integration" name="test_emotional_response" time="0.002" /><testcase classname="tests.test_phase16_integration.TestPhase16Integration" name="test_execute_goal" time="0.005" /><testcase classname="tests.test_phase16_integration.TestPhase16Integration" name="test_update_self_awareness" time="0.104" /><testcase classname="tests.test_phase16_integration.TestPhase16Integration" name="test_complete_cognitive_cycle" time="60.614" /><testcase classname="tests.test_phase16_integration.TestPhase16Integration" name="test_cognitive_history" time="144.433" /><testcase classname="tests.test_phase16_integration.TestPhase16Integration" name="test_confidence_levels" time="0.006" /><testcase classname="tests.test_phase16_integration.TestPhase16Integration" name="test_emotional_influence_on_reasoning" time="0.007" /><testcase classname="tests.test_phase16_integration.TestPhase16Integration" name="test_system_summary" time="0.002" /><testcase classname="tests.test_phase16_integration.TestPhase16Integration" name="test_cognitive_state_initialization" time="0.001" /><testcase classname="tests.test_phase16_integration.TestPhase16Integration" name="test_concurrent_goals" time="181.439" /><testcase classname="tests.test_phase16_integration.TestPhase16Integration" name="test_integration_stability" time="386.373" /><testcase classname="tests.test_phase16_neurosymbolic.TestNeuralComponent" name="test_initialization" time="0.003" /><testcase classname="tests.test_phase16_neurosymbolic.TestNeuralComponent" name="test_inference" time="11.329" /><testcase classname="tests.test_phase16_neurosymbolic.TestNeuralComponent" name="test_batch_infer" time="7.443" /><testcase classname="tests.test_phase16_neurosymbolic.TestNeuralComponent" name="test_embed" time="0.271" /><testcase classname="tests.test_phase16_neurosymbolic.TestSymbolicComponent" name="test_initialization" time="0.001" /><testcase classname="tests.test_phase16_neurosymbolic.TestSymbolicComponent" name="test_add_fact" time="0.001" /><testcase classname="tests.test_phase16_neurosymbolic.TestSymbolicComponent" name="test_add_rule" time="0.001" /><testcase classname="tests.test_phase16_neurosymbolic.TestSymbolicComponent" name="test_query" time="0.001" /><testcase classname="tests.test_phase16_neurosymbolic.TestSymbolicComponent" name="test_inference" time="0.001" /><testcase classname="tests.test_phase16_neurosymbolic.TestReconciliation" name="test_agreement_strategy" time="0.001" /><testcase classname="tests.test_phase16_neurosymbolic.TestReconciliation" name="test_neural_dominant_strategy" time="0.001" /><testcase classname="tests.test_phase16_neurosymbolic.TestReconciliation" name="test_symbolic_dominant_strategy" time="0.001" /><testcase classname="tests.test_phase16_neurosymbolic.TestReconciliation" name="test_synthesis_strategy" time="0.001" /><testcase classname="tests.test_phase16_neurosymbolic.TestNeurosymbolicReasoner" name="test_initialization" time="0.001" /><testcase classname="tests.test_phase16_neurosymbolic.TestNeurosymbolicReasoner" name="test_hybrid_inference" time="0.001" /><testcase classname="tests.test_phase16_neurosymbolic.TestNeurosymbolicReasoner" name="test_add_knowledge" time="0.002" /><testcase classname="tests.test_phase16_neurosymbolic.TestNeurosymbolicReasoner" name="test_batch_infer" time="0.011" /><testcase classname="tests.test_phase16_neurosymbolic.TestNeurosymbolicReasoner" name="test_explain" time="0.007" /><testcase classname="tests.test_phase16_neurosymbolic.TestTRAPFramework" name="test_initialization" time="0.001" /><testcase classname="tests.test_phase16_neurosymbolic.TestTRAPFramework" name="test_evaluate" time="0.002" /><testcase classname="tests.test_phase16_neurosymbolic.TestTRAPFramework" name="test_wisdom_score" time="0.001" /><testcase classname="tests.test_phase16_neurosymbolic.TestTRAPFramework" name="test_metacognitive_level_advancement" time="0.001" /><testcase classname="tests.test_phase8_backend_enhancements.TestTasksAPI" name="test_create_task" time="0.009" /><testcase classname="tests.test_phase8_backend_enhancements.TestTasksAPI" name="test_list_tasks" time="0.015" /><testcase classname="tests.test_phase8_backend_enhancements.TestTasksAPI" name="test_get_task" time="0.014" /><testcase classname="tests.test_phase8_backend_enhancements.TestTasksAPI" name="test_update_task_progress" time="0.015" /><testcase classname="tests.test_phase8_backend_enhancements.TestTasksAPI" name="test_cancel_task" time="0.015" /><testcase classname="tests.test_phase8_backend_enhancements.TestAgentsAPI" name="test_list_agents" time="0.008" /><testcase classname="tests.test_phase8_backend_enhancements.TestAgentsAPI" name="test_get_agents_status" time="0.007" /><testcase classname="tests.test_phase8_backend_enhancements.TestAgentsAPI" name="test_get_agent_metrics" time="0.008" /><testcase classname="tests.test_phase8_backend_enhancements.TestSecurityAPI" name="test_list_security_events" time="0.007" /><testcase classname="tests.test_phase8_backend_enhancements.TestSecurityAPI" name="test_get_security_stats" time="0.008" /><testcase classname="tests.test_phase8_backend_enhancements.TestWebSocketManager" name="test_websocket_manager_start_stop" time="0.007" /><testcase classname="tests.test_phase8_backend_enhancements.TestWebSocketManager" name="test_websocket_broadcast" time="0.008" /><testcase classname="tests.test_phase8_backend_enhancements.TestWebSocketManager" name="test_websocket_stats" time="0.001" /><testcase classname="tests.test_phase8_backend_enhancements.TestAsyncMCPClient" name="test_mcp_client_import" time="0.006" /><testcase classname="tests.test_phase8_backend_enhancements.TestMetacognitionModule" name="test_self_analysis_import" time="0.002" /><testcase classname="tests.test_phase8_backend_enhancements.TestMetacognitionModule" name="test_pattern_recognition_import" time="0.001" /><testcase classname="tests.test_phase8_backend_enhancements.TestMetacognitionModule" name="test_optimization_suggestions_import" time="0.001" /><testcase classname="tests.test_phase8_backend_enhancements.TestMetacognitionModule" name="test_metacognition_agent_import" time="0.001" /><testcase classname="tests.test_phase8_backend_enhancements.TestDBusEnhancements" name="test_dbus_controller_import" time="0.001" /><testcase classname="tests.test_phase9_advanced.TestMetacognitionIntegration" name="test_orchestrator_metacognition_init" time="0.001" /><testcase classname="tests.test_phase9_advanced.TestMetacognitionIntegration" name="test_metacognition_routes_import" time="0.001" /><testcase classname="tests.test_phase9_advanced.TestProactiveGoals" name="test_proactive_goal_engine_import" time="0.001" /><testcase classname="tests.test_phase9_advanced.TestProactiveGoals" name="test_goal_categories" time="0.001" /><testcase classname="tests.test_phase9_advanced.TestProactiveGoals" name="test_goal_priority" time="0.001" /><testcase classname="tests.test_phase9_advanced.TestProactiveGoals" name="test_proactive_goal_creation" time="0.001" /><testcase classname="tests.test_phase9_advanced.TestHomeostasis" name="test_homeostatic_controller_import" time="0.002" /><testcase classname="tests.test_phase9_advanced.TestHomeostasis" name="test_resource_states" time="0.001" /><testcase classname="tests.test_phase9_advanced.TestHomeostasis" name="test_task_priority" time="0.001" /><testcase classname="tests.test_phase9_advanced.TestHomeostasis" name="test_resource_metrics" time="0.001" /><testcase classname="tests.test_phase9_advanced.TestHomeostasis" name="test_homeostatic_methods" time="0.001" /><testcase classname="tests.test_phase9_advanced.TestMetacognitionAPI" name="test_metacognition_routes_exist" time="0.001" /><testcase classname="tests.test_phase9_modules.TestIntrinsicMotivationEngine" name="test_initialization" time="0.003" /><testcase classname="tests.test_phase9_modules.TestIntrinsicMotivationEngine" name="test_evaluate_high_quality_task" time="0.003" /><testcase classname="tests.test_phase9_modules.TestIntrinsicMotivationEngine" name="test_evaluate_low_quality_task" time="0.003" /><testcase classname="tests.test_phase9_modules.TestIntrinsicMotivationEngine" name="test_state_persistence" time="0.002" /><testcase classname="tests.test_phase9_modules.TestAchievementEngine" name="test_initialization" time="0.003" /><testcase classname="tests.test_phase9_modules.TestAchievementEngine" name="test_unlock_achievement" time="0.004" /><testcase classname="tests.test_phase9_modules.TestAchievementEngine" name="test_streak_tracking" time="0.004" /><testcase classname="tests.test_phase9_modules.TestAgentIdentity" name="test_initialization" time="0.002" /><testcase classname="tests.test_phase9_modules.TestAgentIdentity" name="test_sign_work" time="0.004" /><testcase classname="tests.test_phase9_modules.TestAgentIdentity" name="test_verify_signature" time="0.003" /><testcase classname="tests.test_phase9_modules.TestAgentIdentity" name="test_reputation_update" time="0.002" /><testcase classname="tests.test_phase9_modules.TestMarketplaceAgent" name="test_initialization" time="0.002" /><testcase classname="tests.test_phase9_modules.TestMarketplaceAgent" name="test_evaluate_tool_quality" time="0.003" /><testcase classname="tests.test_phase9_modules.TestMarketplaceAgent" name="test_pricing_suggestion" time="0.002" /><testcase classname="tests.test_phase9_modules.TestMarketplaceAgent" name="test_revenue_distribution" time="0.003" /><testcase classname="tests.test_phase9_modules.TestEthicsAgent" name="test_initialization" time="0.002" /><testcase classname="tests.test_phase9_modules.TestEthicsAgent" name="test_forbidden_action_vetoed" time="0.050" /><testcase classname="tests.test_phase9_modules.TestEthicsAgent" name="test_low_impact_action_approved" time="0.047" /><testcase classname="tests.test_phase9_modules.TestEthicsAgent" name="test_high_impact_requires_human_approval" time="0.046" /><testcase classname="tests.test_phase9_modules.TestEthicsAgent" name="test_deontological_framework" time="0.046" /><testcase classname="tests.test_phase9_modules.TestEthicsAgent" name="test_alternative_suggestions" time="0.045" /><testcase classname="tests.test_playbook_scenarios_phase8" name="test_utils_command_available" time="0.001" /><testcase classname="tests.test_playbook_scenarios_phase8" name="test_utils_run_command_failure" time="0.001" /><testcase classname="tests.test_playbook_scenarios_phase8" name="test_utils_run_command_success" time="0.003" /><testcase classname="tests.test_playbook_scenarios_phase8" name="test_rootkit_playbook_handles_missing_tools" time="0.005" /><testcase classname="tests.test_playbook_scenarios_phase8" name="test_intrusion_playbook_scans_and_blocks" time="0.012" /><testcase classname="tests.test_playbook_scenarios_phase8" name="test_malware_playbook_attempts_quarantine" time="0.007" /><testcase classname="tests.test_playbook_scenarios_phase8" name="test_privilege_escalation_playbook_steps" time="0.007" /><testcase classname="tests.test_playbook_scenarios_phase8" name="test_rootkit_playbook_remediation_path" time="0.006" /><testcase classname="tests.test_playbook_scenarios_phase8" name="test_intrusion_playbook_blocks_and_preserves_scene" time="0.012" /><testcase classname="tests.test_playbook_scenarios_phase8" name="test_malware_playbook_quarantines_artifacts" time="0.006" /><testcase classname="tests.test_playbook_scenarios_phase8" name="test_privilege_escalation_playbook_revokes_sessions" time="0.006" /><testcase classname="tests.test_psychoanalytic_analyst" name="test_analyst_initialization" time="0.050" /><testcase classname="tests.test_psychoanalytic_analyst" name="test_analyze_session_freudian" time="0.067" /><testcase classname="tests.test_psychoanalytic_analyst" name="test_generate_abnt_report" time="0.067" /><testcase classname="tests.test_psychoanalytic_analyst" name="test_parse_analysis_handles_errors" time="0.057" /><testcase classname="tests.test_psychoanalytic_decision" name="test_agents_initialization" time="0.001" /><testcase classname="tests.test_psychoanalytic_decision" name="test_voting_mechanism" time="0.001" /><testcase classname="tests.test_psychoanalytic_decision" name="test_weight_update" time="0.001" /><testcase classname="tests.test_qdrant_adapter" name="test_qdrant_config_from_text_extracts_url_and_api_key" time="0.005" /><testcase classname="tests.test_qdrant_adapter" name="test_qdrant_upsert_vectors_requires_matching_lengths" time="0.003" /><testcase classname="tests.test_qdrant_adapter" name="test_qdrant_search_calls_client_with_query_vector" time="0.004" /><testcase classname="tests.test_qdrant_adapter" name="test_qdrant_list_collections_returns_names" time="0.003" /><testcase classname="tests.test_quantum_algorithms_comprehensive.TestQuantumGate" name="test_quantum_gate_values" time="0.001" /><testcase classname="tests.test_quantum_algorithms_comprehensive.TestQuantumState" name="test_initialization_default" time="0.001" /><testcase classname="tests.test_quantum_algorithms_comprehensive.TestQuantumState" name="test_initialization_custom_amplitudes" time="0.001" /><testcase classname="tests.test_quantum_algorithms_comprehensive.TestQuantumState" name="test_normalize" time="0.001" /><testcase classname="tests.test_quantum_algorithms_comprehensive.TestQuantumState" name="test_get_probabilities" time="0.002" /><testcase classname="tests.test_quantum_algorithms_comprehensive.TestQuantumState" name="test_measure" time="0.001" /><testcase classname="tests.test_quantum_algorithms_comprehensive.TestQuantumState" name="test_measure_superposition" time="0.002" /><testcase classname="tests.test_quantum_algorithms_comprehensive.TestQuantumCircuit" name="test_initialization" time="0.001" /><testcase classname="tests.test_quantum_algorithms_comprehensive.TestQuantumCircuit" name="test_apply_hadamard_gate" time="0.002" /><testcase classname="tests.test_quantum_algorithms_comprehensive.TestQuantumCircuit" name="test_apply_pauli_x_gate" time="0.002" /><testcase classname="tests.test_quantum_algorithms_comprehensive.TestQuantumCircuit" name="test_apply_cnot_gate" time="0.001" /><testcase classname="tests.test_quantum_algorithms_comprehensive.TestQuantumCircuit" name="test_measure" time="0.001" /><testcase classname="tests.test_quantum_algorithms_comprehensive.TestQuantumCircuit" name="test_get_state_vector" time="0.001" /><testcase classname="tests.test_quantum_algorithms_comprehensive.TestGroverSearch" name="test_initialization" time="0.002" /><testcase classname="tests.test_quantum_algorithms_comprehensive.TestGroverSearch" name="test_search_simple" time="0.002" /><testcase classname="tests.test_quantum_algorithms_comprehensive.TestGroverSearch" name="test_search_power_of_two" time="0.001" /><testcase classname="tests.test_quantum_algorithms_comprehensive.TestQuantumAlgorithmsIntegration" name="test_bell_state_creation" time="0.001" /><testcase classname="tests.test_quantum_algorithms_comprehensive.TestQuantumAlgorithmsIntegration" name="test_multiple_hadamard_gates" time="0.001" /><testcase classname="tests.test_quantum_algorithms_comprehensive.TestQuantumAlgorithmsIntegration" name="test_x_gate_reversibility" time="0.002" /><testcase classname="tests.test_quantum_optimizer_comprehensive.TestQuantumOptimizer" name="test_initialization" time="0.001" /><testcase classname="tests.test_quantum_optimizer_comprehensive.TestQuantumOptimizer" name="test_default_population_size" time="0.001" /><testcase classname="tests.test_quantum_optimizer_comprehensive.TestQuantumOptimizer" name="test_optimize_not_implemented" time="0.001" /><testcase classname="tests.test_quantum_optimizer_comprehensive.TestQAOAOptimizer" name="test_initialization" time="0.001" /><testcase classname="tests.test_quantum_optimizer_comprehensive.TestQAOAOptimizer" name="test_default_num_layers" time="0.002" /><testcase classname="tests.test_quantum_optimizer_comprehensive.TestQAOAOptimizer" name="test_optimize_simple_quadratic" time="0.003" /><testcase classname="tests.test_quantum_optimizer_comprehensive.TestQAOAOptimizer" name="test_optimize_sphere_function" time="0.005" /><testcase classname="tests.test_quantum_optimizer_comprehensive.TestQAOAOptimizer" name="test_optimize_rosenbrock" time="0.011" /><testcase classname="tests.test_quantum_optimizer_comprehensive.TestQAOAOptimizer" name="test_optimize_with_different_bounds" time="0.002" /><testcase classname="tests.test_quantum_optimizer_comprehensive.TestQAOAOptimizer" name="test_single_dimension_optimization" time="0.004" /><testcase classname="tests.test_quantum_optimizer_comprehensive.TestQAOAOptimizer" name="test_high_dimension_optimization" time="0.011" /><testcase classname="tests.test_quantum_optimizer_comprehensive.TestQAOAOptimizer" name="test_converges_towards_optimum" time="0.006" /><testcase classname="tests.test_quantum_optimizer_comprehensive.TestQuantumOptimizerIntegration" name="test_multiple_optimizations" time="0.003" /><testcase classname="tests.test_quantum_optimizer_comprehensive.TestQuantumOptimizerIntegration" name="test_constrained_optimization" time="0.002" /><testcase classname="tests.test_quantum_weighted" name="test_quantum_decision_uniform" time="0.004" /><testcase classname="tests.test_quantum_weighted" name="test_quantum_decision_biased" time="0.005" /><testcase classname="tests.test_quantum_weighted" name="test_fallback_without_qiskit" time="0.001" /><testcase classname="tests.test_scaling_enhancements.TestGPUResourcePool" name="test_gpu_device_creation" time="0.002" /><testcase classname="tests.test_scaling_enhancements.TestGPUResourcePool" name="test_gpu_pool_config" time="0.001" /><testcase classname="tests.test_scaling_enhancements.TestGPUResourcePool" name="test_pool_initialization" time="0.001" /><testcase classname="tests.test_scaling_enhancements.TestGPUResourcePool" name="test_add_gpu" time="0.001" /><testcase classname="tests.test_scaling_enhancements.TestGPUResourcePool" name="test_allocate_gpu" time="0.002" /><testcase classname="tests.test_scaling_enhancements.TestGPUResourcePool" name="test_release_gpu" time="0.003" /><testcase classname="tests.test_scaling_enhancements.TestGPUResourcePool" name="test_gpu_load_balancing" time="0.002" /><testcase classname="tests.test_scaling_enhancements.TestGPUResourcePool" name="test_gpu_task_queueing" time="0.002" /><testcase classname="tests.test_scaling_enhancements.TestGPUResourcePool" name="test_update_gpu_stats" time="0.001" /><testcase classname="tests.test_scaling_enhancements.TestDatabaseConnectionPool" name="test_pool_config_creation" time="0.001" /><testcase classname="tests.test_scaling_enhancements.TestDatabaseConnectionPool" name="test_pool_initialization" time="0.003" /><testcase classname="tests.test_scaling_enhancements.TestDatabaseConnectionPool" name="test_get_connection" time="0.002" /><testcase classname="tests.test_scaling_enhancements.TestDatabaseConnectionPool" name="test_connection_reuse" time="0.002" /><testcase classname="tests.test_scaling_enhancements.TestDatabaseConnectionPool" name="test_connection_overflow" time="0.002" /><testcase classname="tests.test_scaling_enhancements.TestDatabaseConnectionPool" name="test_connection_stats" time="0.002" /><testcase classname="tests.test_scaling_enhancements.TestDatabaseConnectionPool" name="test_close_all_connections" time="0.004" /><testcase classname="tests.test_scaling_enhancements.TestMultiLevelCache" name="test_cache_config_creation" time="0.001" /><testcase classname="tests.test_scaling_enhancements.TestMultiLevelCache" name="test_cache_layer_creation" time="0.001" /><testcase classname="tests.test_scaling_enhancements.TestMultiLevelCache" name="test_cache_set_get" time="0.002" /><testcase classname="tests.test_scaling_enhancements.TestMultiLevelCache" name="test_cache_miss" time="0.001" /><testcase classname="tests.test_scaling_enhancements.TestMultiLevelCache" name="test_cache_ttl_expiration" time="1.103" /><testcase classname="tests.test_scaling_enhancements.TestMultiLevelCache" name="test_cache_eviction_lru" time="0.003" /><testcase classname="tests.test_scaling_enhancements.TestMultiLevelCache" name="test_cache_stats" time="0.003" /><testcase classname="tests.test_scaling_enhancements.TestMultiLevelCache" name="test_multi_level_cache_creation" time="0.004" /><testcase classname="tests.test_scaling_enhancements.TestMultiLevelCache" name="test_multi_level_cache_set_get" time="0.002" /><testcase classname="tests.test_scaling_enhancements.TestMultiLevelCache" name="test_cache_promotion" time="0.003" /><testcase classname="tests.test_scaling_enhancements.TestMultiLevelCache" name="test_cache_delete_all_levels" time="0.002" /><testcase classname="tests.test_scaling_enhancements.TestMultiLevelCache" name="test_cache_decorator" time="0.002" /><testcase classname="tests.test_scaling_enhancements.TestMultiLevelCache" name="test_cache_clear" time="0.002" /><testcase classname="tests.test_scaling_enhancements.TestMultiLevelCache" name="test_cache_stats_multi_level" time="0.002" /><testcase classname="tests.test_security_agent_integration" name="test_security_agent_handles_event_and_reports" time="0.041" /><testcase classname="tests.test_security_agent_integration" name="test_orchestrator_integrates_security_agent_monitoring" time="0.488" /><testcase classname="tests.test_security_forensics.TestNetworkSensors" name="test_network_sensors_initialization" time="0.024" /><testcase classname="tests.test_security_forensics.TestNetworkSensors" name="test_network_host_creation" time="0.002" /><testcase classname="tests.test_security_forensics.TestNetworkSensors" name="test_network_anomaly_creation" time="0.002" /><testcase classname="tests.test_security_forensics.TestNetworkSensors" name="test_scan_localhost" time="0.022" /><testcase classname="tests.test_security_forensics.TestNetworkSensors" name="test_establish_baseline" time="12.238" /><testcase classname="tests.test_security_forensics.TestNetworkSensors" name="test_network_health_calculation" time="0.010" /><testcase classname="tests.test_security_forensics.TestNetworkSensors" name="test_anomaly_detection_new_host" time="0.012" /><testcase classname="tests.test_security_forensics.TestNetworkSensors" name="test_anomaly_detection_suspicious_ports" time="0.013" /><testcase classname="tests.test_security_forensics.TestWebScanner" name="test_web_scanner_initialization" time="0.129" /><testcase classname="tests.test_security_forensics.TestWebScanner" name="test_web_vulnerability_creation" time="0.001" /><testcase classname="tests.test_security_forensics.TestWebScanner" name="test_url_validation" time="0.130" /><testcase classname="tests.test_security_forensics.TestWebScanner" name="test_scan_url_invalid" time="0.131" /><testcase classname="tests.test_security_forensics.TestWebScanner" name="test_check_security_headers_localhost" time="0.136" /><testcase classname="tests.test_security_forensics.TestWebScanner" name="test_vulnerability_to_dict" time="0.131" /><testcase classname="tests.test_security_forensics.TestWebScanner" name="test_generate_summary" time="0.126" /><testcase classname="tests.test_security_forensics.TestSecurityOrchestrator" name="test_orchestrator_initialization" time="0.138" /><testcase classname="tests.test_security_forensics.TestSecurityOrchestrator" name="test_calculate_risk_score_low" time="0.139" /><testcase classname="tests.test_security_forensics.TestSecurityOrchestrator" name="test_calculate_risk_score_high" time="0.135" /><testcase classname="tests.test_security_forensics.TestSecurityOrchestrator" name="test_determine_status" time="0.136" /><testcase classname="tests.test_security_forensics.TestSecurityOrchestrator" name="test_generate_recommendations" time="0.136" /><testcase classname="tests.test_security_forensics.TestSecurityOrchestrator" name="test_run_full_security_audit" time="24.496" /><testcase classname="tests.test_security_forensics.TestIntegration" name="test_full_security_workflow" time="24.599" /><testcase classname="tests.test_security_forensics.TestIntegration" name="test_network_and_web_integration" time="0.153" /><testcase classname="tests.test_security_monitor_comprehensive.TestSecurityMonitorInitialization" name="test_initialization_default" time="0.004" /><testcase classname="tests.test_security_monitor_comprehensive.TestSecurityMonitorInitialization" name="test_initialization_custom_interval" time="0.006" /><testcase classname="tests.test_security_monitor_comprehensive.TestSecurityMonitorInitialization" name="test_log_directory_creation" time="0.004" /><testcase classname="tests.test_security_monitor_comprehensive.TestSecurityMonitorInitialization" name="test_known_safe_processes" time="0.006" /><testcase classname="tests.test_security_monitor_comprehensive.TestSecurityMonitorInitialization" name="test_suspicious_ports_configured" time="0.005" /><testcase classname="tests.test_security_monitor_comprehensive.TestSecurityMonitorInitialization" name="test_suspicious_processes_configured" time="0.004" /><testcase classname="tests.test_security_monitor_comprehensive.TestSecurityMonitorInitialization" name="test_thresholds_configured" time="0.006" /><testcase classname="tests.test_security_monitor_comprehensive.TestSecurityEvent" name="test_security_event_creation" time="0.001" /><testcase classname="tests.test_security_monitor_comprehensive.TestSecurityEvent" name="test_security_event_optional_fields" time="0.001" /><testcase classname="tests.test_security_monitor_comprehensive.TestProcessSnapshot" name="test_process_snapshot_creation" time="0.001" /><testcase classname="tests.test_security_monitor_comprehensive.TestSecurityMonitorMethods" name="test_event_history_initialization" time="0.006" /><testcase classname="tests.test_security_monitor_comprehensive.TestSecurityMonitorMethods" name="test_monitoring_state_initial" time="0.005" /><testcase classname="tests.test_security_monitor_comprehensive.TestSecurityMonitorMethods" name="test_start_monitoring_state_check" time="0.004" /><testcase classname="tests.test_security_monitor_comprehensive.TestAnomalyType" name="test_anomaly_types_exist" time="0.002" /><testcase classname="tests.test_security_monitor_comprehensive.TestThreatLevel" name="test_threat_levels_exist" time="0.001" /><testcase classname="tests.test_security_monitoring" name="test_security_analytics" time="0.033" /><testcase classname="tests.test_security_monitoring" name="test_security_dashboard" time="0.033" /><testcase classname="tests.test_security_monitoring" name="test_event_correlation" time="0.034" /><testcase classname="tests.test_security_monitoring" name="test_get_correlated_events" time="0.046" /><testcase classname="tests.test_security_monitoring" name="test_automated_responses" time="0.039" /><testcase classname="tests.test_security_monitoring" name="test_threat_level_critical" time="0.035" /><testcase classname="tests.test_security_monitoring" name="test_event_resolution_tracking" time="0.037" /><testcase classname="tests.test_security_monitoring" name="test_security_metrics_tracking" time="0.034" /><testcase classname="tests.test_security_monitoring" name="test_event_rate_calculation" time="0.541" /><testcase classname="tests.test_security_monitoring" name="test_top_sources_tracking" time="0.041" /><testcase classname="tests.test_security_monitoring" name="test_related_events_linking" time="0.034" /><testcase classname="tests.test_security_monitoring" name="test_average_response_time" time="0.339" /><testcase classname="tests.test_security_phase7" name="test_init_loads_config" time="0.106" /><testcase classname="tests.test_security_phase7" name="test_tools_availability" time="0.100" /><testcase classname="tests.test_security_phase7" name="test_detect_suspicious_process" time="0.100" /><testcase classname="tests.test_security_phase7" name="test_detect_normal_process" time="0.099" /><testcase classname="tests.test_security_phase7" name="test_detect_suspicious_log" time="0.103" /><testcase classname="tests.test_security_phase7" name="test_detect_normal_log" time="0.103" /><testcase classname="tests.test_security_phase7" name="test_event_recorded" time="0.102" /><testcase classname="tests.test_security_phase7" name="test_generate_report_includes_summary" time="0.101" /><testcase classname="tests.test_security_phase7" name="test_audit_action_creates_log" time="0.107" /><testcase classname="tests.test_self_healing" name="test_self_healing_metrics_and_remediation" time="0.005" /><testcase classname="tests.test_self_healing" name="test_self_healing_monitor_failure_alerts" time="0.006" /><testcase classname="tests.test_self_healing" name="test_self_healing_remediation_failure" time="0.006" /><testcase classname="tests.test_self_healing" name="test_issue_to_dict" time="0.005" /><testcase classname="tests.test_self_healing" name="test_remediation_action_to_dict" time="0.006" /><testcase classname="tests.test_self_healing" name="test_get_issue_summary" time="0.005" /><testcase classname="tests.test_self_healing" name="test_self_healing_integration_initialization" time="0.006" /><testcase classname="tests.test_self_healing" name="test_self_healing_integration_status" time="0.006" /><testcase classname="tests.test_self_healing" name="test_multiple_monitors_and_remediations" time="0.006" /><testcase classname="tests.test_soc2_compliance" name="test_compliance_manager_initialization" time="0.004" /><testcase classname="tests.test_soc2_compliance" name="test_default_controls_loaded" time="0.003" /><testcase classname="tests.test_soc2_compliance" name="test_add_vulnerability" time="0.005" /><testcase classname="tests.test_soc2_compliance" name="test_add_pentest_result" time="0.005" /><testcase classname="tests.test_soc2_compliance" name="test_update_control_status" time="0.008" /><testcase classname="tests.test_soc2_compliance" name="test_generate_compliance_report" time="0.009" /><testcase classname="tests.test_soc2_compliance" name="test_compliance_score_calculation" time="0.011" /><testcase classname="tests.test_soc2_compliance" name="test_run_automated_security_scan" time="0.004" /><testcase classname="tests.test_soc2_compliance" name="test_vulnerability_finding_to_dict" time="0.002" /><testcase classname="tests.test_soc2_compliance" name="test_pentest_result_risk_summary" time="0.001" /><testcase classname="tests.test_soc2_compliance" name="test_controls_summary" time="0.004" /><testcase classname="tests.test_soc2_compliance" name="test_vulnerabilities_summary" time="0.005" /><testcase classname="tests.test_ssl_manager" name="test_ssl_manager_initialization" time="0.003" /><testcase classname="tests.test_ssl_manager" name="test_generate_self_signed_cert" time="0.106" /><testcase classname="tests.test_ssl_manager" name="test_validate_certificate" time="0.894" /><testcase classname="tests.test_ssl_manager" name="test_get_certificate_info" time="0.502" /><testcase classname="tests.test_ssl_manager" name="test_get_hsts_header" time="0.005" /><testcase classname="tests.test_ssl_manager" name="test_get_security_headers" time="0.003" /><testcase classname="tests.test_ssl_manager" name="test_get_uvicorn_ssl_config" time="1.336" /><testcase classname="tests.test_ssl_manager" name="test_export_certificate_status" time="0.400" /><testcase classname="tests.test_ssl_manager" name="test_create_production_ssl_config" time="0.003" /><testcase classname="tests.test_ssl_manager" name="test_ssl_config_to_dict" time="0.001" /><testcase classname="tests.test_supabase_adapter" name="test_supabase_config_from_text_parses_entries" time="0.001" /><testcase classname="tests.test_supabase_adapter" name="test_supabase_adapter_query_builds_filters" time="0.007" /><testcase classname="tests.test_supabase_adapter" name="test_supabase_adapter_requires_service_key_for_lists" time="0.002" /><testcase classname="tests.test_swarm_migration" name="test_distributed_solver_initialization" time="0.001" /><testcase classname="tests.test_swarm_migration" name="test_distributed_problem_decomposition" time="0.001" /><testcase classname="tests.test_swarm_migration" name="test_collective_learner_initialization" time="0.001" /><testcase classname="tests.test_swarm_migration" name="test_shared_experience" time="0.002" /><testcase classname="tests.test_task_tracking" name="test_create_task_with_analytics" time="0.050" /><testcase classname="tests.test_task_tracking" name="test_update_task_progress_tracking" time="0.047" /><testcase classname="tests.test_task_tracking" name="test_task_checkpoint" time="0.056" /><testcase classname="tests.test_task_tracking" name="test_record_task_operation" time="0.052" /><testcase classname="tests.test_task_tracking" name="test_get_task_analytics" time="0.077" /><testcase classname="tests.test_task_tracking" name="test_get_task_history_enhanced" time="0.060" /><testcase classname="tests.test_task_tracking" name="test_tasks_analytics_summary" time="0.064" /><testcase classname="tests.test_task_tracking" name="test_task_completion_tracking" time="0.050" /><testcase classname="tests.test_task_tracking" name="test_multiple_checkpoints" time="0.063" /><testcase classname="tests.test_task_tracking" name="test_task_error_tracking" time="0.056" /><testcase classname="tests.test_tools_integration" name="test_tools_framework_records_commands" time="0.011" /><testcase classname="tests.test_tools_integration" name="test_execute_command_blocks_forbidden" time="0.009" /><testcase classname="tests.test_trap_framework.TestTRAPScore" name="test_trap_score_initialization" time="0.001" /><testcase classname="tests.test_trap_framework.TestTRAPScore" name="test_overall_wisdom_calculation" time="0.001" /><testcase classname="tests.test_trap_framework.TestTRAPScore" name="test_trap_score_bounds" time="0.001" /><testcase classname="tests.test_trap_framework.TestTRAPComponent" name="test_component_enum_values" time="0.001" /><testcase classname="tests.test_trap_framework.TestTRAPComponent" name="test_component_count" time="0.001" /><testcase classname="tests.test_trap_framework.TestTRAPFramework" name="test_initialization" time="0.002" /><testcase classname="tests.test_trap_framework.TestTRAPFramework" name="test_evaluate_decision" time="0.001" /><testcase classname="tests.test_trap_framework.TestTRAPFramework" name="test_get_wisdom_score" time="0.001" /><testcase classname="tests.test_trap_framework.TestTRAPFramework" name="test_explain_decision" time="0.001" /><testcase classname="tests.test_trap_framework.TestTRAPFramework" name="test_metacognitive_level_getter" time="0.001" /><testcase classname="tests.test_trap_framework.TestTRAPFramework" name="test_advance_metacognitive_level" time="0.001" /><testcase classname="tests.test_trap_framework.TestTRAPFramework" name="test_transparency_scoring" time="0.002" /><testcase classname="tests.test_trap_framework.TestTRAPFramework" name="test_reasoning_scoring" time="0.001" /><testcase classname="tests.test_trap_framework.TestTRAPFramework" name="test_adaptation_scoring" time="0.001" /><testcase classname="tests.test_trap_framework.TestTRAPFramework" name="test_perception_scoring" time="0.001" /><testcase classname="tests.test_trap_framework.TestTRAPFramework" name="test_multiple_decisions_aggregation" time="0.001" /><testcase classname="tests.test_trap_framework.TestTRAPFramework" name="test_trap_levels_0_through_4" time="0.001" /><testcase classname="tests.test_trap_framework.TestTRAPIntegration" name="test_trap_with_neurosymbolic_inference" time="0.008" /><testcase classname="tests.test_trap_framework.TestTRAPIntegration" name="test_trap_explain_reasoning_chain" time="0.007" /><testcase classname="tests.tools.test_code_generator.TestCodeGenerator" name="test_initialization" time="0.002" /><testcase classname="tests.tools.test_code_generator.TestCodeGenerator" name="test_generate_agent" time="0.004" /><testcase classname="tests.tools.test_code_generator.TestCodeGenerator" name="test_generate_test" time="0.003" /><testcase classname="tests.tools.test_code_generator.TestCodeGenerator" name="test_generate_api_endpoint" time="0.004" /><testcase classname="tests.tools.test_code_generator.TestCodeGenerator" name="test_template_required_params" time="0.004" /><testcase classname="tests.tools.test_code_generator.TestCodeGenerator" name="test_invalid_template" time="0.004" /><testcase classname="tests.tools.test_code_generator.TestCodeGenerator" name="test_generate_docstring" time="0.002" /><testcase classname="tests.tools.test_code_generator" name="test_generate_agent_function" time="0.003" /><testcase classname="tests.tools.test_code_generator" name="test_generate_test_for_class_function" time="0.003" /><testcase classname="tests.tools.test_dependency_manager.TestPackageInfo" name="test_package_info_creation" time="0.001" /><testcase classname="tests.tools.test_dependency_manager.TestDependencyLockfile" name="test_lockfile_to_dict" time="0.002" /><testcase classname="tests.tools.test_dependency_manager.TestDependencyLockfile" name="test_lockfile_from_dict" time="0.001" /><testcase classname="tests.tools.test_dependency_manager.TestDependencyManager" name="test_dependency_manager_initialization" time="0.004" /><testcase classname="tests.tools.test_omnimind_tools.TestReadFileTool" name="test_tool_initialization" time="0.017" /><testcase classname="tests.tools.test_omnimind_tools.TestReadFileTool" name="test_read_existing_file" time="0.021" /><testcase classname="tests.tools.test_omnimind_tools.TestReadFileTool" name="test_read_nonexistent_file" time="0.017" /><testcase classname="tests.tools.test_omnimind_tools.TestReadFileTool" name="test_read_file_with_encoding" time="0.020" /><testcase classname="tests.tools.test_omnimind_tools.TestReadFileTool" name="test_read_file_exception_handling" time="0.018" /><testcase classname="tests.tools.test_omnimind_tools.TestSearchFilesTool" name="test_tool_initialization" time="0.017" /><testcase classname="tests.tools.test_omnimind_tools.TestSearchFilesTool" name="test_search_files_success" time="0.018" /><testcase classname="tests.tools.test_omnimind_tools.TestSearchFilesTool" name="test_search_files_with_max_results" time="0.018" /><testcase classname="tests.tools.test_omnimind_tools.TestSearchFilesTool" name="test_search_files_timeout" time="0.021" /><testcase classname="tests.tools.test_omnimind_tools.TestListFilesTool" name="test_list_existing_directory" time="0.020" /><testcase classname="tests.tools.test_omnimind_tools.TestListFilesTool" name="test_list_nonexistent_directory" time="0.018" /><testcase classname="tests.tools.test_omnimind_tools.TestWriteFileTool" name="test_write_new_file" time="0.025" /><testcase classname="tests.tools.test_omnimind_tools.TestWriteFileTool" name="test_write_file_permission_error" time="0.017" /><testcase classname="tests.tools.test_omnimind_tools.TestWriteFileTool" name="test_write_creates_directories" time="0.021" /><testcase classname="tests.tools.test_omnimind_tools.TestExecuteCommandTool" name="test_execute_simple_command" time="0.019" /><testcase classname="tests.tools.test_omnimind_tools.TestExecuteCommandTool" name="test_execute_command_with_error" time="0.017" /><testcase classname="tests.tools.test_omnimind_tools.TestExecuteCommandTool" name="test_execute_command_timeout" time="0.018" /><testcase classname="tests.tools.test_omnimind_tools.TestPlanTaskTool" name="test_plan_task_creation" time="0.017" /><testcase classname="tests.tools.test_omnimind_tools.TestPlanTaskTool" name="test_plan_task_with_empty_context" time="0.017" /><testcase classname="tests.tools.test_omnimind_tools.TestNewTaskTool" name="test_create_new_task" time="0.018" /><testcase classname="tests.tools.test_omnimind_tools.TestEpisodicMemoryTool" name="test_store_memory" time="0.019" /><testcase classname="tests.tools.test_omnimind_tools.TestEpisodicMemoryTool" name="test_retrieve_memory" time="0.018" /><testcase classname="tests.tools.test_omnimind_tools.TestEpisodicMemoryTool" name="test_invalid_action" time="0.018" /><testcase classname="tests.tools.test_omnimind_tools.TestAuditSecurityTool" name="test_audit_operation" time="0.017" /><testcase classname="tests.tools.test_omnimind_tools.TestAuditSecurityTool" name="test_audit_security_event" time="0.063" /><testcase classname="tests.tools.test_omnimind_tools.TestToolAuditing" name="test_read_tool_audits_success" time="0.019" /><testcase classname="tests.tools.test_omnimind_tools.TestToolAuditing" name="test_write_tool_audits_failure" time="0.018" /><testcase classname="tests.tools.test_omnimind_tools.TestToolErrorHandling" name="test_read_tool_handles_unicode_error" time="0.019" /><testcase classname="tests.tools.test_omnimind_tools.TestToolErrorHandling" name="test_execute_command_handles_shell_injection" time="0.019" /><testcase classname="tests.workflows.test_automated_code_review.TestCodeIssue" name="test_code_issue_creation" time="0.002" /><testcase classname="tests.workflows.test_automated_code_review.TestReviewResult" name="test_review_result_creation" time="0.001" /><testcase classname="tests.workflows.test_automated_code_review.TestReviewResult" name="test_add_issue" time="0.002" /><testcase classname="tests.workflows.test_automated_code_review.TestAutomatedCodeReviewer" name="test_reviewer_initialization" time="0.001" /><testcase classname="tests.workflows.test_automated_code_review.TestAutomatedCodeReviewer" name="test_review_good_code" time="0.029" /></testsuite></testsuites>